evaluation parameter: Namespace(p=None, ash_p=None, threshold=None, epoch='100', scale_threshold=10.0, ood_scale_type='entropy', ood_eval_type='adaptive', ood_eval_method='baseline/msp', embedding_dim=512, in_dataset='ImageNet-1K', ood_loc='datasets/ood-imagenet/', out_dataset='iSUN-dummy', id_loc='datasets/in-imagenet/val', batch_size=64, checkpoint='model', normalize=False, num_classes=1000, model='densenet_imagenet121', noise=0.0015, temp=1.0, score='msp', device=device(type='mps'), ckpt='/Users/abidhassan/Desktop/adapt/experiments/checkpoints/densenet_imagenet121/ImageNet-1K/model.pt', info='/Users/abidhassan/Desktop/adapt/experiments/checkpoints/densenet_imagenet121/ImageNet-1K/model_feature_stats.npy')
setting up model: densenet_imagenet121
Number of model parameters: 7978856
loading existing model:/Users/abidhassan/Desktop/adapt/experiments/checkpoints/densenet_imagenet121/ImageNet-1K/model.pt
---------- Processing ID Starts ------------
sample id msp scores for ImageNet-1K: [0.24643217 0.25402284 0.24045014 0.29015282 0.28465864]
---------- Processing ID Finished ----------
---------- Processing OOD Starts ------------
processing out_dataset: SUN
sample ood msp scores for SUN: [0.21265857 0.24254714 0.03684555 0.04765302 0.07067696]
FPR95:			66.27
AUROC: 			82.44
AUPR:  			95.60
processing out_dataset: Places
sample ood msp scores for Places: [0.06177546 0.18613751 0.07921132 0.15448913 0.05638882]
FPR95:			68.57
AUROC: 			81.49
AUPR:  			95.30
processing out_dataset: imagenet_dtd
sample ood msp scores for imagenet_dtd: [0.14506473 0.01931774 0.02537293 0.18950456 0.12028877]
FPR95:			64.98
AUROC: 			81.92
AUPR:  			97.48
processing out_dataset: iNaturalist
sample ood msp scores for iNaturalist: [0.02460616 0.05284011 0.16432072 0.03543934 0.06588426]
FPR95:			47.81
AUROC: 			89.77
AUPR:  			97.69
AVG
FPR95:			61.91
AUROC: 			83.91
AUPR:  			96.52
---------- Processing OOD Finished ----------
