evaluation parameter: Namespace(p=None, ash_p=None, threshold=None, epoch='100', scale_threshold=5.0, ood_scale_type='entropy', ood_eval_type='adaptive', ood_eval_method='baseline/energy', embedding_dim=512, in_dataset='CIFAR-10', ood_loc='datasets/ood/', out_dataset='iSUN-dummy', id_loc='datasets/in/', batch_size=64, checkpoint='model', normalize=False, num_classes=10, model='densenet101', noise=0.0015, temp=1.0, score='energy', device=device(type='mps'), ckpt='/Users/abidhassan/Desktop/adapt/experiments/checkpoints/densenet101/CIFAR-10/model.pt', info='/Users/abidhassan/Desktop/adapt/experiments/checkpoints/densenet101/CIFAR-10/model_feature_stats.npy')
setting up model: densenet101
Number of model parameters: 769162
loading existing model:/Users/abidhassan/Desktop/adapt/experiments/checkpoints/densenet101/CIFAR-10/model.pt
---------- Processing ID Starts ------------
sample id energy scores for CIFAR-10: [3.59340906 4.20066023 3.2984736  1.97247946 4.56062841]
---------- Processing ID Finished ----------
---------- Processing OOD Starts ------------
processing out_dataset: SVHN
sample ood energy scores for SVHN: [0.89072013 1.03130531 2.54211617 1.14526486 2.02292156]
FPR95:			36.00
AUROC: 			93.90
AUPR:  			94.89
processing out_dataset: places365
sample ood energy scores for places365: [1.88515902 1.80897999 1.48945928 0.94211692 1.71804571]
FPR95:			35.84
AUROC: 			92.49
AUPR:  			92.31
processing out_dataset: iSUN
sample ood energy scores for iSUN: [1.60751355 1.01342165 0.80684859 1.11892927 0.93836653]
FPR95:			6.36
AUROC: 			98.37
AUPR:  			98.85
processing out_dataset: dtd
sample ood energy scores for dtd: [1.76105356 1.2781527  1.25194502 1.52590501 1.48725045]
FPR95:			42.18
AUROC: 			90.89
AUPR:  			93.89
processing out_dataset: LSUN
sample ood energy scores for LSUN: [0.84932649 0.81147951 0.75703353 1.63709998 1.37714577]
FPR95:			1.81
AUROC: 			99.50
AUPR:  			99.56
processing out_dataset: LSUN_resize
sample ood energy scores for LSUN_resize: [1.65991497 1.15971529 1.34269524 1.92970407 0.97039706]
FPR95:			6.30
AUROC: 			98.46
AUPR:  			98.81
AVG
FPR95:			21.42
AUROC: 			95.60
AUPR:  			96.38
---------- Processing OOD Finished ----------
