evaluation parameter: Namespace(p=None, ash_p=None, threshold=1.1, epoch='100', scale_threshold=0.8, ood_scale_type='max', ood_eval_type='adaptive', ood_eval_method='ReAct', embedding_dim=512, in_dataset='ImageNet-1K', ood_loc='datasets/ood-imagenet/', out_dataset='iSUN-dummy', id_loc='datasets/in-imagenet/val', batch_size=64, checkpoint='model', normalize=False, num_classes=1000, model='mobilenetv2_imagenet', noise=0.0015, temp=1.0, score='energy', device=device(type='mps'), ckpt='/Users/abidhassan/Desktop/adapt/experiments/checkpoints/mobilenetv2_imagenet/ImageNet-1K/model.pt', info='/Users/abidhassan/Desktop/adapt/experiments/checkpoints/mobilenetv2_imagenet/ImageNet-1K/model_feature_stats.npy')
setting up model: mobilenetv2_imagenet
Number of model parameters: 3504872
loading existing model:/Users/abidhassan/Desktop/adapt/experiments/checkpoints/mobilenetv2_imagenet/ImageNet-1K/model.pt
---------- Processing ID Starts ------------
sample id energy scores for ImageNet-1K: [ 7.0976696   8.43187332  6.82258034 11.97535706 10.80634499]
---------- Processing ID Finished ----------
---------- Processing OOD Starts ------------
processing out_dataset: SUN
sample ood energy scores for SUN: [6.26172352 6.25958633 6.10970545 5.36950111 6.42899942]
FPR95:			37.07
AUROC: 			91.33
AUPR:  			97.87
processing out_dataset: Places
sample ood energy scores for Places: [6.45007086 7.78774643 6.09535217 7.27376938 6.08018398]
FPR95:			50.78
AUROC: 			87.29
AUPR:  			96.80
processing out_dataset: imagenet_dtd
sample ood energy scores for imagenet_dtd: [4.24116421 3.96865225 3.86325526 4.23010349 4.43498659]
FPR95:			10.04
AUROC: 			97.35
AUPR:  			99.63
processing out_dataset: iNaturalist
sample ood energy scores for iNaturalist: [4.88258934 6.49954224 6.41628647 6.56524706 5.1685791 ]
FPR95:			26.80
AUROC: 			95.18
AUPR:  			98.97
AVG
FPR95:			31.17
AUROC: 			92.78
AUPR:  			98.32
---------- Processing OOD Finished ----------
