evaluation parameter: Namespace(p=None, ash_p=None, threshold=None, epoch='100', scale_threshold=1.2, ood_scale_type='avg', ood_eval_type='adaptive', ood_eval_method='baseline/msp', embedding_dim=512, in_dataset='CIFAR-10', ood_loc='datasets/ood/', out_dataset='iSUN-dummy', id_loc='datasets/in/', batch_size=64, checkpoint='model', normalize=False, num_classes=10, model='densenet101', noise=0.0015, temp=1.0, score='msp', device=device(type='mps'), ckpt='/Users/abidhassan/Desktop/adapt/experiments/checkpoints/densenet101/CIFAR-10/model.pt', info='/Users/abidhassan/Desktop/adapt/experiments/checkpoints/densenet101/CIFAR-10/model_feature_stats.npy')
setting up model: densenet101
Number of model parameters: 769162
loading existing model:/Users/abidhassan/Desktop/adapt/experiments/checkpoints/densenet101/CIFAR-10/model.pt
---------- Processing ID Starts ------------
sample id msp scores for CIFAR-10: [0.14006981 0.11808539 0.13017519 0.11534929 0.11918037]
---------- Processing ID Finished ----------
---------- Processing OOD Starts ------------
processing out_dataset: SVHN
sample ood msp scores for SVHN: [0.06431129 0.0706578  0.05887935 0.02736174 0.06119355]
FPR95:			16.11
AUROC: 			96.01
AUPR:  			95.64
processing out_dataset: places365
sample ood msp scores for places365: [0.09561502 0.11315046 0.059903   0.03656612 0.06168967]
FPR95:			62.28
AUROC: 			77.76
AUPR:  			74.18
processing out_dataset: iSUN
sample ood msp scores for iSUN: [0.06471256 0.07631669 0.06597389 0.0410275  0.03726771]
FPR95:			28.34
AUROC: 			93.94
AUPR:  			94.57
processing out_dataset: dtd
sample ood msp scores for dtd: [0.03754578 0.03431077 0.06241715 0.05364825 0.08322023]
FPR95:			40.30
AUROC: 			87.64
AUPR:  			90.22
processing out_dataset: LSUN
sample ood msp scores for LSUN: [0.03527391 0.07377476 0.04722646 0.06532837 0.06160948]
FPR95:			9.82
AUROC: 			98.04
AUPR:  			98.27
processing out_dataset: LSUN_resize
sample ood msp scores for LSUN_resize: [0.09687418 0.06304167 0.07821493 0.05892131 0.06641567]
FPR95:			29.77
AUROC: 			93.79
AUPR:  			93.81
AVG
FPR95:			31.10
AUROC: 			91.20
AUPR:  			91.12
---------- Processing OOD Finished ----------
