evaluation parameter: Namespace(p=None, ash_p=95, threshold=None, epoch='100', scale_threshold=5.0, ood_scale_type='entropy', ood_eval_type='adaptive', ood_eval_method='ASH', embedding_dim=512, in_dataset='CIFAR-10', ood_loc='datasets/ood/', out_dataset='iSUN-dummy', id_loc='datasets/in/', batch_size=64, checkpoint='model', normalize=False, num_classes=10, model='densenet101', noise=0.0015, temp=1.0, score='energy', device=device(type='mps'), ckpt='/Users/abidhassan/Desktop/adapt/experiments/checkpoints/densenet101/CIFAR-10/model.pt', info='/Users/abidhassan/Desktop/adapt/experiments/checkpoints/densenet101/CIFAR-10/model_feature_stats.npy')
setting up model: densenet101
Number of model parameters: 769162
loading existing model:/Users/abidhassan/Desktop/adapt/experiments/checkpoints/densenet101/CIFAR-10/model.pt
---------- Processing ID Starts ------------
sample id energy scores for CIFAR-10: [23.15056801 22.60486794 20.29395485 11.60672569 24.20135689]
---------- Processing ID Finished ----------
---------- Processing OOD Starts ------------
processing out_dataset: SVHN
sample ood energy scores for SVHN: [2.73966384 3.53708386 9.10155296 4.44265699 9.62600327]
FPR95:			4.85
AUROC: 			98.93
AUPR:  			99.03
processing out_dataset: places365
sample ood energy scores for places365: [11.06008244 10.18136883  5.98774433  8.53582573 12.3303175 ]
FPR95:			42.53
AUROC: 			90.54
AUPR:  			90.44
processing out_dataset: iSUN
sample ood energy scores for iSUN: [5.47656488 3.86301661 5.6933856  4.81943369 5.92930603]
FPR95:			2.86
AUROC: 			99.29
AUPR:  			99.43
processing out_dataset: dtd
sample ood energy scores for dtd: [5.67880154 4.63270187 4.12317705 4.92458534 5.18092108]
FPR95:			15.21
AUROC: 			97.15
AUPR:  			98.37
processing out_dataset: LSUN
sample ood energy scores for LSUN: [6.35460472 4.60599232 2.05627108 6.93957901 7.95242167]
FPR95:			0.44
AUROC: 			99.80
AUPR:  			99.82
processing out_dataset: LSUN_resize
sample ood energy scores for LSUN_resize: [ 6.60296774  9.96876335  6.75877714 10.88178825  4.43062782]
FPR95:			3.01
AUROC: 			99.27
AUPR:  			99.36
AVG
FPR95:			11.48
AUROC: 			97.50
AUPR:  			97.74
---------- Processing OOD Finished ----------
