evaluation parameter: Namespace(p=None, ash_p=None, threshold=None, epoch='100', scale_threshold=None, ood_scale_type='avg', ood_eval_type='standard', ood_eval_method='baseline/energy', embedding_dim=512, in_dataset='ImageNet-1K', ood_loc='datasets/ood-imagenet/', out_dataset='iSUN-dummy', id_loc='datasets/in-imagenet/val', batch_size=64, checkpoint='model', normalize=False, num_classes=1000, model='densenet_imagenet121', noise=0.0015, temp=1.0, score='energy', device=device(type='mps'), ckpt='/Users/abidhassan/Desktop/adapt/experiments/checkpoints/densenet_imagenet121/ImageNet-1K/model.pt', info='/Users/abidhassan/Desktop/adapt/experiments/checkpoints/densenet_imagenet121/ImageNet-1K/model_feature_stats.npy')
setting up model: densenet_imagenet121
Number of model parameters: 7978856
loading existing model:/Users/abidhassan/Desktop/adapt/experiments/checkpoints/densenet_imagenet121/ImageNet-1K/model.pt
---------- Processing ID Starts ------------
sample id energy scores for ImageNet-1K: [16.06824684 17.45275879 12.91110039 20.80560684 21.97714615]
---------- Processing ID Finished ----------
---------- Processing OOD Starts ------------
processing out_dataset: SUN
sample ood energy scores for SUN: [12.41347694 12.10802364  9.40399361  9.69729233 11.77660656]
FPR95:			52.51
AUROC: 			87.27
AUPR:  			96.68
processing out_dataset: Places
sample ood energy scores for Places: [10.14168739 13.30653191 10.55955887 11.27789021  8.77055073]
FPR95:			58.24
AUROC: 			85.05
AUPR:  			96.11
processing out_dataset: imagenet_dtd
sample ood energy scores for imagenet_dtd: [ 9.76164246  8.23391628  9.69143772 10.31930351 10.91396904]
FPR95:			52.22
AUROC: 			85.42
AUPR:  			97.41
processing out_dataset: iNaturalist
sample ood energy scores for iNaturalist: [ 8.63899803 10.14371109  9.91043758  9.0018177  11.25756454]
FPR95:			39.75
AUROC: 			92.66
AUPR:  			98.38
AVG
FPR95:			50.68
AUROC: 			87.60
AUPR:  			97.15
---------- Processing OOD Finished ----------
