evaluation parameter: Namespace(p=50, ash_p=None, threshold=None, epoch='100', scale_threshold=0.1, ood_scale_type='avg', ood_eval_type='adaptive', ood_eval_method='DICE', embedding_dim=512, in_dataset='ImageNet-1K', ood_loc='datasets/ood-imagenet/', out_dataset='iSUN-dummy', id_loc='datasets/in-imagenet/val', batch_size=64, checkpoint='model', normalize=False, num_classes=1000, model='mobilenetv2_imagenet', noise=0.0015, temp=1.0, score='energy', device=device(type='mps'), ckpt='/Users/abidhassan/Desktop/adapt/experiments/checkpoints/mobilenetv2_imagenet/ImageNet-1K/model.pt', info=array([0.57529329, 0.55362015, 0.743077  , ..., 0.54728858, 0.47858694,
       0.5984466 ]))
setting up model: mobilenetv2_imagenet
Number of model parameters: 3504872
loading existing model:/Users/abidhassan/Desktop/adapt/experiments/checkpoints/mobilenetv2_imagenet/ImageNet-1K/model.pt
---------- Processing ID Starts ------------
sample id energy scores for ImageNet-1K: [2.25004458 2.58622837 2.19406796 3.00853252 3.12703276]
---------- Processing ID Finished ----------
---------- Processing OOD Starts ------------
processing out_dataset: SUN
sample ood energy scores for SUN: [1.37848902 1.59584785 1.50592923 1.10832548 1.49731231]
FPR95:			39.03
AUROC: 			90.84
AUPR:  			97.72
processing out_dataset: Places
sample ood energy scores for Places: [1.84346759 1.80709648 1.37835431 1.52617311 1.69191515]
FPR95:			54.34
AUROC: 			85.65
AUPR:  			96.32
processing out_dataset: imagenet_dtd
sample ood energy scores for imagenet_dtd: [0.93987542 0.82740325 0.83515584 0.90748787 1.44827938]
FPR95:			17.57
AUROC: 			95.92
AUPR:  			99.42
processing out_dataset: iNaturalist
sample ood energy scores for iNaturalist: [0.95249403 1.75562835 1.94662189 2.01383734 1.16799176]
FPR95:			40.28
AUROC: 			91.51
AUPR:  			98.05
AVG
FPR95:			37.81
AUROC: 			90.98
AUPR:  			97.88
---------- Processing OOD Finished ----------
