evaluation parameter: Namespace(p=None, ash_p=None, threshold=1.0, epoch='100', scale_threshold=3.0, ood_scale_type='std', ood_eval_type='adaptive', ood_eval_method='ReAct', embedding_dim=512, in_dataset='CIFAR-100', ood_loc='datasets/ood/', out_dataset='iSUN-dummy', id_loc='datasets/in/', batch_size=64, checkpoint='model', normalize=False, num_classes=100, model='resnet34', noise=0.0015, temp=1.0, score='energy', device=device(type='mps'), ckpt='/Users/abidhassan/Desktop/adapt/experiments/checkpoints/resnet34/CIFAR-100/model.pt', info='/Users/abidhassan/Desktop/adapt/experiments/checkpoints/resnet34/CIFAR-100/model_feature_stats.npy')
setting up model: resnet34
Number of model parameters: 21328292
loading existing model:/Users/abidhassan/Desktop/adapt/experiments/checkpoints/resnet34/CIFAR-100/model.pt
---------- Processing ID Starts ------------
sample id energy scores for CIFAR-100: [2.69078159 3.67614436 5.0255127  5.17775631 3.43271303]
---------- Processing ID Finished ----------
---------- Processing OOD Starts ------------
processing out_dataset: SVHN
sample ood energy scores for SVHN: [2.58282375 1.93361759 1.946154   2.03052378 2.50155735]
FPR95:			7.31
AUROC: 			98.57
AUPR:  			98.62
processing out_dataset: places365
sample ood energy scores for places365: [4.69573259 3.23081541 3.94840479 3.25148439 3.52529311]
FPR95:			86.61
AUROC: 			73.43
AUPR:  			75.01
processing out_dataset: iSUN
sample ood energy scores for iSUN: [2.36958575 3.11632061 2.78521037 2.38963318 2.79557347]
FPR95:			54.57
AUROC: 			89.29
AUPR:  			91.35
processing out_dataset: dtd
sample ood energy scores for dtd: [1.43116748 1.25523829 1.47807181 1.25145173 1.19765174]
FPR95:			28.60
AUROC: 			93.77
AUPR:  			96.13
processing out_dataset: LSUN
sample ood energy scores for LSUN: [2.64595008 2.23690248 1.80294466 2.51050067 2.10412717]
FPR95:			10.34
AUROC: 			98.02
AUPR:  			98.07
processing out_dataset: LSUN_resize
sample ood energy scores for LSUN_resize: [2.15939808 3.26483583 2.69708157 3.972574   2.50310993]
FPR95:			59.70
AUROC: 			88.20
AUPR:  			89.83
AVG
FPR95:			41.19
AUROC: 			90.21
AUPR:  			91.50
---------- Processing OOD Finished ----------
