evaluation parameter: Namespace(p=None, ash_p=None, threshold=2.2, epoch='100', scale_threshold=0.5, ood_scale_type='std', ood_eval_type='adaptive', ood_eval_method='ReAct', embedding_dim=512, in_dataset='ImageNet-1K', ood_loc='datasets/ood-imagenet/', out_dataset='iSUN-dummy', id_loc='datasets/in-imagenet/val', batch_size=64, checkpoint='model', normalize=False, num_classes=1000, model='resnet_imagenet34', noise=0.0015, temp=1.0, score='energy', device=device(type='mps'), ckpt='/Users/abidhassan/Desktop/adapt/experiments/checkpoints/resnet_imagenet34/ImageNet-1K/model.pt', info='/Users/abidhassan/Desktop/adapt/experiments/checkpoints/resnet_imagenet34/ImageNet-1K/model_feature_stats.npy')
setting up model: resnet_imagenet34
Number of model parameters: 21797672
loading existing model:/Users/abidhassan/Desktop/adapt/experiments/checkpoints/resnet_imagenet34/ImageNet-1K/model.pt
---------- Processing ID Starts ------------
sample id energy scores for ImageNet-1K: [4.55780649 4.66754961 4.15271139 5.41542625 5.19259071]
---------- Processing ID Finished ----------
---------- Processing OOD Starts ------------
processing out_dataset: SUN
sample ood energy scores for SUN: [3.74705815 3.58927155 3.6699245  2.9791007  3.42966509]
FPR95:			23.08
AUROC: 			94.92
AUPR:  			98.74
processing out_dataset: Places
sample ood energy scores for Places: [3.93156743 4.13033342 3.31627893 3.20897269 3.86406898]
FPR95:			33.82
AUROC: 			92.23
AUPR:  			98.03
processing out_dataset: imagenet_dtd
sample ood energy scores for imagenet_dtd: [2.77567267 2.79002714 2.61073279 2.71874356 2.47412443]
FPR95:			11.91
AUROC: 			97.38
AUPR:  			99.65
processing out_dataset: iNaturalist
sample ood energy scores for iNaturalist: [3.23668385 3.5893662  3.55944896 3.41752601 3.20158172]
FPR95:			12.95
AUROC: 			97.41
AUPR:  			99.46
AVG
FPR95:			20.44
AUROC: 			95.48
AUPR:  			98.97
---------- Processing OOD Finished ----------
