evaluation parameter: Namespace(p=None, ash_p=None, threshold=None, epoch='100', scale_threshold=10.0, ood_scale_type='entropy', ood_eval_type='adaptive', ood_eval_method='baseline/msp', embedding_dim=512, in_dataset='ImageNet-1K', ood_loc='datasets/ood-imagenet/', out_dataset='iSUN-dummy', id_loc='datasets/in-imagenet/val', batch_size=64, checkpoint='model', normalize=False, num_classes=1000, model='mobilenetv2_imagenet', noise=0.0015, temp=1.0, score='msp', device=device(type='mps'), ckpt='/Users/abidhassan/Desktop/adapt/experiments/checkpoints/mobilenetv2_imagenet/ImageNet-1K/model.pt', info='/Users/abidhassan/Desktop/adapt/experiments/checkpoints/mobilenetv2_imagenet/ImageNet-1K/model_feature_stats.npy')
setting up model: mobilenetv2_imagenet
Number of model parameters: 3504872
loading existing model:/Users/abidhassan/Desktop/adapt/experiments/checkpoints/mobilenetv2_imagenet/ImageNet-1K/model.pt
---------- Processing ID Starts ------------
sample id msp scores for ImageNet-1K: [0.12346632 0.10386683 0.04569138 0.29959461 0.28721017]
---------- Processing ID Finished ----------
---------- Processing OOD Starts ------------
processing out_dataset: SUN
sample ood msp scores for SUN: [0.16828741 0.03931914 0.05876285 0.06293327 0.12767583]
FPR95:			72.66
AUROC: 			80.27
AUPR:  			95.15
processing out_dataset: Places
sample ood msp scores for Places: [0.02763088 0.26923788 0.09536751 0.2589018  0.01383729]
FPR95:			75.86
AUROC: 			78.90
AUPR:  			94.67
processing out_dataset: imagenet_dtd
sample ood msp scores for imagenet_dtd: [0.06990974 0.03505887 0.03369127 0.05295342 0.04852247]
FPR95:			67.94
AUROC: 			81.88
AUPR:  			97.52
processing out_dataset: iNaturalist
sample ood msp scores for iNaturalist: [0.05451236 0.03713327 0.05353816 0.11223603 0.03140412]
FPR95:			57.41
AUROC: 			87.59
AUPR:  			97.22
AVG
FPR95:			68.47
AUROC: 			82.16
AUPR:  			96.14
---------- Processing OOD Finished ----------
