evaluation parameter: Namespace(p=None, ash_p=None, threshold=None, epoch='100', scale_threshold=10.0, ood_scale_type='std', ood_eval_type='adaptive', ood_eval_method='baseline/energy', embedding_dim=512, in_dataset='CIFAR-10', ood_loc='datasets/ood/', out_dataset='iSUN-dummy', id_loc='datasets/in/', batch_size=64, checkpoint='model', normalize=False, num_classes=10, model='densenet101', noise=0.0015, temp=1.0, score='energy', device=device(type='mps'), ckpt='/Users/abidhassan/Desktop/adapt/experiments/checkpoints/densenet101/CIFAR-10/model.pt', info='/Users/abidhassan/Desktop/adapt/experiments/checkpoints/densenet101/CIFAR-10/model_feature_stats.npy')
setting up model: densenet101
Number of model parameters: 769162
loading existing model:/Users/abidhassan/Desktop/adapt/experiments/checkpoints/densenet101/CIFAR-10/model.pt
---------- Processing ID Starts ------------
sample id energy scores for CIFAR-10: [5.01953793 5.14523172 2.87313509 2.04248929 3.27088618]
---------- Processing ID Finished ----------
---------- Processing OOD Starts ------------
processing out_dataset: SVHN
sample ood energy scores for SVHN: [0.94905144 0.67346662 0.9945327  0.63714588 1.20725918]
FPR95:			7.71
AUROC: 			98.40
AUPR:  			98.53
processing out_dataset: places365
sample ood energy scores for places365: [1.60280704 2.08076239 0.74066371 0.72346741 1.23223352]
FPR95:			34.85
AUROC: 			92.53
AUPR:  			92.48
processing out_dataset: iSUN
sample ood energy scores for iSUN: [0.82857758 0.83236563 0.69445091 0.61142153 0.60720307]
FPR95:			5.27
AUROC: 			98.80
AUPR:  			99.07
processing out_dataset: dtd
sample ood energy scores for dtd: [0.56612933 0.66383004 0.97764796 0.77415574 1.29015803]
FPR95:			28.71
AUROC: 			93.62
AUPR:  			95.60
processing out_dataset: LSUN
sample ood energy scores for LSUN: [0.4066194  0.82278007 0.49667349 0.6921649  1.03865433]
FPR95:			2.09
AUROC: 			99.49
AUPR:  			99.52
processing out_dataset: LSUN_resize
sample ood energy scores for LSUN_resize: [1.321926   1.00382137 1.11878312 0.93369848 0.97289759]
FPR95:			5.34
AUROC: 			98.74
AUPR:  			98.92
AVG
FPR95:			13.99
AUROC: 			96.93
AUPR:  			97.35
---------- Processing OOD Finished ----------
