evaluation parameter: Namespace(p=None, ash_p=None, threshold=None, epoch='100', scale_threshold=5.0, ood_scale_type='entropy', ood_eval_type='adaptive', ood_eval_method='baseline/energy', embedding_dim=512, in_dataset='CIFAR-100', ood_loc='datasets/ood/', out_dataset='iSUN-dummy', id_loc='datasets/in/', batch_size=64, checkpoint='model', normalize=False, num_classes=100, model='densenet101', noise=0.0015, temp=1.0, score='energy', device=device(type='mps'), ckpt='/Users/abidhassan/Desktop/adapt/experiments/checkpoints/densenet101/CIFAR-100/model.pt', info='/Users/abidhassan/Desktop/adapt/experiments/checkpoints/densenet101/CIFAR-100/model_feature_stats.npy')
setting up model: densenet101
Number of model parameters: 800032
loading existing model:/Users/abidhassan/Desktop/adapt/experiments/checkpoints/densenet101/CIFAR-100/model.pt
---------- Processing ID Starts ------------
sample id energy scores for CIFAR-100: [2.71867299 3.20822453 3.84198999 2.8943522  4.86248112]
---------- Processing ID Finished ----------
---------- Processing OOD Starts ------------
processing out_dataset: SVHN
sample ood energy scores for SVHN: [2.58400297 2.49285364 3.89048719 2.5110352  2.45703673]
FPR95:			58.57
AUROC: 			89.86
AUPR:  			91.84
processing out_dataset: places365
sample ood energy scores for places365: [6.97043562 3.23094964 4.97633028 2.34843683 2.79388285]
FPR95:			76.92
AUROC: 			77.59
AUPR:  			77.76
processing out_dataset: iSUN
sample ood energy scores for iSUN: [3.8129704  2.35448217 2.36199594 2.48921561 2.33677649]
FPR95:			53.03
AUROC: 			88.03
AUPR:  			89.86
processing out_dataset: dtd
sample ood energy scores for dtd: [3.11876702 2.63166642 2.93733668 2.36802745 5.99114084]
FPR95:			76.86
AUROC: 			72.19
AUPR:  			76.75
processing out_dataset: LSUN
sample ood energy scores for LSUN: [2.19448352 2.30080891 1.61132288 2.35788441 2.02012968]
FPR95:			7.68
AUROC: 			98.66
AUPR:  			98.65
processing out_dataset: LSUN_resize
sample ood energy scores for LSUN_resize: [2.46377754 2.30520225 3.73972702 3.7589519  2.77883339]
FPR95:			45.28
AUROC: 			90.32
AUPR:  			91.02
AVG
FPR95:			53.06
AUROC: 			86.11
AUPR:  			87.65
---------- Processing OOD Finished ----------
