evaluation parameter: Namespace(p=None, ash_p=None, threshold=None, epoch='100', scale_threshold=10.0, ood_scale_type='entropy', ood_eval_type='adaptive', ood_eval_method='baseline/energy', embedding_dim=512, in_dataset='ImageNet-1K', ood_loc='datasets/ood-imagenet/', out_dataset='iSUN-dummy', id_loc='datasets/in-imagenet/val', batch_size=64, checkpoint='model', normalize=False, num_classes=1000, model='resnet_imagenet50', noise=0.0015, temp=1.0, score='energy', device=device(type='mps'), ckpt='/Users/abidhassan/Desktop/adapt/experiments/checkpoints/resnet_imagenet50/ImageNet-1K/model.pt', info='/Users/abidhassan/Desktop/adapt/experiments/checkpoints/resnet_imagenet50/ImageNet-1K/model_feature_stats.npy')
setting up model: resnet_imagenet50
Number of model parameters: 25557032
loading existing model:/Users/abidhassan/Desktop/adapt/experiments/checkpoints/resnet_imagenet50/ImageNet-1K/model.pt
---------- Processing ID Starts ------------
sample id energy scores for ImageNet-1K: [4.43653536 4.16167736 3.42646313 5.18371439 6.84790134]
---------- Processing ID Finished ----------
---------- Processing OOD Starts ------------
processing out_dataset: SUN
sample ood energy scores for SUN: [2.59602118 2.84466338 2.72549701 2.58277082 3.42959237]
FPR95:			52.40
AUROC: 			87.75
AUPR:  			96.92
processing out_dataset: Places
sample ood energy scores for Places: [3.09841657 4.11890507 3.64511037 2.95660925 2.48530054]
FPR95:			62.06
AUROC: 			84.76
AUPR:  			96.20
processing out_dataset: imagenet_dtd
sample ood energy scores for imagenet_dtd: [2.47437644 2.93174934 2.5482471  2.72869062 2.74207783]
FPR95:			41.35
AUROC: 			89.27
AUPR:  			98.28
processing out_dataset: iNaturalist
sample ood energy scores for iNaturalist: [2.63414955 3.21596956 2.6849823  2.5408268  3.55110145]
FPR95:			44.22
AUROC: 			92.20
AUPR:  			98.29
AVG
FPR95:			50.01
AUROC: 			88.50
AUPR:  			97.42
---------- Processing OOD Finished ----------
