evaluation parameter: Namespace(p=None, ash_p=None, threshold=None, epoch='100', ood_scale_type='feature_entropy', ood_eval_type='adaptive', ood_eval_method='ReAct+DICE', embedding_dim=512, in_dataset='ImageNet-1K', ood_loc='datasets/ood-imagenet/', out_dataset='iSUN-dummy', id_loc='datasets/in-imagenet/val', batch_size=64, checkpoint='model', normalize=False, num_classes=1000, model='mobilenetv2_imagenet', noise=0.0015, temp=1.0, score='energy', device=device(type='mps'), ckpt='/Users/abidhassan/Desktop/adapt/experiments/checkpoints/mobilenetv2_imagenet/ImageNet-1K/model.pt', info='/Users/abidhassan/Desktop/adapt/experiments/checkpoints/mobilenetv2_imagenet/ImageNet-1K/model_feature_stats.npy')
setting up model: mobilenetv2_imagenet
Number of model parameters: 3504872
loading existing model:/Users/abidhassan/Desktop/adapt/experiments/checkpoints/mobilenetv2_imagenet/ImageNet-1K/model.pt
---------- Processing ID Starts ------------
sample id energy scores for ImageNet-1K: [1.48258746 1.55761218 1.38404977 1.76399565 1.73399043]
---------- Processing ID Finished ----------
---------- Processing OOD Starts ------------
processing out_dataset: SUN
sample ood energy scores for SUN: [1.20883965 1.26550126 1.18536031 1.09487784 1.25483024]
FPR95:			31.66
AUROC: 			92.69
AUPR:  			98.09
processing out_dataset: Places
sample ood energy scores for Places: [1.27678514 1.3469497  1.14287353 1.25808787 1.21146166]
FPR95:			46.48
AUROC: 			88.09
AUPR:  			96.87
processing out_dataset: imagenet_dtd
sample ood energy scores for imagenet_dtd: [1.12030137 1.06879568 1.07555079 1.08970237 1.36578512]
FPR95:			23.92
AUROC: 			94.20
AUPR:  			99.11
processing out_dataset: iNaturalist
sample ood energy scores for iNaturalist: [1.03264427 1.29550815 1.32411909 1.35903549 1.12786758]
FPR95:			32.90
AUROC: 			93.52
AUPR:  			98.56
AVG
FPR95:			33.74
AUROC: 			92.12
AUPR:  			98.16
---------- Processing OOD Finished ----------
