evaluation parameter: Namespace(p=None, ash_p=None, threshold=1.0, epoch='100', scale_threshold=10.0, ood_scale_type='entropy', ood_eval_type='adaptive', ood_eval_method='ReAct', embedding_dim=512, in_dataset='ImageNet-1K', ood_loc='datasets/ood-imagenet/', out_dataset='iSUN-dummy', id_loc='datasets/in-imagenet/val', batch_size=64, checkpoint='model', normalize=False, num_classes=1000, model='mobilenetv2_imagenet', noise=0.0015, temp=1.0, score='energy', device=device(type='mps'), ckpt='/Users/abidhassan/Desktop/adapt/experiments/checkpoints/mobilenetv2_imagenet/ImageNet-1K/model.pt', info='/Users/abidhassan/Desktop/adapt/experiments/checkpoints/mobilenetv2_imagenet/ImageNet-1K/model_feature_stats.npy')
setting up model: mobilenetv2_imagenet
Number of model parameters: 3504872
loading existing model:/Users/abidhassan/Desktop/adapt/experiments/checkpoints/mobilenetv2_imagenet/ImageNet-1K/model.pt
---------- Processing ID Starts ------------
sample id energy scores for ImageNet-1K: [2.71513414 3.07245374 2.58652449 4.3349061  3.87294722]
---------- Processing ID Finished ----------
---------- Processing OOD Starts ------------
processing out_dataset: SUN
sample ood energy scores for SUN: [2.56599402 2.49783373 2.38372779 2.28608775 2.63233709]
FPR95:			42.17
AUROC: 			90.00
AUPR:  			97.47
processing out_dataset: Places
sample ood energy scores for Places: [2.4198792  2.97096491 2.32657957 2.85416698 2.28433347]
FPR95:			53.68
AUROC: 			85.81
AUPR:  			96.34
processing out_dataset: imagenet_dtd
sample ood energy scores for imagenet_dtd: [2.28524876 2.19692802 2.20627451 2.22339559 2.22979593]
FPR95:			19.47
AUROC: 			95.15
AUPR:  			99.31
processing out_dataset: iNaturalist
sample ood energy scores for iNaturalist: [2.14798522 2.53579307 2.48671365 2.48554182 2.21720433]
FPR95:			28.44
AUROC: 			94.98
AUPR:  			98.93
AVG
FPR95:			35.94
AUROC: 			91.49
AUPR:  			98.01
---------- Processing OOD Finished ----------
