evaluation parameter: Namespace(p=85, ash_p=None, threshold=1.0, epoch='100', scale_threshold=0.1, ood_scale_type='median', ood_eval_type='adaptive', ood_eval_method='ReAct+DICE', embedding_dim=512, in_dataset='CIFAR-10', ood_loc='datasets/ood/', out_dataset='iSUN-dummy', id_loc='datasets/in/', batch_size=64, checkpoint='model', normalize=False, num_classes=10, model='resnet34', noise=0.0015, temp=1.0, score='energy', device=device(type='mps'), ckpt='/Users/abidhassan/Desktop/adapt/experiments/checkpoints/resnet34/CIFAR-10/model.pt', info=array([0.13924986, 0.12501823, 0.06173085, 0.11069639, 0.14929198,
       0.28948968, 0.23964158, 0.10747248, 0.04215611, 0.20560085,
       0.09780967, 0.2216881 , 0.08204457, 0.15201563, 0.19971309,
       0.06253187, 0.08241055, 0.08076615, 0.05452944, 0.46413719,
       0.05728793, 0.05634517, 0.05011586, 0.1428712 , 0.09520975,
       0.07441768, 0.14077671, 0.02876531, 0.20510996, 0.05369956,
       0.25584287, 0.04385176, 0.07309725, 0.10827838, 0.20932834,
       0.13850896, 0.15549367, 0.08955288, 0.0896421 , 0.19186937,
       0.11303144, 0.11863977, 0.29578947, 0.04497646, 0.10015705,
       0.20928128, 0.25668344, 0.22238262, 0.17033253, 0.21211144,
       0.26045961, 0.15317802, 0.12096255, 0.1468532 , 0.08098391,
       0.06265886, 0.12692774, 0.03570241, 0.16632144, 0.054308  ,
       0.29012088, 0.12492294, 0.07647522, 0.10192847, 0.16106413,
       0.29433302, 0.10076061, 0.08356272, 0.13708638, 0.20520358,
       0.18063763, 0.11147129, 0.08414488, 0.107869  , 0.03995895,
       0.45404559, 0.10232416, 0.07740378, 0.23720627, 0.28738217,
       0.11193769, 0.03156724, 0.53338069, 0.1943385 , 0.14748947,
       0.22967639, 0.25608725, 0.03902024, 0.03546559, 0.19308251,
       0.04231516, 0.21356638, 0.14785959, 0.22417033, 0.0502319 ,
       0.17013447, 0.13792628, 0.05371056, 0.09544845, 0.37677894,
       0.19784216, 0.11951444, 0.38287108, 0.04123135, 0.17186912,
       0.12017568, 0.3542908 , 0.09201771, 0.11753666, 0.0458161 ,
       0.0692613 , 0.13907288, 0.06149568, 0.07693538, 0.12472724,
       0.16303501, 0.07334997, 0.04665945, 0.1526587 , 0.18782313,
       0.09330707, 0.11552452, 0.10072616, 0.05812268, 0.09565308,
       0.30324928, 0.05799926, 0.14049431, 0.09709292, 0.14472475,
       0.31753625, 0.30972721, 0.93355542, 0.17462844, 0.30575477,
       0.11021849, 0.09466183, 0.30839777, 0.32058995, 0.25044143,
       0.05235434, 0.23423047, 0.20541994, 0.11978371, 0.03316424,
       0.07689935, 0.0830085 , 0.2118662 , 0.13179098, 0.26367473,
       0.09869119, 0.17390243, 0.10172479, 0.16135233, 0.126882  ,
       0.06248042, 0.23394214, 0.19795401, 0.16080276, 0.0708524 ,
       0.12950541, 0.06979298, 0.05584187, 0.06821294, 0.08687378,
       0.15654989, 0.13766942, 0.19661675, 0.1146637 , 0.16067468,
       0.08611269, 0.41998844, 0.08618465, 0.126583  , 0.26586385,
       0.15036938, 0.14479992, 0.22429606, 0.07781607, 0.07335614,
       0.36702306, 0.16835608, 0.02815698, 0.17054807, 0.16714046,
       0.14815804, 0.07574055, 0.15312277, 0.14802723, 0.14087014,
       0.05652156, 0.07842228, 0.17925864, 0.0520523 , 0.26920503,
       0.05554484, 0.14885961, 0.02009327, 0.10752486, 0.20435027,
       0.31631316, 0.15675667, 0.11470439, 0.07216019, 0.06163076,
       0.08823103, 0.04716918, 0.37307209, 0.21902112, 0.27291812,
       0.21815679, 0.09698369, 0.12097488, 0.09817562, 0.05420769,
       0.52331988, 0.07414006, 0.1137375 , 0.11117203, 0.06387458,
       0.11059722, 0.06398069, 0.19768129, 0.11780632, 0.25735085,
       0.23354434, 0.14863708, 0.16036817, 0.22049438, 0.10740445,
       0.3710545 , 0.05399118, 0.14190937, 0.17381813, 0.05180082,
       0.29059339, 0.15383117, 0.35786323, 0.07999551, 0.11639023,
       0.02596329, 0.03835357, 0.15688618, 0.21529086, 0.05248269,
       0.09604332, 0.36106721, 0.18391565, 0.060056  , 0.10092841,
       0.08565104, 0.15563786, 0.08730692, 0.21021532, 0.12478215,
       0.05595564, 0.08340106, 0.05590918, 0.10641678, 0.09707945,
       0.30270233, 0.04863966, 0.19709607, 0.05125536, 0.05585457,
       0.07685415, 0.21904706, 0.21985086, 0.10717865, 0.04586838,
       0.1143243 , 0.10858503, 0.15932574, 0.05336862, 0.22683333,
       0.27021919, 0.1164952 , 0.13682807, 0.0869598 , 0.15536379,
       0.045019  , 0.04717967, 0.03211632, 0.16486598, 0.17615088,
       0.18524897, 0.07877961, 0.17466099, 0.18539223, 0.10362065,
       0.08326968, 0.07653957, 0.13760177, 0.32757684, 0.04130555,
       0.07688295, 0.08406639, 0.09936166, 0.07693326, 0.12018988,
       0.18511716, 0.13502737, 0.17028999, 0.33755366, 0.26585949,
       0.06464524, 0.25457984, 0.16618954, 0.14836619, 0.15091687,
       0.05941607, 0.05672511, 0.08859733, 0.07317981, 0.08699066,
       0.14704238, 0.1581242 , 0.08153806, 0.07286293, 0.16772324,
       0.17852401, 0.19856459, 0.09783711, 0.08719746, 0.14941023,
       0.20038196, 0.07537587, 0.26509619, 0.16366873, 0.34586047,
       0.0865817 , 0.05541012, 0.24655023, 0.10145379, 0.09815568,
       0.11260348, 0.35895158, 0.07525067, 0.18138083, 0.0820638 ,
       0.08257152, 0.06888898, 0.44315095, 0.05055452, 0.21653442,
       0.06152277, 0.06782015, 0.16881037, 0.05134534, 0.1989941 ,
       0.05933042, 0.13233573, 0.12259825, 0.04940228, 0.10302997,
       0.4283807 , 0.11214117, 0.04649045, 0.13823602, 0.29144928,
       0.13938976, 0.27883686, 0.05969684, 0.10838424, 0.31984641,
       0.18630914, 0.0666126 , 0.10095609, 0.20526164, 0.0891375 ,
       0.23296511, 0.17630021, 0.4934777 , 0.12764817, 0.13658812,
       0.17641561, 0.05760851, 0.25398396, 0.16469403, 0.09605352,
       0.13941131, 0.0634667 , 0.19634878, 0.2597946 , 0.09700255,
       0.13558039, 0.15508434, 0.05415752, 0.33713991, 0.07036887,
       0.08395891, 0.15743921, 0.04142861, 0.12372509, 0.19987199,
       0.2731649 , 0.0721573 , 0.14400828, 0.07084596, 0.1930277 ,
       0.21815726, 0.28759978, 0.17561395, 0.11682736, 0.11915246,
       0.05003857, 0.18558361, 0.05880976, 0.19464942, 0.13896653,
       0.06744088, 0.09121019, 0.13991203, 0.16246603, 0.13528502,
       0.13342733, 0.30242943, 0.0406944 , 0.06721317, 0.13243737,
       0.18882387, 0.17712431, 0.16279918, 0.13346639, 0.05197666,
       0.06283504, 0.07385683, 0.33461695, 0.22118791, 0.08720529,
       0.19098417, 0.08386777, 0.10122975, 0.06191473, 0.06473478,
       0.1641728 , 0.16908458, 0.09489719, 0.2396335 , 0.13237435,
       0.11405544, 0.07732488, 0.58480469, 0.1262386 , 0.2913419 ,
       0.13440165, 0.15389742, 0.41967199, 0.1700678 , 0.29128571,
       0.13665454, 0.08519348, 0.15068926, 0.11656322, 0.08327336,
       0.02912837, 0.2177232 , 0.09116817, 0.28600507, 0.12447699,
       0.05816548, 0.11518582, 0.08641437, 0.17185662, 0.05626436,
       0.0771381 , 0.21118202, 0.13105459, 0.17182978, 0.24635277,
       0.04714956, 0.05337064, 0.49644358, 0.09641312, 0.05512358,
       0.18838884, 0.22497276, 0.18738923, 0.15170348, 0.05077559,
       0.05861928, 0.1083055 , 0.24448343, 0.07968049, 0.07536327,
       0.09608176, 0.18956766, 0.08837427, 0.05717734, 0.19599117,
       0.14517637, 0.05223239, 0.08542904, 0.0829047 , 0.14527155,
       0.14598644, 0.08346515, 0.08507435, 0.08801208, 0.08338577,
       0.10601005, 0.09482066, 0.08381754, 0.11310872, 0.18788894,
       0.06157858, 0.27728829, 0.05849477, 0.07532933, 0.14627239,
       0.2263277 , 0.18981469]))
setting up model: resnet34
Number of model parameters: 21282122
loading existing model:/Users/abidhassan/Desktop/adapt/experiments/checkpoints/resnet34/CIFAR-10/model.pt
---------- Processing ID Starts ------------
sample id energy scores for CIFAR-10: [0.10588472 0.07848819 0.08212876 0.08936682 0.09989624]
---------- Processing ID Finished ----------
---------- Processing OOD Starts ------------
processing out_dataset: SVHN
sample ood energy scores for SVHN: [0.10875088 0.1098258  0.11914217 0.09017773 0.11241329]
FPR95:			99.70
AUROC: 			44.06
AUPR:  			58.05
processing out_dataset: places365
sample ood energy scores for places365: [0.05841929 0.13635933 0.16229352 0.06913051 0.09151018]
FPR95:			93.94
AUROC: 			58.47
AUPR:  			60.33
processing out_dataset: iSUN
sample ood energy scores for iSUN: [0.11489408 0.09562311 0.04954384 0.06475646 0.10774829]
FPR95:			98.78
AUROC: 			50.26
AUPR:  			61.25
processing out_dataset: dtd
sample ood energy scores for dtd: [0.108528   0.10188642 0.11744434 0.10889187 0.08170202]
FPR95:			99.77
AUROC: 			34.58
AUPR:  			56.95
processing out_dataset: LSUN
sample ood energy scores for LSUN: [0.0379586  0.02063591 0.07040161 0.07201814 0.06696831]
FPR95:			91.83
AUROC: 			76.02
AUPR:  			80.03
processing out_dataset: LSUN_resize
sample ood energy scores for LSUN_resize: [0.10419026 0.14752097 0.1147538  0.09366164 0.07136402]
FPR95:			98.53
AUROC: 			52.90
AUPR:  			61.62
AVG
FPR95:			97.09
AUROC: 			52.71
AUPR:  			63.04
---------- Processing OOD Finished ----------
