evaluation parameter: Namespace(p=65, ash_p=None, threshold=None, epoch='100', scale_threshold=None, ood_scale_type='avg', ood_eval_type='standard', ood_eval_method='DICE', embedding_dim=512, in_dataset='ImageNet-1K', ood_loc='datasets/ood-imagenet/', out_dataset='iSUN-dummy', id_loc='datasets/in-imagenet/val', batch_size=64, checkpoint='model', normalize=False, num_classes=1000, model='resnet_imagenet50', noise=0.0015, temp=1.0, score='energy', device=device(type='mps'), ckpt='/Users/abidhassan/Desktop/adapt/experiments/checkpoints/resnet_imagenet50/ImageNet-1K/model.pt', info=array([0.39548653, 0.609871  , 0.47972758, ..., 0.35055298, 0.46431382,
       0.36834772]))
setting up model: resnet_imagenet50
Number of model parameters: 25557032
loading existing model:/Users/abidhassan/Desktop/adapt/experiments/checkpoints/resnet_imagenet50/ImageNet-1K/model.pt
---------- Processing ID Starts ------------
sample id energy scores for ImageNet-1K: [25.44628906 25.07341957 24.46432686 25.24473    32.65875626]
---------- Processing ID Finished ----------
---------- Processing OOD Starts ------------
processing out_dataset: SUN
sample ood energy scores for SUN: [16.28949928 18.90678406 16.46616745 14.39877129 19.58127975]
FPR95:			36.11
AUROC: 			91.01
AUPR:  			97.64
processing out_dataset: Places
sample ood energy scores for Places: [20.91914749 20.46461487 19.90378761 15.3957262  18.86270905]
FPR95:			47.62
AUROC: 			87.76
AUPR:  			96.86
processing out_dataset: imagenet_dtd
sample ood energy scores for imagenet_dtd: [15.16733456 17.56645203 15.45954037 16.62751007 17.07299614]
FPR95:			32.38
AUROC: 			90.48
AUPR:  			98.37
processing out_dataset: iNaturalist
sample ood energy scores for iNaturalist: [15.7520752  18.29527855 19.28278542 18.13681221 20.19211769]
FPR95:			26.48
AUROC: 			94.53
AUPR:  			98.74
AVG
FPR95:			35.65
AUROC: 			90.94
AUPR:  			97.90
---------- Processing OOD Finished ----------
