evaluation parameter: Namespace(p=None, ash_p=None, threshold=1.0, epoch='100', scale_threshold=3.0, ood_scale_type='entropy', ood_eval_type='adaptive', ood_eval_method='ReAct', embedding_dim=512, in_dataset='CIFAR-100', ood_loc='datasets/ood/', out_dataset='iSUN-dummy', id_loc='datasets/in/', batch_size=64, checkpoint='model', normalize=False, num_classes=100, model='resnet34', noise=0.0015, temp=1.0, score='energy', device=device(type='mps'), ckpt='/Users/abidhassan/Desktop/adapt/experiments/checkpoints/resnet34/CIFAR-100/model.pt', info='/Users/abidhassan/Desktop/adapt/experiments/checkpoints/resnet34/CIFAR-100/model_feature_stats.npy')
setting up model: resnet34
Number of model parameters: 21328292
loading existing model:/Users/abidhassan/Desktop/adapt/experiments/checkpoints/resnet34/CIFAR-100/model.pt
---------- Processing ID Starts ------------
sample id energy scores for CIFAR-100: [2.6896081  3.42698503 4.46014929 4.55232906 4.20482635]
---------- Processing ID Finished ----------
---------- Processing OOD Starts ------------
processing out_dataset: SVHN
sample ood energy scores for SVHN: [2.76686835 2.69839883 2.76358438 2.65261722 2.75272965]
FPR95:			22.52
AUROC: 			95.80
AUPR:  			96.30
processing out_dataset: places365
sample ood energy scores for places365: [4.72535467 3.18451214 5.29471827 2.98515368 3.24477291]
FPR95:			78.19
AUROC: 			78.17
AUPR:  			78.56
processing out_dataset: iSUN
sample ood energy scores for iSUN: [3.02519727 3.17650914 2.88896561 2.78964257 2.9988668 ]
FPR95:			60.15
AUROC: 			86.91
AUPR:  			89.57
processing out_dataset: dtd
sample ood energy scores for dtd: [2.6426127  2.25664973 2.37883139 2.36375189 2.38164949]
FPR95:			54.26
AUROC: 			88.50
AUPR:  			93.47
processing out_dataset: LSUN
sample ood energy scores for LSUN: [3.20138788 2.58274317 2.66029167 2.67153549 2.83032751]
FPR95:			36.52
AUROC: 			92.86
AUPR:  			93.47
processing out_dataset: LSUN_resize
sample ood energy scores for LSUN_resize: [2.74484277 3.00356174 2.96117258 3.87609673 3.00052714]
FPR95:			60.00
AUROC: 			87.08
AUPR:  			88.89
AVG
FPR95:			51.94
AUROC: 			88.22
AUPR:  			90.04
---------- Processing OOD Finished ----------
