evaluation parameter: Namespace(p=None, ash_p=None, threshold=None, epoch='100', scale_threshold=5.0, ood_scale_type='max', ood_eval_type='adaptive', ood_eval_method='baseline/msp', embedding_dim=512, in_dataset='ImageNet-1K', ood_loc='datasets/ood-imagenet/', out_dataset='iSUN-dummy', id_loc='datasets/in-imagenet/val', batch_size=64, checkpoint='model', normalize=False, num_classes=1000, model='densenet_imagenet121', noise=0.0015, temp=1.0, score='msp', device=device(type='mps'), ckpt='/Users/abidhassan/Desktop/adapt/experiments/checkpoints/densenet_imagenet121/ImageNet-1K/model.pt', info='/Users/abidhassan/Desktop/adapt/experiments/checkpoints/densenet_imagenet121/ImageNet-1K/model_feature_stats.npy')
setting up model: densenet_imagenet121
Number of model parameters: 7978856
loading existing model:/Users/abidhassan/Desktop/adapt/experiments/checkpoints/densenet_imagenet121/ImageNet-1K/model.pt
---------- Processing ID Starts ------------
sample id msp scores for ImageNet-1K: [1.34844482 1.53190076 1.46726453 1.58236861 1.52186775]
---------- Processing ID Finished ----------
---------- Processing OOD Starts ------------
processing out_dataset: SUN
sample ood msp scores for SUN: [0.98994023 1.09396398 0.17175053 0.14738679 0.25606221]
FPR95:			57.49
AUROC: 			85.59
AUPR:  			96.39
processing out_dataset: Places
sample ood msp scores for Places: [0.34194976 0.91471934 0.32149142 0.60896212 0.323226  ]
FPR95:			62.27
AUROC: 			83.59
AUPR:  			95.78
processing out_dataset: imagenet_dtd
sample ood msp scores for imagenet_dtd: [0.36642972 0.04864239 0.07387219 0.56149453 0.35265064]
FPR95:			49.84
AUROC: 			89.01
AUPR:  			98.56
processing out_dataset: iNaturalist
sample ood msp scores for iNaturalist: [0.09754657 0.19132335 0.89304    0.15358986 0.22909054]
FPR95:			36.82
AUROC: 			92.63
AUPR:  			98.35
AVG
FPR95:			51.61
AUROC: 			87.70
AUPR:  			97.27
---------- Processing OOD Finished ----------
