evaluation parameter: Namespace(p=None, ash_p=None, threshold=1.0, epoch='100', scale_threshold=0.01, ood_scale_type='avg', ood_eval_type='adaptive', ood_eval_method='ReAct', embedding_dim=512, in_dataset='ImageNet-1K', ood_loc='datasets/ood-imagenet/', out_dataset='iSUN-dummy', id_loc='datasets/in-imagenet/val', batch_size=64, checkpoint='model', normalize=False, num_classes=1000, model='mobilenetv2_imagenet', noise=0.0015, temp=1.0, score='energy', device=device(type='mps'), ckpt='/Users/abidhassan/Desktop/adapt/experiments/checkpoints/mobilenetv2_imagenet/ImageNet-1K/model.pt', info='/Users/abidhassan/Desktop/adapt/experiments/checkpoints/mobilenetv2_imagenet/ImageNet-1K/model_feature_stats.npy')
setting up model: mobilenetv2_imagenet
Number of model parameters: 3504872
loading existing model:/Users/abidhassan/Desktop/adapt/experiments/checkpoints/mobilenetv2_imagenet/ImageNet-1K/model.pt
---------- Processing ID Starts ------------
sample id energy scores for ImageNet-1K: [0.08768075 0.10144792 0.08452354 0.13933186 0.1263265 ]
---------- Processing ID Finished ----------
---------- Processing OOD Starts ------------
processing out_dataset: SUN
sample ood energy scores for SUN: [0.08105826 0.08207044 0.07887904 0.07364865 0.08452382]
FPR95:			40.76
AUROC: 			90.34
AUPR:  			97.60
processing out_dataset: Places
sample ood energy scores for Places: [0.08198035 0.09788585 0.08029279 0.09326436 0.0781211 ]
FPR95:			52.92
AUROC: 			86.37
AUPR:  			96.54
processing out_dataset: imagenet_dtd
sample ood energy scores for imagenet_dtd: [0.0612     0.05696995 0.05473544 0.05993648 0.06104665]
FPR95:			11.06
AUROC: 			97.09
AUPR:  			99.59
processing out_dataset: iNaturalist
sample ood energy scores for iNaturalist: [0.06958868 0.08340281 0.08122494 0.08259989 0.0700435 ]
FPR95:			29.94
AUROC: 			94.67
AUPR:  			98.86
AVG
FPR95:			33.67
AUROC: 			92.12
AUPR:  			98.15
---------- Processing OOD Finished ----------
