evaluation parameter: Namespace(p=None, ash_p=None, threshold=None, epoch='100', scale_threshold=0.1, ood_scale_type='median', ood_eval_type='adaptive', ood_eval_method='baseline/energy', embedding_dim=512, in_dataset='ImageNet-1K', ood_loc='datasets/ood-imagenet/', out_dataset='iSUN-dummy', id_loc='datasets/in-imagenet/val', batch_size=64, checkpoint='model', normalize=False, num_classes=1000, model='mobilenetv2_imagenet', noise=0.0015, temp=1.0, score='energy', device=device(type='mps'), ckpt='/Users/abidhassan/Desktop/adapt/experiments/checkpoints/mobilenetv2_imagenet/ImageNet-1K/model.pt', info='/Users/abidhassan/Desktop/adapt/experiments/checkpoints/mobilenetv2_imagenet/ImageNet-1K/model_feature_stats.npy')
setting up model: mobilenetv2_imagenet
Number of model parameters: 3504872
loading existing model:/Users/abidhassan/Desktop/adapt/experiments/checkpoints/mobilenetv2_imagenet/ImageNet-1K/model.pt
---------- Processing ID Starts ------------
sample id energy scores for ImageNet-1K: [0.55268115 0.69830221 0.35255173 0.84578401 1.2338202 ]
---------- Processing ID Finished ----------
---------- Processing OOD Starts ------------
processing out_dataset: SUN
sample ood energy scores for SUN: [0.37385532 0.3687723  0.23997004 0.25090659 0.5613243 ]
FPR95:			52.89
AUROC: 			88.64
AUPR:  			97.30
processing out_dataset: Places
sample ood energy scores for Places: [0.25336894 0.43456367 0.3295452  0.47086614 0.23606035]
FPR95:			62.06
AUROC: 			85.82
AUPR:  			96.56
processing out_dataset: imagenet_dtd
sample ood energy scores for imagenet_dtd: [0.35866001 0.32032737 0.31262544 0.34897938 0.54439491]
FPR95:			67.66
AUROC: 			82.51
AUPR:  			97.32
processing out_dataset: iNaturalist
sample ood energy scores for iNaturalist: [0.23176681 0.48105222 0.33457193 0.46810558 0.28615469]
FPR95:			62.71
AUROC: 			87.50
AUPR:  			97.27
AVG
FPR95:			61.33
AUROC: 			86.12
AUPR:  			97.11
---------- Processing OOD Finished ----------
