evaluation parameter: Namespace(p=None, ash_p=None, threshold=None, epoch='100', scale_threshold=0.05, ood_scale_type='avg', ood_eval_type='adaptive', ood_eval_method='baseline/energy', embedding_dim=512, in_dataset='CIFAR-10', ood_loc='datasets/ood/', out_dataset='iSUN-dummy', id_loc='datasets/in/', batch_size=64, checkpoint='model', normalize=False, num_classes=10, model='resnet34', noise=0.0015, temp=1.0, score='energy', device=device(type='mps'), ckpt='/Users/abidhassan/Desktop/adapt/experiments/checkpoints/resnet34/CIFAR-10/model.pt', info='/Users/abidhassan/Desktop/adapt/experiments/checkpoints/resnet34/CIFAR-10/model_feature_stats.npy')
setting up model: resnet34
Number of model parameters: 21282122
loading existing model:/Users/abidhassan/Desktop/adapt/experiments/checkpoints/resnet34/CIFAR-10/model.pt
---------- Processing ID Starts ------------
sample id energy scores for CIFAR-10: [0.50295174 0.47391564 0.38631168 0.2717526  0.51562572]
---------- Processing ID Finished ----------
---------- Processing OOD Starts ------------
processing out_dataset: SVHN
sample ood energy scores for SVHN: [0.17874256 0.19598441 0.17862137 0.20485233 0.17640585]
FPR95:			17.39
AUROC: 			97.04
AUPR:  			97.37
processing out_dataset: places365
sample ood energy scores for places365: [0.17571618 0.35416037 0.24420314 0.12522951 0.18639284]
FPR95:			35.74
AUROC: 			92.29
AUPR:  			91.97
processing out_dataset: iSUN
sample ood energy scores for iSUN: [0.31122881 0.19595149 0.13658775 0.14035241 0.17408259]
FPR95:			13.41
AUROC: 			97.63
AUPR:  			98.23
processing out_dataset: dtd
sample ood energy scores for dtd: [0.14923114 0.15640607 0.16116753 0.16392419 0.11757637]
FPR95:			31.42
AUROC: 			94.37
AUPR:  			96.82
processing out_dataset: LSUN
sample ood energy scores for LSUN: [0.08491746 0.11410125 0.08134209 0.2477359  0.24664183]
FPR95:			1.77
AUROC: 			99.59
AUPR:  			99.61
processing out_dataset: LSUN_resize
sample ood energy scores for LSUN_resize: [0.22419813 0.22761382 0.28046739 0.22139035 0.17042901]
FPR95:			12.81
AUROC: 			97.67
AUPR:  			98.09
AVG
FPR95:			18.76
AUROC: 			96.43
AUPR:  			97.02
---------- Processing OOD Finished ----------
