evaluation parameter: Namespace(p=70, ash_p=None, threshold=0.4, epoch='100', scale_threshold=None, ood_scale_type='avg', ood_eval_type='standard', ood_eval_method='ReAct+DICE', embedding_dim=512, in_dataset='CIFAR-10', ood_loc='datasets/ood/', out_dataset='iSUN-dummy', id_loc='datasets/in/', batch_size=64, checkpoint='model', normalize=False, num_classes=10, model='resnet18', noise=0.0015, temp=1.0, score='energy', device=device(type='mps'), ckpt='/Users/abidhassan/Desktop/adapt/experiments/checkpoints/resnet18/CIFAR-10/model.pt', info=array([0.16228386, 0.13298267, 0.13918289, 0.16126101, 0.15027713,
       0.15590714, 0.19081093, 0.23175348, 0.172696  , 0.12075778,
       0.06141607, 0.19833029, 0.19549443, 0.17096743, 0.09584182,
       0.24498882, 0.10323373, 0.0662646 , 0.24558282, 0.20457331,
       0.26007771, 0.15357383, 0.14266661, 0.13903315, 0.14770654,
       0.08643936, 0.18146587, 0.12786263, 0.0761114 , 0.26121787,
       0.19331241, 0.23535336, 0.11863488, 0.16887881, 0.14162266,
       0.11282377, 0.12233573, 0.12031077, 0.1832279 , 0.20340173,
       0.24999688, 0.15175668, 0.29133351, 0.1443844 , 0.16810306,
       0.12249262, 0.09777764, 0.16880864, 0.1364846 , 0.32487856,
       0.20135774, 0.11200696, 0.15234488, 0.04008208, 0.15096788,
       0.12562903, 0.17977913, 0.11310042, 0.17128377, 0.24288365,
       0.13028957, 0.12791251, 0.13301209, 0.26823559, 0.16335819,
       0.1730231 , 0.11444208, 0.15873225, 0.13111116, 0.19498098,
       0.10765551, 0.17413543, 0.09220209, 0.15088547, 0.15999008,
       0.19357857, 0.14661767, 0.24079145, 0.14521376, 0.13690139,
       0.1855396 , 0.11658168, 0.20142386, 0.08686046, 0.23488173,
       0.1455033 , 0.26536373, 0.17527317, 0.14852171, 0.1522877 ,
       0.20724688, 0.18061435, 0.26277805, 0.10022814, 0.08463294,
       0.18410461, 0.07353835, 0.1587716 , 0.20353027, 0.14683125,
       0.1521646 , 0.14766798, 0.13253038, 0.1490486 , 0.149917  ,
       0.08654095, 0.19263897, 0.1462502 , 0.09899076, 0.29207289,
       0.25018561, 0.18272547, 0.11548962, 0.16127432, 0.16449776,
       0.15087858, 0.16056042, 0.21020476, 0.18942864, 0.11822942,
       0.18351221, 0.19656746, 0.09897849, 0.13058158, 0.16576359,
       0.18338872, 0.33887241, 0.1853267 , 0.1513956 , 0.22081081,
       0.12756666, 0.13731486, 0.17443695, 0.18953846, 0.29643806,
       0.09565083, 0.11026952, 0.16525439, 0.16567827, 0.15162422,
       0.13529181, 0.14098239, 0.18422376, 0.18101539, 0.19777867,
       0.11434218, 0.11957533, 0.125846  , 0.10675282, 0.2222663 ,
       0.17872997, 0.12031326, 0.25604877, 0.11787514, 0.16014485,
       0.22629273, 0.13689679, 0.10333821, 0.1220306 , 0.20739636,
       0.13495938, 0.11930468, 0.134294  , 0.13500823, 0.1429185 ,
       0.15515577, 0.10325081, 0.14673209, 0.25625862, 0.11369828,
       0.32643979, 0.23707874, 0.15104843, 0.40474896, 0.06331372,
       0.14534336, 0.15136886, 0.20531048, 0.25978334, 0.09690771,
       0.09883044, 0.16152656, 0.13204542, 0.19202553, 0.13942252,
       0.19573618, 0.16693699, 0.17312281, 0.12112521, 0.15702176,
       0.19524268, 0.24075848, 0.14356963, 0.14523199, 0.19436532,
       0.0804029 , 0.19313964, 0.19333302, 0.2193258 , 0.1282466 ,
       0.13252683, 0.08833649, 0.08006658, 0.29991598, 0.09315801,
       0.16691327, 0.12765453, 0.09583163, 0.22232161, 0.1263175 ,
       0.14079641, 0.18671049, 0.15499067, 0.19497409, 0.15138591,
       0.06872118, 0.15167998, 0.12824042, 0.27889449, 0.19741775,
       0.19671359, 0.22073755, 0.20471975, 0.0999729 , 0.15738759,
       0.23235198, 0.15489932, 0.13169195, 0.08135119, 0.21311613,
       0.20645122, 0.09624809, 0.19393875, 0.12216817, 0.10413385,
       0.08533547, 0.10771681, 0.10959689, 0.28433293, 0.16861769,
       0.37306779, 0.17038961, 0.11131157, 0.12695986, 0.15883563,
       0.1427485 , 0.14708454, 0.28077996, 0.14853913, 0.1300206 ,
       0.21288154, 0.11726625, 0.08477948, 0.17223821, 0.2055822 ,
       0.16005268, 0.16474272, 0.07628572, 0.38716648, 0.14479879,
       0.12944377, 0.13842656, 0.44907609, 0.28845997, 0.04889251,
       0.21810442, 0.09974057, 0.1100513 , 0.14662913, 0.11995704,
       0.09871688, 0.12036735, 0.09434116, 0.08765732, 0.18503872,
       0.15104127, 0.16217884, 0.13596486, 0.10946471, 0.18049784,
       0.16048039, 0.23002729, 0.09711707, 0.19550246, 0.16732129,
       0.26543945, 0.37940764, 0.13744328, 0.20894142, 0.12401928,
       0.20836879, 0.18398727, 0.14373045, 0.1443872 , 0.24460135,
       0.1890128 , 0.18931741, 0.18216596, 0.23646098, 0.11180822,
       0.13531356, 0.22228849, 0.09761978, 0.16523688, 0.1781751 ,
       0.1182082 , 0.17563283, 0.16313765, 0.12817255, 0.14618328,
       0.28332167, 0.09872921, 0.28513978, 0.09319872, 0.14346817,
       0.1983572 , 0.15795362, 0.13631657, 0.27274806, 0.11601029,
       0.18091897, 0.23365388, 0.13757115, 0.18041703, 0.19487645,
       0.14069518, 0.20844301, 0.16102964, 0.16121312, 0.16898098,
       0.12331982, 0.18098375, 0.08283715, 0.1525076 , 0.19173325,
       0.28546935, 0.18637717, 0.17432466, 0.16738828, 0.07655992,
       0.26649939, 0.15186531, 0.14992275, 0.11323808, 0.13491508,
       0.18150244, 0.23715503, 0.16928946, 0.14685428, 0.15015006,
       0.1665134 , 0.14254917, 0.14801402, 0.23456924, 0.22219832,
       0.13860946, 0.17674571, 0.17938702, 0.17456813, 0.2225823 ,
       0.12490143, 0.06121467, 0.34326434, 0.18945328, 0.08659883,
       0.09427693, 0.2170404 , 0.15109102, 0.16496134, 0.12241106,
       0.21996755, 0.17449156, 0.2055087 , 0.09206453, 0.15483567,
       0.13267441, 0.24563848, 0.1962654 , 0.14509827, 0.06473381,
       0.19071635, 0.16603596, 0.29051781, 0.12198625, 0.15743134,
       0.12678724, 0.19323157, 0.26133375, 0.11160736, 0.1677734 ,
       0.1338218 , 0.19330509, 0.13310763, 0.15323788, 0.10727387,
       0.21835126, 0.30259154, 0.19382721, 0.21697784, 0.18403604,
       0.21767899, 0.10801638, 0.18227716, 0.1682604 , 0.16943288,
       0.25076717, 0.24138136, 0.19495008, 0.20617146, 0.15210215,
       0.1577292 , 0.14235388, 0.27562394, 0.16734091, 0.16506671,
       0.16783075, 0.31415462, 0.22293055, 0.12231576, 0.13260375,
       0.15673614, 0.15621934, 0.17580145, 0.17344749, 0.11439826,
       0.23557911, 0.16879659, 0.17057265, 0.20107558, 0.22953051,
       0.11406783, 0.12140645, 0.12868609, 0.15619482, 0.23180905,
       0.07018885, 0.16732393, 0.19695926, 0.14240111, 0.20018156,
       0.13582423, 0.17834278, 0.13049812, 0.17617376, 0.11562177,
       0.36638509, 0.29492511, 0.17932395, 0.10126782, 0.18476841,
       0.12562132, 0.24832564, 0.14666142, 0.18789069, 0.19530492,
       0.12888408, 0.14817928, 0.08209731, 0.18292457, 0.17472071,
       0.20728064, 0.25752608, 0.27457733, 0.13024966, 0.15239193,
       0.15078907, 0.21901216, 0.20342911, 0.11962535, 0.1211318 ,
       0.18820838, 0.23521453, 0.16710173, 0.09909106, 0.08245384,
       0.30947102, 0.1573314 , 0.19414803, 0.2039832 , 0.18592046,
       0.20209418, 0.17094323, 0.10403181, 0.22263773, 0.15848745,
       0.20036547, 0.18859844, 0.14154016, 0.17129096, 0.26552341,
       0.09554705, 0.18308144, 0.15841237, 0.12895448, 0.21646851,
       0.15534453, 0.43559071, 0.10358088, 0.15298123, 0.28550549,
       0.11578741, 0.2112991 , 0.32535515, 0.22492056, 0.20888468,
       0.23064185, 0.11718811, 0.16709577, 0.08246462, 0.10923004,
       0.17018097, 0.23954876]))
setting up model: resnet18
Number of model parameters: 11173962
loading existing model:/Users/abidhassan/Desktop/adapt/experiments/checkpoints/resnet18/CIFAR-10/model.pt
---------- Processing ID Starts ------------
sample id energy scores for CIFAR-10: [12.98400974 11.13085651 11.3737936   9.76556778 12.28041363]
---------- Processing ID Finished ----------
---------- Processing OOD Starts ------------
processing out_dataset: SVHN
sample ood energy scores for SVHN: [7.22349739 6.74418545 6.62356329 6.729352   6.85552502]
FPR95:			11.05
AUROC: 			98.07
AUPR:  			98.19
processing out_dataset: places365
sample ood energy scores for places365: [8.19572258 9.74031448 8.68743038 7.37523603 8.52459335]
FPR95:			47.53
AUROC: 			91.14
AUPR:  			91.96
processing out_dataset: iSUN
sample ood energy scores for iSUN: [9.49971485 8.1639967  7.87449121 7.51034164 8.12052345]
FPR95:			17.19
AUROC: 			97.04
AUPR:  			97.81
processing out_dataset: dtd
sample ood energy scores for dtd: [7.5795908  7.96256685 6.64213467 7.69925451 4.85613823]
FPR95:			24.33
AUROC: 			95.91
AUPR:  			97.77
processing out_dataset: LSUN
sample ood energy scores for LSUN: [6.29916716 6.73334789 6.1461935  7.98296976 7.47813749]
FPR95:			1.56
AUROC: 			99.66
AUPR:  			99.67
processing out_dataset: LSUN_resize
sample ood energy scores for LSUN_resize: [8.0573473  8.05692387 8.59929371 8.52246857 7.39542866]
FPR95:			16.24
AUROC: 			97.19
AUPR:  			97.72
AVG
FPR95:			19.65
AUROC: 			96.50
AUPR:  			97.19
---------- Processing OOD Finished ----------
