evaluation parameter: Namespace(p=None, ash_p=90, threshold=None, epoch='100', scale_threshold=0.1, ood_scale_type='median', ood_eval_type='adaptive', ood_eval_method='ASH', embedding_dim=512, in_dataset='ImageNet-1K', ood_loc='datasets/ood-imagenet/', out_dataset='iSUN-dummy', id_loc='datasets/in-imagenet/val', batch_size=64, checkpoint='model', normalize=False, num_classes=1000, model='resnet_imagenet34', noise=0.0015, temp=1.0, score='energy', device=device(type='mps'), ckpt='/Users/abidhassan/Desktop/adapt/experiments/checkpoints/resnet_imagenet34/ImageNet-1K/model.pt', info='/Users/abidhassan/Desktop/adapt/experiments/checkpoints/resnet_imagenet34/ImageNet-1K/model_feature_stats.npy')
setting up model: resnet_imagenet34
Number of model parameters: 21797672
loading existing model:/Users/abidhassan/Desktop/adapt/experiments/checkpoints/resnet_imagenet34/ImageNet-1K/model.pt
---------- Processing ID Starts ------------
sample id energy scores for ImageNet-1K: [15.85473728 27.21584511 17.41954613 22.99358749 27.84150696]
---------- Processing ID Finished ----------
---------- Processing OOD Starts ------------
processing out_dataset: SUN
sample ood energy scores for SUN: [ 9.67513466 11.41730309  6.28342247  3.5723474  10.91954708]
FPR95:			34.86
AUROC: 			92.15
AUPR:  			98.06
processing out_dataset: Places
sample ood energy scores for Places: [ 9.07387257 10.00880337  8.58180141  8.17433834  9.04385281]
FPR95:			45.33
AUROC: 			89.16
AUPR:  			97.23
processing out_dataset: imagenet_dtd
sample ood energy scores for imagenet_dtd: [4.51528835 3.99723792 3.73009872 4.88661051 4.26813078]
FPR95:			18.07
AUROC: 			96.31
AUPR:  			99.54
processing out_dataset: iNaturalist
sample ood energy scores for iNaturalist: [ 2.87354708 12.93351078  6.59600401  6.27604866  6.60152197]
FPR95:			21.82
AUROC: 			95.88
AUPR:  			99.11
AVG
FPR95:			30.02
AUROC: 			93.37
AUPR:  			98.48
---------- Processing OOD Finished ----------
