evaluation parameter: Namespace(p=90, ash_p=None, threshold=None, epoch='100', scale_threshold=None, ood_scale_type='avg', ood_eval_type='standard', ood_eval_method='DICE', embedding_dim=512, in_dataset='CIFAR-10', ood_loc='datasets/ood/', out_dataset='iSUN-dummy', id_loc='datasets/in/', batch_size=64, checkpoint='model', normalize=False, num_classes=10, model='densenet101', noise=0.0015, temp=1.0, score='energy', device=device(type='mps'), ckpt='/Users/abidhassan/Desktop/adapt/experiments/checkpoints/densenet101/CIFAR-10/model.pt', info=array([1.54872791e-03, 5.51703042e-05, 2.85868014e-03, 6.14038183e-02,
       2.81951598e-03, 2.14585983e-03, 2.12528675e-02, 6.70222244e-03,
       8.12970742e-02, 1.10611017e-03, 1.12217030e-03, 2.42162566e-03,
       5.10276324e-03, 5.64735186e-01, 1.47641585e-01, 2.92295891e-03,
       5.48878282e-02, 3.65693538e-03, 5.44500404e-02, 4.25747417e-03,
       1.64317509e-03, 1.52582863e-03, 5.45303691e-03, 1.75815412e-04,
       8.20053268e-03, 4.31647151e-02, 1.75615003e-02, 2.40055214e-03,
       3.48715129e-02, 7.35610624e-06, 1.06130377e-02, 4.55182320e-02,
       4.08055194e-02, 4.03123085e-02, 2.80026399e-03, 4.47879861e-03,
       4.81537741e-03, 1.60803422e-03, 1.96963290e-02, 3.90391670e-02,
       5.86648583e-03, 1.15663465e-02, 3.02035223e-01, 8.79983612e-03,
       6.29296913e-03, 2.46161914e-03, 3.51036728e-03, 4.01378415e-03,
       4.26721431e-03, 1.23782571e-01, 1.76550689e-03, 1.91572940e-03,
       5.01963855e-02, 5.91930641e-03, 3.44586245e-02, 4.09771780e-03,
       1.56907681e-02, 1.47994865e-02, 3.30725164e-01, 8.42657530e-03,
       3.44362432e-03, 1.13833791e-02, 2.86309583e-03, 1.01916165e-02,
       7.77099412e-02, 2.00073382e-03, 1.56705997e-03, 7.03286551e-02,
       5.40985012e-03, 2.70116459e-03, 3.38564005e-03, 7.04930127e-05,
       7.66514367e-03, 9.82479279e-03, 1.62841521e-02, 6.87910864e-04,
       9.71277350e-03, 9.22018412e-03, 6.89099417e-03, 4.22270062e-02,
       2.17466728e-03, 9.39350288e-03, 8.53952287e-03, 2.33078689e-03,
       1.36594489e-03, 7.19145602e-03, 9.75268430e-03, 3.72585226e-03,
       7.19794599e-03, 3.85311592e-02, 1.92500205e-03, 1.09101397e-03,
       6.17784459e-03, 1.98109131e-03, 3.19696845e-03, 1.66748776e-03,
       3.56168826e-02, 7.50551174e-03, 8.58745697e-03, 1.24783514e-02,
       5.11474935e-03, 3.71707008e-01, 1.01617658e-02, 6.97719137e-03,
       1.47802975e-03, 5.76438391e-04, 1.16173176e-02, 4.91885718e-03,
       2.21078767e-01, 4.72891661e-03, 5.88901351e-03, 7.62658014e-03,
       5.99232514e-01, 7.35130429e-03, 2.21248284e-02, 1.62723167e-02,
       7.13345763e-03, 4.48639998e-03, 3.12885619e-02, 2.27318745e-02,
       4.33571865e-03, 6.29503770e-02, 6.22055928e-03, 5.56220612e-03,
       4.55249920e-03, 6.96265591e-03, 5.96108964e-02, 9.44351451e-03,
       8.66095669e-04, 6.20068784e-04, 1.17460847e-03, 1.95963155e-02,
       1.98215245e-02, 9.52457546e-03, 2.05441091e-03, 1.16248648e-02,
       4.09348684e-03, 8.29814287e-03, 5.72633667e-03, 1.09753322e-01,
       7.24868920e-03, 7.09152443e-05, 2.23795118e-03, 2.79569954e-02,
       2.53816462e-03, 2.70580938e-04, 1.80663155e-02, 6.60512016e-03,
       9.24775034e-03, 9.28239428e-03, 7.27058033e-04, 6.97657637e-03,
       3.17274054e-02, 5.04135572e-04, 1.10742126e-03, 5.77458384e-03,
       1.24536374e-03, 1.07382728e-03, 2.11581983e-03, 6.12714184e-03,
       2.44319962e-02, 3.93662196e-04, 5.33781154e-04, 2.71688614e-03,
       1.10778581e-03, 1.35454034e-03, 7.46419927e-02, 4.06936794e-02,
       1.22802455e-03, 1.47841403e-03, 1.12738270e-03, 9.03638757e-03,
       5.24522146e-03, 3.26167574e-03, 4.72490138e-03, 1.79116483e-04,
       1.07888052e-03, 3.31944040e-03, 1.99895618e-02, 2.67951090e-03,
       1.96842616e-03, 1.70468415e-03, 2.17759244e-03, 1.08832804e-03,
       2.33051020e-03, 1.03333452e-02, 3.74044384e-01, 1.20632605e-02,
       7.98004487e-03, 1.83304828e-02, 5.72298415e-03, 5.73422468e-03,
       3.04700251e-03, 6.59078260e-04, 6.30222241e-03, 1.16620483e-02,
       6.40813869e-03, 3.98988303e-03, 6.18600103e-02, 6.30694248e-03,
       4.61682738e-03, 7.99804578e-03, 9.97446319e-04, 3.48280803e-03,
       2.77640488e-03, 1.36373317e-02, 3.64536953e-03, 1.66455628e-04,
       4.30252580e-03, 2.64633767e-04, 2.35291087e-02, 1.32905597e-03,
       4.43839334e-02, 4.06172499e-01, 2.60757576e-03, 5.10175504e-03,
       1.79804850e-02, 2.10729954e-03, 1.08728999e-03, 2.61229421e-03,
       6.18231457e-03, 7.84430690e-04, 2.28863340e-03, 4.25733871e-02,
       2.48041260e-02, 5.00804568e-03, 5.16535730e-01, 6.17865004e-03,
       3.38526486e-03, 1.50592263e-02, 1.03654989e-02, 3.84105093e-01,
       1.71105457e-02, 8.00325201e-02, 3.90139412e-02, 2.00815308e-02,
       3.76844171e-01, 5.05310098e-03, 1.94101229e-02, 1.44061699e-02,
       1.47706007e-03, 1.30001607e-03, 6.01913832e-01, 3.85558306e-02,
       4.63275742e-04, 1.65403056e-02, 2.62883715e-01, 4.61100512e-03,
       2.72098734e-02, 2.69596378e-01, 1.12833123e-03, 3.05378677e-01,
       2.60392306e-01, 6.90972818e-03, 5.35908489e-03, 3.51630627e-02,
       4.61986757e-01, 2.80253362e-01, 1.24245771e-02, 5.20116632e-01,
       3.15774392e-02, 1.07960122e-01, 6.62314484e-01, 1.19400169e-02,
       6.67543627e-03, 3.70576093e-02, 6.78500922e-01, 5.61397473e-03,
       6.51643153e-01, 5.28027929e-01, 6.41966543e-01, 1.15252413e+00,
       3.36254698e-02, 4.95291434e-01, 7.44356118e-01, 3.74058822e-01,
       2.01279541e-01, 5.38332513e-02, 4.70519066e-03, 7.21780465e-01,
       8.46875913e-01, 1.66358560e-01, 9.47699210e-01, 2.33073456e-01,
       1.60603211e-02, 4.60967657e-01, 6.41417158e-01, 5.18251732e-03,
       3.85102389e-01, 1.40873732e-02, 7.93604255e-03, 6.92315860e-03,
       7.16385313e-01, 7.36904266e-01, 4.53319919e-01, 8.43732656e-01,
       9.33273898e-03, 5.98723089e-01, 6.30782427e-01, 8.82312355e-01,
       4.18705862e-01, 7.36000597e-01, 5.29164970e-01, 1.44599244e-01,
       1.27872079e-01, 7.37806386e-01, 3.42121638e-01, 6.54237075e-01,
       4.28097795e-01, 2.61226850e-01, 8.07100009e-02, 1.03304837e+00,
       9.22179027e-01, 4.29305454e-03, 3.34925792e-03, 1.31287124e-01,
       7.05296675e-01, 8.67962279e-02, 7.86486272e-01, 6.74537573e-01,
       6.93936432e-01, 3.16505207e-01, 6.36239979e-01, 4.97362110e-01,
       6.71929145e-01, 7.35538333e-01, 3.76905663e-01, 3.23455284e-01,
       7.00906986e-01, 8.63173920e-01, 9.31828744e-01, 8.91879679e-01,
       1.25127797e+00, 8.02639727e-01, 6.08511353e-01, 3.10140579e-01,
       3.11883589e-03, 7.65065473e-01, 8.13805951e-01, 2.17413040e-01,
       6.29773743e-01, 3.56537577e-01]))
setting up model: densenet101
Number of model parameters: 769162
loading existing model:/Users/abidhassan/Desktop/adapt/experiments/checkpoints/densenet101/CIFAR-10/model.pt
---------- Processing ID Starts ------------
sample id energy scores for CIFAR-10: [25.50772667 30.75374603 21.71390915 16.91495895 21.31777573]
---------- Processing ID Finished ----------
---------- Processing OOD Starts ------------
processing out_dataset: SVHN
sample ood energy scores for SVHN: [13.61000919 11.03335762 14.74279594 10.64127064 14.92838669]
FPR95:			19.24
AUROC: 			96.53
AUPR:  			96.80
processing out_dataset: places365
sample ood energy scores for places365: [14.83497715 17.27225494 11.23970509 11.26348686 15.11230659]
FPR95:			44.78
AUROC: 			90.03
AUPR:  			89.92
processing out_dataset: iSUN
sample ood energy scores for iSUN: [11.19515514 10.66328049 11.73558998  9.80735302 10.00391865]
FPR95:			9.98
AUROC: 			98.15
AUPR:  			98.54
processing out_dataset: dtd
sample ood energy scores for dtd: [11.26186752 12.58858776 15.42579556 14.34707165 20.5810585 ]
FPR95:			46.38
AUROC: 			86.52
AUPR:  			88.38
processing out_dataset: LSUN
sample ood energy scores for LSUN: [ 7.88221645 10.92014694  8.4374094   9.45616913 12.74719906]
FPR95:			1.65
AUROC: 			99.61
AUPR:  			99.62
processing out_dataset: LSUN_resize
sample ood energy scores for LSUN_resize: [14.26376057 13.29475975 13.14246845 13.26865292 13.35336018]
FPR95:			9.60
AUROC: 			98.08
AUPR:  			98.31
AVG
FPR95:			21.94
AUROC: 			94.82
AUPR:  			95.26
---------- Processing OOD Finished ----------
