evaluation parameter: Namespace(p=None, ash_p=90, threshold=None, epoch='100', scale_threshold=None, ood_scale_type='avg', ood_eval_type='standard', ood_eval_method='ASH', embedding_dim=512, in_dataset='ImageNet-1K', ood_loc='datasets/ood-imagenet/', out_dataset='iSUN-dummy', id_loc='datasets/in-imagenet/val', batch_size=64, checkpoint='model', normalize=False, num_classes=1000, model='densenet_imagenet121', noise=0.0015, temp=1.0, score='energy', device=device(type='mps'), ckpt='/Users/abidhassan/Desktop/adapt/experiments/checkpoints/densenet_imagenet121/ImageNet-1K/model.pt', info='/Users/abidhassan/Desktop/adapt/experiments/checkpoints/densenet_imagenet121/ImageNet-1K/model_feature_stats.npy')
setting up model: densenet_imagenet121
Number of model parameters: 7978856
loading existing model:/Users/abidhassan/Desktop/adapt/experiments/checkpoints/densenet_imagenet121/ImageNet-1K/model.pt
---------- Processing ID Starts ------------
sample id energy scores for ImageNet-1K: [103.4329071  135.33439636 110.84605408 147.8440094  153.12814331]
---------- Processing ID Finished ----------
---------- Processing OOD Starts ------------
processing out_dataset: SUN
sample ood energy scores for SUN: [73.38507843 68.4125061  45.20172119 36.6567955  48.91068649]
FPR95:			37.20
AUROC: 			91.51
AUPR:  			97.88
processing out_dataset: Places
sample ood energy scores for Places: [58.19848633 76.05046082 52.7836647  57.21446991 60.34560776]
FPR95:			46.54
AUROC: 			88.79
AUPR:  			97.18
processing out_dataset: imagenet_dtd
sample ood energy scores for imagenet_dtd: [35.45614243 24.22240067 31.61249161 43.05611801 39.33421326]
FPR95:			21.76
AUROC: 			95.04
AUPR:  			99.28
processing out_dataset: iNaturalist
sample ood energy scores for iNaturalist: [36.48045349 38.35128021 62.29340744 42.48882675 43.82991409]
FPR95:			15.50
AUROC: 			97.03
AUPR:  			99.35
AVG
FPR95:			30.25
AUROC: 			93.09
AUPR:  			98.42
---------- Processing OOD Finished ----------
