evaluation parameter: Namespace(p=None, ash_p=None, threshold=1.0, epoch='100', scale_threshold=0.05, ood_scale_type='avg', ood_eval_type='adaptive', ood_eval_method='ReAct', embedding_dim=512, in_dataset='CIFAR-100', ood_loc='datasets/ood/', out_dataset='iSUN-dummy', id_loc='datasets/in/', batch_size=64, checkpoint='model', normalize=False, num_classes=100, model='densenet101', noise=0.0015, temp=1.0, score='energy', device=device(type='mps'), ckpt='/Users/abidhassan/Desktop/adapt/experiments/checkpoints/densenet101/CIFAR-100/model.pt', info='/Users/abidhassan/Desktop/adapt/experiments/checkpoints/densenet101/CIFAR-100/model_feature_stats.npy')
setting up model: densenet101
Number of model parameters: 800032
loading existing model:/Users/abidhassan/Desktop/adapt/experiments/checkpoints/densenet101/CIFAR-100/model.pt
---------- Processing ID Starts ------------
sample id energy scores for CIFAR-100: [0.3223497  0.34722593 0.41340408 0.33116126 0.27433699]
---------- Processing ID Finished ----------
---------- Processing OOD Starts ------------
processing out_dataset: SVHN
sample ood energy scores for SVHN: [0.26425937 0.25160918 0.25410688 0.25073278 0.28646499]
FPR95:			13.84
AUROC: 			97.36
AUPR:  			97.51
processing out_dataset: places365
sample ood energy scores for places365: [0.46661523 0.3555125  0.40016395 0.33091092 0.37358385]
FPR95:			81.44
AUROC: 			74.15
AUPR:  			75.15
processing out_dataset: iSUN
sample ood energy scores for iSUN: [0.23742878 0.27253243 0.30859062 0.2313664  0.26893109]
FPR95:			20.10
AUROC: 			96.20
AUPR:  			96.83
processing out_dataset: dtd
sample ood energy scores for dtd: [0.14172687 0.14225045 0.13842234 0.13263361 0.16280422]
FPR95:			27.64
AUROC: 			93.63
AUPR:  			95.86
processing out_dataset: LSUN
sample ood energy scores for LSUN: [0.2647334  0.30467108 0.15290928 0.29501441 0.27519152]
FPR95:			4.55
AUROC: 			99.08
AUPR:  			99.08
processing out_dataset: LSUN_resize
sample ood energy scores for LSUN_resize: [0.26979139 0.32606593 0.31684804 0.34714794 0.30556491]
FPR95:			19.88
AUROC: 			96.30
AUPR:  			96.71
AVG
FPR95:			27.91
AUROC: 			92.79
AUPR:  			93.52
---------- Processing OOD Finished ----------
