evaluation parameter: Namespace(p=5, ash_p=None, threshold=1.5, epoch='100', scale_threshold=1.0, ood_scale_type='max', ood_eval_type='adaptive', ood_eval_method='ReAct+DICE', embedding_dim=512, in_dataset='ImageNet-1K', ood_loc='datasets/ood-imagenet/', out_dataset='iSUN-dummy', id_loc='datasets/in-imagenet/val', batch_size=64, checkpoint='model', normalize=False, num_classes=1000, model='resnet_imagenet50', noise=0.0015, temp=1.0, score='energy', device=device(type='mps'), ckpt='/Users/abidhassan/Desktop/adapt/experiments/checkpoints/resnet_imagenet50/ImageNet-1K/model.pt', info=array([0.39548653, 0.609871  , 0.47972758, ..., 0.35055298, 0.46431382,
       0.36834772]))
setting up model: resnet_imagenet50
Number of model parameters: 25557032
loading existing model:/Users/abidhassan/Desktop/adapt/experiments/checkpoints/resnet_imagenet50/ImageNet-1K/model.pt
---------- Processing ID Starts ------------
sample id energy scores for ImageNet-1K: [13.38209438 13.9581089  12.81276512 14.33079147 16.54704285]
---------- Processing ID Finished ----------
---------- Processing OOD Starts ------------
processing out_dataset: SUN
sample ood energy scores for SUN: [ 8.79067516 10.15708923  8.82971573  6.95266581  8.48294067]
FPR95:			25.33
AUROC: 			94.46
AUPR:  			98.65
processing out_dataset: Places
sample ood energy scores for Places: [11.67751789 10.95254707 10.07658005  7.96109676 10.67923927]
FPR95:			36.92
AUROC: 			91.67
AUPR:  			97.93
processing out_dataset: imagenet_dtd
sample ood energy scores for imagenet_dtd: [6.0712738  7.16283798 6.49261236 6.39341021 6.34492207]
FPR95:			13.81
AUROC: 			97.02
AUPR:  			99.60
processing out_dataset: iNaturalist
sample ood energy scores for iNaturalist: [ 8.0757513   9.26200676 10.08175468  9.95791721  8.94427586]
FPR95:			12.35
AUROC: 			97.61
AUPR:  			99.50
AVG
FPR95:			22.10
AUROC: 			95.19
AUPR:  			98.92
---------- Processing OOD Finished ----------
