evaluation parameter: Namespace(p=None, ash_p=None, threshold=None, epoch='100', scale_threshold=3.0, ood_scale_type='std', ood_eval_type='adaptive', ood_eval_method='baseline/msp', embedding_dim=512, in_dataset='CIFAR-100', ood_loc='datasets/ood/', out_dataset='iSUN-dummy', id_loc='datasets/in/', batch_size=64, checkpoint='model', normalize=False, num_classes=100, model='resnet34', noise=0.0015, temp=1.0, score='msp', device=device(type='mps'), ckpt='/Users/abidhassan/Desktop/adapt/experiments/checkpoints/resnet34/CIFAR-100/model.pt', info='/Users/abidhassan/Desktop/adapt/experiments/checkpoints/resnet34/CIFAR-100/model_feature_stats.npy')
setting up model: resnet34
Number of model parameters: 21328292
loading existing model:/Users/abidhassan/Desktop/adapt/experiments/checkpoints/resnet34/CIFAR-100/model.pt
---------- Processing ID Starts ------------
sample id msp scores for CIFAR-100: [0.20231141 0.40218619 0.42200029 0.44733885 0.30933166]
---------- Processing ID Finished ----------
---------- Processing OOD Starts ------------
processing out_dataset: SVHN
sample ood msp scores for SVHN: [0.08818214 0.08191562 0.09303523 0.08598749 0.12850815]
FPR95:			51.03
AUROC: 			91.66
AUPR:  			93.40
processing out_dataset: places365
sample ood msp scores for places365: [0.38195631 0.16572769 0.27803496 0.34127983 0.26902366]
FPR95:			82.57
AUROC: 			69.59
AUPR:  			67.08
processing out_dataset: iSUN
sample ood msp scores for iSUN: [0.14328258 0.18169069 0.27225208 0.15266258 0.09733374]
FPR95:			77.58
AUROC: 			79.30
AUPR:  			82.97
processing out_dataset: dtd
sample ood msp scores for dtd: [0.15014443 0.14438851 0.12623584 0.11491816 0.0777459 ]
FPR95:			69.95
AUROC: 			85.83
AUPR:  			91.90
processing out_dataset: LSUN
sample ood msp scores for LSUN: [0.22947854 0.27391824 0.10911295 0.06168632 0.26839659]
FPR95:			52.95
AUROC: 			91.68
AUPR:  			93.48
processing out_dataset: LSUN_resize
sample ood msp scores for LSUN_resize: [0.26015142 0.23177981 0.2150086  0.39098772 0.295919  ]
FPR95:			76.89
AUROC: 			78.26
AUPR:  			80.31
AVG
FPR95:			68.49
AUROC: 			82.72
AUPR:  			84.86
---------- Processing OOD Finished ----------
