evaluation parameter: Namespace(p=None, ash_p=95, threshold=None, epoch='100', scale_threshold=None, ood_scale_type='avg', ood_eval_type='standard', ood_eval_method='ASH', embedding_dim=512, in_dataset='CIFAR-10', ood_loc='datasets/ood/', out_dataset='iSUN-dummy', id_loc='datasets/in/', batch_size=64, checkpoint='model', normalize=False, num_classes=10, model='densenet101', noise=0.0015, temp=1.0, score='energy', device=device(type='mps'), ckpt='/Users/abidhassan/Desktop/adapt/experiments/checkpoints/densenet101/CIFAR-10/model.pt', info='/Users/abidhassan/Desktop/adapt/experiments/checkpoints/densenet101/CIFAR-10/model_feature_stats.npy')
setting up model: densenet101
Number of model parameters: 769162
loading existing model:/Users/abidhassan/Desktop/adapt/experiments/checkpoints/densenet101/CIFAR-10/model.pt
---------- Processing ID Starts ------------
sample id energy scores for CIFAR-10: [126.71488953 139.96713257 129.91281128  62.84148026 107.49133301]
---------- Processing ID Finished ----------
---------- Processing OOD Starts ------------
processing out_dataset: SVHN
sample ood energy scores for SVHN: [35.75688171 34.42904282 37.96216583 28.17636299 38.88346481]
FPR95:			4.18
AUROC: 			99.13
AUPR:  			99.18
processing out_dataset: places365
sample ood energy scores for places365: [72.03063202 81.07885742 33.25581741 43.58172989 53.22415543]
FPR95:			50.79
AUROC: 			88.05
AUPR:  			87.54
processing out_dataset: iSUN
sample ood energy scores for iSUN: [39.57958603 52.5547142  36.20379257 39.66216278 30.62606621]
FPR95:			9.21
AUROC: 			98.15
AUPR:  			98.51
processing out_dataset: dtd
sample ood energy scores for dtd: [31.92123222 34.62481689 44.51977158 41.7141037  67.1725769 ]
FPR95:			25.53
AUROC: 			94.91
AUPR:  			96.83
processing out_dataset: LSUN
sample ood energy scores for LSUN: [19.13725471 71.9640274  26.24485779 46.13431931 51.4621048 ]
FPR95:			3.87
AUROC: 			99.22
AUPR:  			99.28
processing out_dataset: LSUN_resize
sample ood energy scores for LSUN_resize: [66.99513245 56.11915588 43.15571594 61.737854   38.88980103]
FPR95:			10.84
AUROC: 			97.88
AUPR:  			98.10
AVG
FPR95:			17.40
AUROC: 			96.22
AUPR:  			96.57
---------- Processing OOD Finished ----------
