evaluation parameter: Namespace(p=None, ash_p=None, threshold=None, epoch='100', scale_threshold=10.0, ood_scale_type='max', ood_eval_type='adaptive', ood_eval_method='baseline/energy', embedding_dim=512, in_dataset='CIFAR-10', ood_loc='datasets/ood/', out_dataset='iSUN-dummy', id_loc='datasets/in/', batch_size=64, checkpoint='model', normalize=False, num_classes=10, model='resnet18', noise=0.0015, temp=1.0, score='energy', device=device(type='mps'), ckpt='/Users/abidhassan/Desktop/adapt/experiments/checkpoints/resnet18/CIFAR-10/model.pt', info='/Users/abidhassan/Desktop/adapt/experiments/checkpoints/resnet18/CIFAR-10/model_feature_stats.npy')
setting up model: resnet18
Number of model parameters: 11173962
loading existing model:/Users/abidhassan/Desktop/adapt/experiments/checkpoints/resnet18/CIFAR-10/model.pt
---------- Processing ID Starts ------------
sample id energy scores for CIFAR-10: [17.24047089 14.02387428 11.48273849  8.92000771 16.26242828]
---------- Processing ID Finished ----------
---------- Processing OOD Starts ------------
processing out_dataset: SVHN
sample ood energy scores for SVHN: [3.00230527 2.61637354 2.53611684 2.54836631 2.85096073]
FPR95:			9.72
AUROC: 			98.25
AUPR:  			98.48
processing out_dataset: places365
sample ood energy scores for places365: [3.77262306 7.37443972 5.13848782 3.02927017 4.6669836 ]
FPR95:			36.31
AUROC: 			93.05
AUPR:  			93.30
processing out_dataset: iSUN
sample ood energy scores for iSUN: [7.78010273 5.26196241 3.37241554 3.95761514 4.06045103]
FPR95:			14.17
AUROC: 			97.67
AUPR:  			98.31
processing out_dataset: dtd
sample ood energy scores for dtd: [3.34556413 4.02424908 1.79536366 3.61113524 0.81187826]
FPR95:			22.68
AUROC: 			96.47
AUPR:  			98.12
processing out_dataset: LSUN
sample ood energy scores for LSUN: [1.53992927 2.4138298  1.48076594 4.30211973 3.28904152]
FPR95:			1.29
AUROC: 			99.65
AUPR:  			99.68
processing out_dataset: LSUN_resize
sample ood energy scores for LSUN_resize: [5.36308241 3.19026041 5.5441227  4.3860755  2.58838129]
FPR95:			13.03
AUROC: 			97.75
AUPR:  			98.22
AVG
FPR95:			16.20
AUROC: 			97.14
AUPR:  			97.68
---------- Processing OOD Finished ----------
