evaluation parameter: Namespace(p=None, ash_p=None, threshold=1.0, epoch='100', scale_threshold=None, ood_scale_type='avg', ood_eval_type='standard', ood_eval_method='ReAct', embedding_dim=512, in_dataset='ImageNet-1K', ood_loc='datasets/ood-imagenet/', out_dataset='iSUN-dummy', id_loc='datasets/in-imagenet/val', batch_size=64, checkpoint='model', normalize=False, num_classes=1000, model='mobilenetv2_imagenet', noise=0.0015, temp=1.0, score='energy', device=device(type='mps'), ckpt='/Users/abidhassan/Desktop/adapt/experiments/checkpoints/mobilenetv2_imagenet/ImageNet-1K/model.pt', info='/Users/abidhassan/Desktop/adapt/experiments/checkpoints/mobilenetv2_imagenet/ImageNet-1K/model_feature_stats.npy')
setting up model: mobilenetv2_imagenet
Number of model parameters: 3504872
loading existing model:/Users/abidhassan/Desktop/adapt/experiments/checkpoints/mobilenetv2_imagenet/ImageNet-1K/model.pt
---------- Processing ID Starts ------------
sample id energy scores for ImageNet-1K: [ 9.46006584 10.5852623   8.64305115 14.46243286 13.48337078]
---------- Processing ID Finished ----------
---------- Processing OOD Starts ------------
processing out_dataset: SUN
sample ood energy scores for SUN: [9.47797012 9.09044647 8.53373146 8.5962429  9.9323349 ]
FPR95:			52.46
AUROC: 			87.26
AUPR:  			96.79
processing out_dataset: Places
sample ood energy scores for Places: [ 8.44573784 10.46350098  8.68976974 10.50881863  8.08493614]
FPR95:			59.89
AUROC: 			84.07
AUPR:  			95.91
processing out_dataset: imagenet_dtd
sample ood energy scores for imagenet_dtd: [8.77192974 8.44366074 8.45687866 8.53356934 8.55842876]
FPR95:			40.25
AUROC: 			90.96
AUPR:  			98.70
processing out_dataset: iNaturalist
sample ood energy scores for iNaturalist: [8.15077686 9.23989868 8.48378181 8.84438133 8.34417439]
FPR95:			43.05
AUROC: 			92.72
AUPR:  			98.46
AVG
FPR95:			48.91
AUROC: 			88.75
AUPR:  			97.46
---------- Processing OOD Finished ----------
