evaluation parameter: Namespace(p=None, ash_p=None, threshold=None, epoch='100', scale_threshold=1.0, ood_scale_type='median', ood_eval_type='adaptive', ood_eval_method='baseline/msp', embedding_dim=512, in_dataset='ImageNet-1K', ood_loc='datasets/ood-imagenet/', out_dataset='iSUN-dummy', id_loc='datasets/in-imagenet/val', batch_size=64, checkpoint='model', normalize=False, num_classes=1000, model='mobilenetv2_imagenet', noise=0.0015, temp=1.0, score='msp', device=device(type='mps'), ckpt='/Users/abidhassan/Desktop/adapt/experiments/checkpoints/mobilenetv2_imagenet/ImageNet-1K/model.pt', info='/Users/abidhassan/Desktop/adapt/experiments/checkpoints/mobilenetv2_imagenet/ImageNet-1K/model_feature_stats.npy')
setting up model: mobilenetv2_imagenet
Number of model parameters: 3504872
loading existing model:/Users/abidhassan/Desktop/adapt/experiments/checkpoints/mobilenetv2_imagenet/ImageNet-1K/model.pt
---------- Processing ID Starts ------------
sample id msp scores for ImageNet-1K: [0.09909377 0.09495404 0.02776397 0.18515244 0.32583368]
---------- Processing ID Finished ----------
---------- Processing OOD Starts ------------
processing out_dataset: SUN
sample ood msp scores for SUN: [0.10263007 0.0255671  0.0240086  0.02963008 0.1051762 ]
FPR95:			66.47
AUROC: 			83.52
AUPR:  			96.07
processing out_dataset: Places
sample ood msp scores for Places: [0.01196709 0.15324166 0.05591173 0.15734486 0.00624296]
FPR95:			70.73
AUROC: 			82.29
AUPR:  			95.76
processing out_dataset: imagenet_dtd
sample ood msp scores for imagenet_dtd: [0.05560906 0.02467643 0.02398976 0.03882168 0.06093519]
FPR95:			73.14
AUROC: 			76.11
AUPR:  			95.72
processing out_dataset: iNaturalist
sample ood msp scores for iNaturalist: [0.0254154  0.02651467 0.03128651 0.09680581 0.01980476]
FPR95:			57.43
AUROC: 			87.31
AUPR:  			97.00
AVG
FPR95:			66.94
AUROC: 			82.31
AUPR:  			96.14
---------- Processing OOD Finished ----------
