evaluation parameter: Namespace(p=5, ash_p=None, threshold=1.5, epoch='100', scale_threshold=0.1, ood_scale_type='median', ood_eval_type='adaptive', ood_eval_method='ReAct+DICE', embedding_dim=512, in_dataset='ImageNet-1K', ood_loc='datasets/ood-imagenet/', out_dataset='iSUN-dummy', id_loc='datasets/in-imagenet/val', batch_size=64, checkpoint='model', normalize=False, num_classes=1000, model='resnet_imagenet50', noise=0.0015, temp=1.0, score='energy', device=device(type='mps'), ckpt='/Users/abidhassan/Desktop/adapt/experiments/checkpoints/resnet_imagenet50/ImageNet-1K/model.pt', info=array([0.39548653, 0.609871  , 0.47972758, ..., 0.35055298, 0.46431382,
       0.36834772]))
setting up model: resnet_imagenet50
Number of model parameters: 25557032
loading existing model:/Users/abidhassan/Desktop/adapt/experiments/checkpoints/resnet_imagenet50/ImageNet-1K/model.pt
---------- Processing ID Starts ------------
sample id energy scores for ImageNet-1K: [0.7722159  0.90462208 0.79121768 0.70111781 1.08108544]
---------- Processing ID Finished ----------
---------- Processing OOD Starts ------------
processing out_dataset: SUN
sample ood energy scores for SUN: [0.39349419 0.52503526 0.27200958 0.25000781 0.52364707]
FPR95:			25.08
AUROC: 			95.12
AUPR:  			98.89
processing out_dataset: Places
sample ood energy scores for Places: [0.50378209 0.44519907 0.47379982 0.34566748 0.50892353]
FPR95:			32.71
AUROC: 			93.07
AUPR:  			98.36
processing out_dataset: imagenet_dtd
sample ood energy scores for imagenet_dtd: [0.48739198 0.51524472 0.52155364 0.52268851 0.56314307]
FPR95:			49.06
AUROC: 			89.81
AUPR:  			98.62
processing out_dataset: iNaturalist
sample ood energy scores for iNaturalist: [0.32836547 0.49831438 0.4760139  0.52246034 0.47136384]
FPR95:			19.82
AUROC: 			96.42
AUPR:  			99.26
AVG
FPR95:			31.67
AUROC: 			93.61
AUPR:  			98.78
---------- Processing OOD Finished ----------
