evaluation parameter: Namespace(p=None, ash_p=None, threshold=None, epoch='100', scale_threshold=0.3, ood_scale_type='avg', ood_eval_type='adaptive', ood_eval_method='baseline/energy', embedding_dim=512, in_dataset='CIFAR-10', ood_loc='datasets/ood/', out_dataset='iSUN-dummy', id_loc='datasets/in/', batch_size=64, checkpoint='model', normalize=False, num_classes=10, model='densenet101', noise=0.0015, temp=1.0, score='energy', device=device(type='mps'), ckpt='/Users/abidhassan/Desktop/adapt/experiments/checkpoints/densenet101/CIFAR-10/model.pt', info='/Users/abidhassan/Desktop/adapt/experiments/checkpoints/densenet101/CIFAR-10/model_feature_stats.npy')
setting up model: densenet101
Number of model parameters: 769162
loading existing model:/Users/abidhassan/Desktop/adapt/experiments/checkpoints/densenet101/CIFAR-10/model.pt
---------- Processing ID Starts ------------
sample id energy scores for CIFAR-10: [1.40437126 1.60357237 1.03333938 0.69503909 1.07156312]
---------- Processing ID Finished ----------
---------- Processing OOD Starts ------------
processing out_dataset: SVHN
sample ood energy scores for SVHN: [0.34860885 0.28734142 0.39450055 0.2610257  0.46920025]
FPR95:			7.89
AUROC: 			98.39
AUPR:  			98.59
processing out_dataset: places365
sample ood energy scores for places365: [0.56978434 0.67062604 0.32671088 0.29431769 0.48546821]
FPR95:			38.41
AUROC: 			91.61
AUPR:  			91.41
processing out_dataset: iSUN
sample ood energy scores for iSUN: [0.37076953 0.3596617  0.26451856 0.26279238 0.25653753]
FPR95:			7.62
AUROC: 			98.38
AUPR:  			98.79
processing out_dataset: dtd
sample ood energy scores for dtd: [0.30428666 0.3304103  0.44914177 0.38291952 0.67428815]
FPR95:			37.59
AUROC: 			91.38
AUPR:  			93.78
processing out_dataset: LSUN
sample ood energy scores for LSUN: [0.18287009 0.30949619 0.22515583 0.27364147 0.38772684]
FPR95:			2.65
AUROC: 			99.39
AUPR:  			99.44
processing out_dataset: LSUN_resize
sample ood energy scores for LSUN_resize: [0.54426664 0.41303053 0.44977891 0.3767662  0.37500626]
FPR95:			8.29
AUROC: 			98.26
AUPR:  			98.55
AVG
FPR95:			17.07
AUROC: 			96.23
AUPR:  			96.76
---------- Processing OOD Finished ----------
