evaluation parameter: Namespace(p=65, ash_p=None, threshold=None, epoch='100', scale_threshold=None, ood_scale_type='avg', ood_eval_type='standard', ood_eval_method='DICE', embedding_dim=512, in_dataset='ImageNet-1K', ood_loc='datasets/ood-imagenet/', out_dataset='iSUN-dummy', id_loc='datasets/in-imagenet/val', batch_size=64, checkpoint='model', normalize=False, num_classes=1000, model='resnet_imagenet34', noise=0.0015, temp=1.0, score='energy', device=device(type='mps'), ckpt='/Users/abidhassan/Desktop/adapt/experiments/checkpoints/resnet_imagenet34/ImageNet-1K/model.pt', info=array([0.87497713, 0.8933021 , 1.04006469, 1.00121723, 0.88475524,
       0.92311567, 1.03855409, 0.82630691, 1.07987936, 0.98382528,
       0.99973542, 0.90470835, 1.04586554, 0.86297414, 0.87216651,
       1.14284369, 1.02957294, 0.95676932, 0.95142819, 0.95186731,
       1.20520382, 0.87040055, 0.993417  , 0.85551349, 0.87921512,
       0.8558796 , 0.87266055, 0.95526905, 1.05348034, 1.02604385,
       1.15063202, 0.97471305, 0.91186035, 0.93519068, 0.77884442,
       1.02706231, 1.04131165, 0.83716716, 1.0490455 , 0.79224355,
       0.87902229, 0.91168423, 0.95960847, 1.04817365, 0.83501504,
       0.85868642, 0.83658929, 1.21891089, 0.92279693, 0.89442242,
       0.94616331, 1.27912937, 0.75407359, 1.08811391, 0.81289621,
       0.83954152, 0.91956392, 0.88813575, 0.97428872, 0.9250196 ,
       1.08164503, 0.93410368, 0.95391041, 0.99515811, 0.92330427,
       0.82716039, 0.85698275, 0.89053127, 0.86560067, 0.98891255,
       1.05364424, 1.06145106, 0.92466131, 0.92013424, 0.95873615,
       1.1844072 , 0.89904394, 1.04780997, 0.95440129, 0.85886959,
       0.98766839, 1.12527114, 0.95174596, 0.79780522, 0.97067471,
       0.97257979, 1.18597816, 0.90135532, 0.86276441, 0.8088145 ,
       1.57005195, 0.92940119, 0.97114645, 0.93139198, 0.8748045 ,
       1.04926793, 1.09289958, 0.94675689, 0.96092803, 0.94851669,
       0.87629215, 0.97868226, 0.95318874, 0.90533646, 0.84961079,
       0.90289045, 0.97837552, 0.886001  , 0.85961405, 0.90278784,
       0.95558535, 0.90389823, 1.11618105, 0.85547756, 0.96327838,
       0.9383104 , 1.01195304, 0.96594615, 1.08759496, 0.85945955,
       1.0215846 , 0.97847994, 0.91804379, 0.97380948, 0.81818983,
       0.96531597, 0.9187266 , 1.08239238, 0.91886222, 0.95540416,
       0.82996851, 0.90986453, 0.90882613, 1.07546031, 0.98597122,
       0.88624649, 0.92804634, 0.92284919, 0.86588178, 0.88405775,
       1.03616148, 0.95535879, 0.9498412 , 0.98667957, 0.90097974,
       1.05942682, 1.2865466 , 0.99152685, 0.99533504, 0.89772211,
       0.88267688, 0.98385981, 0.91908572, 1.16927799, 0.85595007,
       0.88529226, 1.042616  , 0.99833763, 1.04288708, 0.9325362 ,
       1.09837185, 0.88306485, 0.99362596, 0.90218334, 1.44387469,
       0.92380776, 0.99884275, 0.94575355, 0.91724454, 0.86016903,
       0.92987215, 0.85260064, 0.90584619, 0.98192622, 0.94584693,
       0.98392688, 1.06588858, 0.78942972, 1.01634248, 0.99615372,
       0.91742198, 0.89559882, 0.99473425, 0.92168181, 0.90090894,
       0.92586518, 0.76387061, 0.89092574, 0.97367253, 1.0548174 ,
       0.94901023, 0.90882016, 0.88018351, 0.9386408 , 0.87557217,
       0.97664272, 0.94089822, 0.88842388, 0.97649148, 0.86873319,
       0.8589543 , 0.96760765, 0.96378928, 0.94512365, 0.81845903,
       1.13395511, 1.08834602, 1.09968211, 1.0148981 , 0.98422147,
       0.79688022, 0.90361028, 0.92992198, 0.98739179, 0.88442454,
       0.94723455, 0.89360689, 0.92840479, 0.91458434, 1.01290582,
       0.91574286, 1.26001911, 0.88337378, 0.82577143, 0.98439021,
       0.91360546, 0.98472949, 0.95671188, 1.04981242, 0.81326874,
       0.8606876 , 0.94644261, 0.96430094, 1.06843397, 0.9762306 ,
       0.95521956, 0.89914903, 1.03789099, 0.8423219 , 0.90072802,
       0.90352325, 1.09965441, 1.10715031, 0.91956607, 0.88474543,
       0.82847896, 0.88248713, 0.92974092, 0.92124443, 0.90684556,
       0.94930426, 0.84473495, 0.93935881, 1.10487233, 0.98331377,
       1.05079298, 0.9149987 , 0.95610439, 0.87574922, 0.92877588,
       0.95492716, 0.8593287 , 0.82039119, 1.01981781, 0.89923332,
       1.2702235 , 0.97321681, 0.93384027, 0.96344632, 0.93799578,
       0.90397864, 1.25899165, 0.98111487, 1.04863357, 0.89371242,
       0.88163812, 0.9521818 , 1.03339198, 1.10309878, 0.86839719,
       1.11843587, 0.8379552 , 0.91334064, 0.81192874, 1.5206605 ,
       0.91264909, 1.18690918, 0.79849204, 0.90378821, 0.86798782,
       0.94456327, 0.74920954, 1.05375223, 0.84224248, 0.98687177,
       1.20651666, 1.02139895, 0.93573732, 1.23758224, 0.94314014,
       0.90267986, 0.96869283, 0.95059621, 0.93552206, 0.97202417,
       0.77136867, 0.91152476, 0.92843996, 1.05136868, 1.02290141,
       0.92411862, 1.07435466, 0.88924228, 0.88767986, 0.9688296 ,
       1.05333378, 1.0410485 , 0.85499083, 0.92814323, 1.01109166,
       1.26570152, 0.88470841, 1.0097929 , 1.11303347, 0.85588595,
       0.87507907, 0.97326051, 0.90475555, 0.96653593, 1.04917866,
       1.15377317, 1.00319521, 0.88483239, 0.94998363, 0.92718824,
       0.91453304, 0.9530848 , 0.96713582, 0.96781203, 0.91119458,
       0.98128378, 0.90967531, 0.8785827 , 0.82605615, 0.95915911,
       0.92965779, 0.95906379, 1.05868081, 1.11180976, 0.91515776,
       0.90789618, 1.00545634, 1.03610021, 0.78027149, 0.86011282,
       0.7994809 , 0.81313559, 0.97349989, 0.9035346 , 0.98284906,
       0.95129136, 1.16663108, 0.83497277, 1.04161634, 0.93190347,
       0.89460871, 0.9484366 , 0.8338058 , 0.93924417, 0.94375939,
       0.97003816, 1.0192085 , 0.96421125, 0.92697413, 0.94104759,
       0.95738826, 0.9229065 , 0.9324184 , 0.87911902, 1.23600869,
       0.91155447, 0.78136057, 1.02823059, 1.03615987, 0.87493034,
       0.97961949, 0.87980069, 0.93030456, 0.97393891, 0.89481856,
       0.93784059, 0.92856657, 1.1423633 , 0.81836615, 0.88035961,
       1.0280416 , 0.87621537, 0.95881402, 1.59829701, 0.91955384,
       1.14861561, 0.77011563, 0.88530588, 0.98559587, 0.85850422,
       0.84538003, 0.8691331 , 0.9357926 , 0.87480381, 0.88485175,
       0.87053448, 0.87580595, 0.9722475 , 0.90092498, 1.04744995,
       0.90951114, 1.02678181, 1.16020371, 0.89043491, 0.95013912,
       0.82209306, 0.95227363, 0.95356435, 0.95119046, 0.87863788,
       0.79536148, 0.86151785, 0.87359766, 0.88380396, 1.16587086,
       0.84343906, 0.81421082, 0.87940651, 1.00832855, 0.91861988,
       0.75393678, 1.06117475, 0.95031368, 1.18099879, 0.7874985 ,
       0.92799601, 0.88737079, 0.89154537, 0.94743189, 1.00072178,
       0.85966745, 0.96171845, 1.03005783, 1.00921691, 0.98959251,
       0.99417239, 0.84583003, 0.89458139, 0.88656655, 1.10225986,
       0.89831266, 0.85895597, 0.91858442, 0.91045531, 0.86839157,
       1.17854788, 1.08296639, 0.91501222, 0.98820157, 1.04919618,
       1.06134188, 0.86520289, 0.86378981, 0.92341632, 1.29454288,
       0.92216858, 0.85779926, 0.89067351, 1.01840605, 0.96038429,
       0.79718556, 1.02422554, 1.07067654, 0.96638588, 1.14320932,
       0.99509913, 0.98437896, 1.02556272, 1.30887297, 0.92513315,
       1.03194368, 0.931177  , 0.90714199, 1.30479916, 1.09052981,
       0.91180334, 1.19325206, 1.04350923, 1.11479803, 1.04214343,
       1.08156074, 0.88827228, 0.85673436, 0.86054421, 1.04608696,
       1.04533205, 0.94804982, 1.03672797, 0.92576726, 0.93625445,
       1.02185533, 0.85581809, 0.90203954, 1.10872565, 1.00062366,
       0.86692213, 0.94337828]))
setting up model: resnet_imagenet34
Number of model parameters: 21797672
loading existing model:/Users/abidhassan/Desktop/adapt/experiments/checkpoints/resnet_imagenet34/ImageNet-1K/model.pt
---------- Processing ID Starts ------------
sample id energy scores for ImageNet-1K: [24.74959373 24.05180359 22.97770309 30.09769058 28.14800644]
---------- Processing ID Finished ----------
---------- Processing OOD Starts ------------
processing out_dataset: SUN
sample ood energy scores for SUN: [19.27907944 18.06643105 18.22411156 15.49857044 21.12189102]
FPR95:			38.03
AUROC: 			90.20
AUPR:  			97.38
processing out_dataset: Places
sample ood energy scores for Places: [20.77192497 19.25788689 17.15263557 17.04633522 18.46026039]
FPR95:			48.40
AUROC: 			87.18
AUPR:  			96.66
processing out_dataset: imagenet_dtd
sample ood energy scores for imagenet_dtd: [16.85105324 15.46879387 15.15628338 15.56651115 15.61356068]
FPR95:			34.72
AUROC: 			90.24
AUPR:  			98.46
processing out_dataset: iNaturalist
sample ood energy scores for iNaturalist: [15.07258797 19.96471214 18.26578903 16.90768623 19.75459099]
FPR95:			35.34
AUROC: 			92.22
AUPR:  			98.18
AVG
FPR95:			39.12
AUROC: 			89.96
AUPR:  			97.67
---------- Processing OOD Finished ----------
