evaluation parameter: Namespace(p=None, ash_p=None, threshold=None, epoch='100', scale_threshold=10.0, ood_scale_type='std', ood_eval_type='adaptive', ood_eval_method='baseline/msp', embedding_dim=512, in_dataset='CIFAR-10', ood_loc='datasets/ood/', out_dataset='iSUN-dummy', id_loc='datasets/in/', batch_size=64, checkpoint='model', normalize=False, num_classes=10, model='densenet101', noise=0.0015, temp=1.0, score='msp', device=device(type='mps'), ckpt='/Users/abidhassan/Desktop/adapt/experiments/checkpoints/densenet101/CIFAR-10/model.pt', info='/Users/abidhassan/Desktop/adapt/experiments/checkpoints/densenet101/CIFAR-10/model_feature_stats.npy')
setting up model: densenet101
Number of model parameters: 769162
loading existing model:/Users/abidhassan/Desktop/adapt/experiments/checkpoints/densenet101/CIFAR-10/model.pt
---------- Processing ID Starts ------------
sample id msp scores for CIFAR-10: [0.23191953 0.19560184 0.19038616 0.16983554 0.18572673]
---------- Processing ID Finished ----------
---------- Processing OOD Starts ------------
processing out_dataset: SVHN
sample ood msp scores for SVHN: [0.08485668 0.08340047 0.07364479 0.03899713 0.08764996]
FPR95:			9.48
AUROC: 			97.78
AUPR:  			97.73
processing out_dataset: places365
sample ood msp scores for places365: [0.1640041  0.17713994 0.08079659 0.05654788 0.09117921]
FPR95:			55.26
AUROC: 			87.29
AUPR:  			87.10
processing out_dataset: iSUN
sample ood msp scores for iSUN: [0.08697099 0.11680848 0.09684098 0.05772232 0.05893211]
FPR95:			17.92
AUROC: 			96.78
AUPR:  			97.50
processing out_dataset: dtd
sample ood msp scores for dtd: [0.03975357 0.03660287 0.06811959 0.05655714 0.07534561]
FPR95:			23.63
AUROC: 			95.39
AUPR:  			97.18
processing out_dataset: LSUN
sample ood msp scores for LSUN: [0.05255839 0.12418901 0.06144152 0.10524058 0.09117518]
FPR95:			6.49
AUROC: 			98.62
AUPR:  			98.80
processing out_dataset: LSUN_resize
sample ood msp scores for LSUN_resize: [0.13652591 0.09049416 0.11576235 0.08515113 0.09544219]
FPR95:			19.61
AUROC: 			96.65
AUPR:  			97.17
AVG
FPR95:			22.07
AUROC: 			95.42
AUPR:  			95.91
---------- Processing OOD Finished ----------
