evaluation parameter: Namespace(p=None, ash_p=None, threshold=None, epoch='100', scale_threshold=5.0, ood_scale_type='entropy', ood_eval_type='adaptive', ood_eval_method='baseline/msp', embedding_dim=512, in_dataset='CIFAR-10', ood_loc='datasets/ood/', out_dataset='iSUN-dummy', id_loc='datasets/in/', batch_size=64, checkpoint='model', normalize=False, num_classes=10, model='densenet101', noise=0.0015, temp=1.0, score='msp', device=device(type='mps'), ckpt='/Users/abidhassan/Desktop/adapt/experiments/checkpoints/densenet101/CIFAR-10/model.pt', info='/Users/abidhassan/Desktop/adapt/experiments/checkpoints/densenet101/CIFAR-10/model_feature_stats.npy')
setting up model: densenet101
Number of model parameters: 769162
loading existing model:/Users/abidhassan/Desktop/adapt/experiments/checkpoints/densenet101/CIFAR-10/model.pt
---------- Processing ID Starts ------------
sample id msp scores for CIFAR-10: [0.24737319 0.24507551 0.24459502 0.20511837 0.24666949]
---------- Processing ID Finished ----------
---------- Processing OOD Starts ------------
processing out_dataset: SVHN
sample ood msp scores for SVHN: [0.09261169 0.15266325 0.24225649 0.11465202 0.22515085]
FPR95:			63.89
AUROC: 			90.76
AUPR:  			93.42
processing out_dataset: places365
sample ood msp scores for places365: [0.17827411 0.14286865 0.14332354 0.12938741 0.22406124]
FPR95:			59.99
AUROC: 			89.29
AUPR:  			90.47
processing out_dataset: iSUN
sample ood msp scores for iSUN: [0.14123565 0.14965332 0.0893835  0.10198199 0.14316523]
FPR95:			32.43
AUROC: 			95.72
AUPR:  			97.06
processing out_dataset: dtd
sample ood msp scores for dtd: [0.222876   0.21750429 0.20461574 0.186313   0.11263576]
FPR95:			55.53
AUROC: 			92.04
AUPR:  			96.19
processing out_dataset: LSUN
sample ood msp scores for LSUN: [0.13790384 0.08786886 0.10598744 0.14390315 0.19989395]
FPR95:			22.36
AUROC: 			96.98
AUPR:  			97.62
processing out_dataset: LSUN_resize
sample ood msp scores for LSUN_resize: [0.21955709 0.21495701 0.16094588 0.24281578 0.06561998]
FPR95:			32.83
AUROC: 			95.68
AUPR:  			96.75
AVG
FPR95:			44.50
AUROC: 			93.41
AUPR:  			95.25
---------- Processing OOD Finished ----------
