evaluation parameter: Namespace(p=None, ash_p=None, threshold=None, epoch='100', scale_threshold=2.0, ood_scale_type='avg', ood_eval_type='adaptive', ood_eval_method='baseline/msp', embedding_dim=512, in_dataset='ImageNet-1K', ood_loc='datasets/ood-imagenet/', out_dataset='iSUN-dummy', id_loc='datasets/in-imagenet/val', batch_size=64, checkpoint='model', normalize=False, num_classes=1000, model='resnet_imagenet34', noise=0.0015, temp=1.0, score='msp', device=device(type='mps'), ckpt='/Users/abidhassan/Desktop/adapt/experiments/checkpoints/resnet_imagenet34/ImageNet-1K/model.pt', info='/Users/abidhassan/Desktop/adapt/experiments/checkpoints/resnet_imagenet34/ImageNet-1K/model_feature_stats.npy')
setting up model: resnet_imagenet34
Number of model parameters: 21797672
loading existing model:/Users/abidhassan/Desktop/adapt/experiments/checkpoints/resnet_imagenet34/ImageNet-1K/model.pt
---------- Processing ID Starts ------------
sample id msp scores for ImageNet-1K: [0.52563328 0.84544402 0.31183931 0.85397941 0.9364171 ]
---------- Processing ID Finished ----------
---------- Processing OOD Starts ------------
processing out_dataset: SUN
sample ood msp scores for SUN: [0.22409977 0.37724864 0.26058224 0.07272828 0.25384402]
FPR95:			61.84
AUROC: 			85.01
AUPR:  			96.39
processing out_dataset: Places
sample ood msp scores for Places: [0.32505223 0.66053224 0.22121024 0.47877234 0.0859713 ]
FPR95:			65.95
AUROC: 			83.24
AUPR:  			95.88
processing out_dataset: imagenet_dtd
sample ood msp scores for imagenet_dtd: [0.31592208 0.14125215 0.04671083 0.17053612 0.24765833]
FPR95:			57.68
AUROC: 			86.03
AUPR:  			98.10
processing out_dataset: iNaturalist
sample ood msp scores for iNaturalist: [0.12416621 0.41133094 0.2771939  0.19185813 0.19733018]
FPR95:			47.15
AUROC: 			90.33
AUPR:  			97.85
AVG
FPR95:			58.15
AUROC: 			86.15
AUPR:  			97.05
---------- Processing OOD Finished ----------
