evaluation parameter: Namespace(p=None, ash_p=None, threshold=1.1, epoch='100', scale_threshold=0.4, ood_scale_type='std', ood_eval_type='adaptive', ood_eval_method='ReAct', embedding_dim=512, in_dataset='ImageNet-1K', ood_loc='datasets/ood-imagenet/', out_dataset='iSUN-dummy', id_loc='datasets/in-imagenet/val', batch_size=64, checkpoint='model', normalize=False, num_classes=1000, model='mobilenetv2_imagenet', noise=0.0015, temp=1.0, score='energy', device=device(type='mps'), ckpt='/Users/abidhassan/Desktop/adapt/experiments/checkpoints/mobilenetv2_imagenet/ImageNet-1K/model.pt', info='/Users/abidhassan/Desktop/adapt/experiments/checkpoints/mobilenetv2_imagenet/ImageNet-1K/model_feature_stats.npy')
setting up model: mobilenetv2_imagenet
Number of model parameters: 3504872
loading existing model:/Users/abidhassan/Desktop/adapt/experiments/checkpoints/mobilenetv2_imagenet/ImageNet-1K/model.pt
---------- Processing ID Starts ------------
sample id energy scores for ImageNet-1K: [3.1782732  3.84599471 3.15523148 5.45372581 4.92587614]
---------- Processing ID Finished ----------
---------- Processing OOD Starts ------------
processing out_dataset: SUN
sample ood energy scores for SUN: [2.57968807 2.65503621 2.63957143 2.09552693 2.60978985]
FPR95:			34.93
AUROC: 			92.27
AUPR:  			98.13
processing out_dataset: Places
sample ood energy scores for Places: [2.87717581 3.35404992 2.48562646 2.98159838 2.7075181 ]
FPR95:			49.98
AUROC: 			88.05
AUPR:  			97.01
processing out_dataset: imagenet_dtd
sample ood energy scores for imagenet_dtd: [1.63871503 1.51308882 1.51755273 1.63712418 1.77407849]
FPR95:			9.11
AUROC: 			97.68
AUPR:  			99.69
processing out_dataset: iNaturalist
sample ood energy scores for iNaturalist: [1.82238233 2.76173806 2.90032864 2.90729284 2.04447103]
FPR95:			25.21
AUROC: 			95.53
AUPR:  			99.06
AVG
FPR95:			29.81
AUROC: 			93.38
AUPR:  			98.47
---------- Processing OOD Finished ----------
