evaluation parameter: Namespace(p=None, ash_p=None, threshold=None, epoch='100', scale_threshold=6.0, ood_scale_type='max', ood_eval_type='adaptive', ood_eval_method='baseline/msp', embedding_dim=512, in_dataset='ImageNet-1K', ood_loc='datasets/ood-imagenet/', out_dataset='iSUN-dummy', id_loc='datasets/in-imagenet/val', batch_size=64, checkpoint='model', normalize=False, num_classes=1000, model='resnet_imagenet34', noise=0.0015, temp=1.0, score='msp', device=device(type='mps'), ckpt='/Users/abidhassan/Desktop/adapt/experiments/checkpoints/resnet_imagenet34/ImageNet-1K/model.pt', info='/Users/abidhassan/Desktop/adapt/experiments/checkpoints/resnet_imagenet34/ImageNet-1K/model_feature_stats.npy')
setting up model: resnet_imagenet34
Number of model parameters: 21797672
loading existing model:/Users/abidhassan/Desktop/adapt/experiments/checkpoints/resnet_imagenet34/ImageNet-1K/model.pt
---------- Processing ID Starts ------------
sample id msp scores for ImageNet-1K: [2.07947683 3.2600801  1.30327594 3.55264187 3.39064312]
---------- Processing ID Finished ----------
---------- Processing OOD Starts ------------
processing out_dataset: SUN
sample ood msp scores for SUN: [0.91167575 1.43095624 1.24795723 0.30535102 0.8696366 ]
FPR95:			63.65
AUROC: 			83.73
AUPR:  			95.94
processing out_dataset: Places
sample ood msp scores for Places: [1.43604457 2.95864129 0.92235559 2.04805446 0.38120034]
FPR95:			67.61
AUROC: 			81.64
AUPR:  			95.27
processing out_dataset: imagenet_dtd
sample ood msp scores for imagenet_dtd: [1.03147638 0.47952649 0.14363919 0.55037582 0.7393254 ]
FPR95:			51.70
AUROC: 			89.12
AUPR:  			98.60
processing out_dataset: iNaturalist
sample ood msp scores for iNaturalist: [0.69549042 1.5070076  1.32146037 0.82094687 0.72219878]
FPR95:			47.46
AUROC: 			90.23
AUPR:  			97.82
AVG
FPR95:			57.61
AUROC: 			86.18
AUPR:  			96.91
---------- Processing OOD Finished ----------
