evaluation parameter: Namespace(p=None, ash_p=None, threshold=0.4, epoch='100', scale_threshold=3.0, ood_scale_type='entropy', ood_eval_type='adaptive', ood_eval_method='ReAct', embedding_dim=512, in_dataset='CIFAR-10', ood_loc='datasets/ood/', out_dataset='iSUN-dummy', id_loc='datasets/in/', batch_size=64, checkpoint='model', normalize=False, num_classes=10, model='resnet18', noise=0.0015, temp=1.0, score='energy', device=device(type='mps'), ckpt='/Users/abidhassan/Desktop/adapt/experiments/checkpoints/resnet18/CIFAR-10/model.pt', info='/Users/abidhassan/Desktop/adapt/experiments/checkpoints/resnet18/CIFAR-10/model_feature_stats.npy')
setting up model: resnet18
Number of model parameters: 11173962
loading existing model:/Users/abidhassan/Desktop/adapt/experiments/checkpoints/resnet18/CIFAR-10/model.pt
---------- Processing ID Starts ------------
sample id energy scores for CIFAR-10: [4.88345909 4.09848833 3.8526082  2.88759255 4.36900043]
---------- Processing ID Finished ----------
---------- Processing OOD Starts ------------
processing out_dataset: SVHN
sample ood energy scores for SVHN: [2.3171823  1.9158721  1.92246258 1.73245096 1.9171021 ]
FPR95:			40.32
AUROC: 			94.25
AUPR:  			95.71
processing out_dataset: places365
sample ood energy scores for places365: [1.65242338 2.7316556  2.29695415 1.74039221 1.99722922]
FPR95:			39.76
AUROC: 			92.54
AUPR:  			93.00
processing out_dataset: iSUN
sample ood energy scores for iSUN: [3.26106143 2.35668445 1.59366095 2.08710456 2.05431986]
FPR95:			22.24
AUROC: 			96.49
AUPR:  			97.39
processing out_dataset: dtd
sample ood energy scores for dtd: [2.28142834 2.43971229 1.80180216 2.3645041  1.17392528]
FPR95:			37.87
AUROC: 			93.99
AUPR:  			96.88
processing out_dataset: LSUN
sample ood energy scores for LSUN: [1.13643837 1.58223677 1.38086224 2.38197112 2.15013027]
FPR95:			13.64
AUROC: 			97.70
AUPR:  			98.10
processing out_dataset: LSUN_resize
sample ood energy scores for LSUN_resize: [2.33889985 1.694368   2.37376022 2.15719557 1.52082264]
FPR95:			18.89
AUROC: 			96.92
AUPR:  			97.50
AVG
FPR95:			28.79
AUROC: 			95.31
AUPR:  			96.43
---------- Processing OOD Finished ----------
