evaluation parameter: Namespace(p=70, ash_p=None, threshold=None, epoch='100', scale_threshold=None, ood_scale_type='avg', ood_eval_type='standard', ood_eval_method='DICE', embedding_dim=512, in_dataset='ImageNet-1K', ood_loc='datasets/ood-imagenet/', out_dataset='iSUN-dummy', id_loc='datasets/in-imagenet/val', batch_size=64, checkpoint='model', normalize=False, num_classes=1000, model='densenet_imagenet121', noise=0.0015, temp=1.0, score='energy', device=device(type='mps'), ckpt='/Users/abidhassan/Desktop/adapt/experiments/checkpoints/densenet_imagenet121/ImageNet-1K/model.pt', info=array([3.25278653e-04, 4.59110271e-03, 3.30814905e-03, ...,
       1.44082381e+00, 9.87815909e-01, 1.11724579e+00]))
setting up model: densenet_imagenet121
Number of model parameters: 7978856
loading existing model:/Users/abidhassan/Desktop/adapt/experiments/checkpoints/densenet_imagenet121/ImageNet-1K/model.pt
---------- Processing ID Starts ------------
sample id energy scores for ImageNet-1K: [24.94792366 28.60703087 24.58607674 27.74563599 28.80603218]
---------- Processing ID Finished ----------
---------- Processing OOD Starts ------------
processing out_dataset: SUN
sample ood energy scores for SUN: [19.65970039 19.11303329 16.10287094 13.71622849 17.43348122]
FPR95:			38.75
AUROC: 			89.91
AUPR:  			97.26
processing out_dataset: Places
sample ood energy scores for Places: [20.44042015 19.60322571 16.51395226 16.02972984 18.47429276]
FPR95:			49.29
AUROC: 			86.24
AUPR:  			96.28
processing out_dataset: imagenet_dtd
sample ood energy scores for imagenet_dtd: [14.26603699 12.49061203 15.46081829 15.39237404 16.92222786]
FPR95:			40.85
AUROC: 			88.09
AUPR:  			97.93
processing out_dataset: iNaturalist
sample ood energy scores for iNaturalist: [13.30502605 15.42735577 18.97704124 16.366745   17.16575432]
FPR95:			25.78
AUROC: 			94.37
AUPR:  			98.68
AVG
FPR95:			38.67
AUROC: 			89.65
AUPR:  			97.54
---------- Processing OOD Finished ----------
