evaluation parameter: Namespace(p=None, ash_p=None, threshold=None, epoch='100', scale_threshold=3.0, ood_scale_type='entropy', ood_eval_type='adaptive', ood_eval_method='baseline/msp', embedding_dim=512, in_dataset='CIFAR-10', ood_loc='datasets/ood/', out_dataset='iSUN-dummy', id_loc='datasets/in/', batch_size=64, checkpoint='model', normalize=False, num_classes=10, model='resnet18', noise=0.0015, temp=1.0, score='msp', device=device(type='mps'), ckpt='/Users/abidhassan/Desktop/adapt/experiments/checkpoints/resnet18/CIFAR-10/model.pt', info='/Users/abidhassan/Desktop/adapt/experiments/checkpoints/resnet18/CIFAR-10/model_feature_stats.npy')
setting up model: resnet18
Number of model parameters: 11173962
loading existing model:/Users/abidhassan/Desktop/adapt/experiments/checkpoints/resnet18/CIFAR-10/model.pt
---------- Processing ID Starts ------------
sample id msp scores for CIFAR-10: [0.37904257 0.37270078 0.37171307 0.36652634 0.37990698]
---------- Processing ID Finished ----------
---------- Processing OOD Starts ------------
processing out_dataset: SVHN
sample ood msp scores for SVHN: [0.27244025 0.27044359 0.29076988 0.269173   0.25098726]
FPR95:			58.23
AUROC: 			93.11
AUPR:  			95.26
processing out_dataset: places365
sample ood msp scores for places365: [0.31027555 0.36512789 0.35667515 0.30595285 0.36031976]
FPR95:			62.81
AUROC: 			89.84
AUPR:  			91.71
processing out_dataset: iSUN
sample ood msp scores for iSUN: [0.36668268 0.36502874 0.25424981 0.35992235 0.35961771]
FPR95:			55.29
AUROC: 			92.70
AUPR:  			95.22
processing out_dataset: dtd
sample ood msp scores for dtd: [0.2999343  0.31648377 0.27180603 0.33488661 0.13699153]
FPR95:			61.06
AUROC: 			91.96
AUPR:  			96.28
processing out_dataset: LSUN
sample ood msp scores for LSUN: [0.14128326 0.25842533 0.25474447 0.33009693 0.26821125]
FPR95:			48.72
AUROC: 			94.37
AUPR:  			96.10
processing out_dataset: LSUN_resize
sample ood msp scores for LSUN_resize: [0.33835787 0.27800465 0.32868013 0.34564123 0.14352198]
FPR95:			53.22
AUROC: 			93.00
AUPR:  			95.01
AVG
FPR95:			56.56
AUROC: 			92.50
AUPR:  			94.93
---------- Processing OOD Finished ----------
