evaluation parameter: Namespace(p=90, ash_p=None, threshold=None, epoch='100', scale_threshold=3.0, ood_scale_type='std', ood_eval_type='adaptive', ood_eval_method='DICE', embedding_dim=512, in_dataset='CIFAR-10', ood_loc='datasets/ood/', out_dataset='iSUN-dummy', id_loc='datasets/in/', batch_size=64, checkpoint='model', normalize=False, num_classes=10, model='densenet101', noise=0.0015, temp=1.0, score='energy', device=device(type='mps'), ckpt='/Users/abidhassan/Desktop/adapt/experiments/checkpoints/densenet101/CIFAR-10/model.pt', info=array([1.74158963e-02, 5.52760776e-02, 1.30078144e-02, 2.82835317e-01,
       4.90044790e-02, 2.14031904e-01, 2.24831670e-04, 4.46581396e-02,
       1.69869267e-02, 5.42827524e-03, 2.42663536e-02, 2.73221289e-03,
       4.27389995e-02, 8.14157716e-03, 4.90344111e-02, 1.99290445e-03,
       3.23089791e-03, 7.97481516e-03, 8.85566498e-04, 1.48226702e-02,
       7.22400343e-02, 3.08708016e-03, 2.94379887e-02, 1.64465833e-04,
       4.18078516e-03, 2.65771315e-03, 3.49370248e-03, 6.06479149e-03,
       1.73393075e-02, 7.30359726e-03, 1.01748208e-02, 1.21040406e-02,
       8.41084751e-03, 3.43067410e-02, 7.89801228e-03, 6.31939770e-04,
       4.35939382e-02, 9.24053975e-03, 1.36737731e-02, 1.85012819e-03,
       4.02799648e-03, 8.11185646e-02, 4.18743780e-03, 6.34072479e-02,
       6.75720792e-03, 1.37382953e-03, 4.12153502e-02, 1.40477183e-01,
       3.53777237e-02, 5.76411714e-02, 1.54634282e-03, 2.64024899e-02,
       2.06075742e-02, 1.26604379e-02, 8.50010701e-03, 1.18335821e-03,
       2.01862873e-02, 3.93470431e-03, 1.28117764e-02, 1.47963565e-02,
       4.73712620e-02, 4.59528331e-02, 9.39979457e-02, 6.15403295e-03,
       5.70071323e-03, 5.08917187e-03, 2.96639171e-02, 4.59459294e-03,
       1.06864853e-03, 2.26489239e-02, 4.18643587e-03, 3.93519685e-01,
       8.28250673e-03, 1.26646975e-03, 8.42519729e-03, 5.43311373e-03,
       2.52454065e-03, 4.39941485e-03, 1.00832229e-02, 4.60186522e-03,
       1.72529654e-02, 3.70539751e-02, 4.53868899e-03, 2.35816772e-02,
       5.55358569e-03, 9.36307902e-03, 5.14550673e-03, 9.39590608e-03,
       1.09319856e-02, 2.90054071e-02, 7.59902655e-03, 2.86567204e-02,
       3.48307395e-03, 6.27080458e-03, 4.69479393e-02, 3.44446167e-02,
       2.59401285e-02, 2.95731050e-04, 7.07143063e-02, 4.26154324e-03,
       4.67614587e-03, 1.73083894e-01, 8.08752240e-03, 1.22324075e-02,
       2.24114693e-04, 2.11381626e-02, 6.19411809e-04, 3.88880422e-03,
       1.50438654e-02, 5.93702003e-03, 7.60292756e-03, 2.08599526e-03,
       1.81734379e-04, 1.73328163e-03, 4.68318903e-03, 3.69379987e-03,
       1.50377719e-03, 3.23248843e-02, 9.63446753e-04, 1.68684973e-03,
       3.62628676e-03, 1.26218151e-02, 2.58855310e-02, 9.76113740e-04,
       2.38388149e-02, 5.79413301e-02, 3.52962410e-02, 1.03528606e-02,
       1.42074032e-03, 4.61362448e-03, 3.01853540e-03, 3.27461385e-02,
       6.24983615e-03, 3.97005612e-03, 1.98990530e-02, 8.59291990e-04,
       1.96915063e-01, 6.21143768e-03, 4.18853454e-02, 2.27630003e-02,
       1.02497978e-02, 4.56936640e-02, 5.48114424e-02, 5.18058779e-01,
       1.89711563e-01, 6.83990577e-03, 1.57525465e-01, 5.35548180e-03,
       2.14596050e-02, 1.44200941e-03, 3.78662247e-03, 2.64727275e-04,
       1.62046928e-03, 9.31442478e-04, 1.28459988e-02, 2.68147571e-03,
       5.55352462e-03, 1.87490713e-03, 3.01978615e-02, 1.25224901e-04,
       1.88545532e-04, 3.89899090e-04, 1.37574921e-02, 3.88300138e-03,
       6.64653593e-03, 8.16362233e-04, 1.27759630e-03, 5.10301875e-02,
       1.89549532e-03, 1.82379209e-03, 6.84864156e-03, 1.22595649e-03,
       1.62905773e-03, 1.05162023e-03, 2.70644610e-03, 1.10636087e-02,
       5.30575018e-03, 1.64758940e-03, 1.42725130e-03, 3.10481522e-02,
       1.62726477e-02, 4.51695512e-03, 1.19732792e-02, 2.25829483e-03,
       1.41182498e-02, 2.03884118e-03, 4.82370233e-02, 2.45693107e-03,
       4.05746545e-03, 1.73843407e-02, 2.67474878e-03, 3.56827655e-02,
       5.30909070e-03, 5.91709600e-03, 9.06840774e-04, 8.93656115e-04,
       5.31139839e-03, 2.72729143e-03, 7.97232574e-03, 6.31799196e-03,
       9.93067234e-03, 5.75625331e-03, 9.91386894e-04, 1.81235340e-03,
       2.98341582e-03, 2.01905582e-03, 7.37452326e-03, 8.40994112e-03,
       4.14081028e-02, 6.34105039e-01, 6.63746716e-03, 9.75983868e-02,
       1.56083572e-02, 1.77984429e-02, 5.27068933e-03, 4.15161319e-03,
       1.33968589e-03, 5.70267536e-02, 7.25311826e-03, 6.16751121e-03,
       2.13715664e-03, 5.23730240e-01, 4.46712657e-01, 2.07187583e-02,
       3.17996650e-01, 3.85673192e-03, 4.56008172e-03, 2.49148558e-01,
       1.66824656e-02, 3.12676721e-02, 5.24881915e-03, 4.65977255e-02,
       2.35159097e-03, 1.04667169e-02, 8.17187424e-03, 1.30128242e-02,
       7.37044078e-03, 8.21079449e-03, 1.89658397e-03, 2.50595626e-03,
       7.59888221e-03, 2.66645655e-03, 2.58321268e-01, 2.41542908e-02,
       8.79575503e-03, 1.20478596e-01, 3.16239147e-03, 1.53394787e-03,
       7.26349383e-01, 4.59833889e-03, 5.03944124e-01, 2.42911965e-03,
       1.04014367e-03, 4.24115587e-02, 3.43952713e-01, 5.10006158e-03,
       8.22979885e-02, 8.46154688e-02, 1.30469449e-02, 1.79516178e-01,
       1.37520782e-02, 1.48669261e-01, 5.75124143e-02, 2.80426681e-02,
       1.64306100e-03, 1.94831828e-02, 7.95918779e-03, 1.39070791e-01,
       4.21508036e-03, 3.91647009e-01, 1.44754471e-02, 5.53163703e-02,
       7.54054366e-03, 5.36674824e-02, 2.16874019e-02, 6.15004603e-01,
       5.26822593e-01, 3.87033554e-02, 5.43980455e-01, 3.01773143e-02,
       7.54176643e-03, 4.97773530e-01, 6.03975672e-01, 7.59422019e-01,
       2.55981735e-01, 1.57004516e-02, 6.86599300e-01, 2.57612720e-01,
       5.76504773e-01, 1.32212122e-02, 4.76102922e-01, 9.38558316e-03,
       1.00695627e-02, 2.89535897e-02, 1.53750078e-02, 6.14197825e-02,
       8.70901066e-01, 1.31079656e-02, 3.57392181e-01, 1.72130831e-02,
       5.04523531e-01, 6.31704330e-02, 2.00906539e-02, 1.00276213e-01,
       5.97621687e-01, 3.68630252e-01, 3.93528157e-01, 7.71788419e-01,
       6.80320600e-01, 3.40667651e-03, 5.91425734e-01, 7.67097489e-02,
       4.45756731e-01, 3.74752782e-01, 3.87945972e-01, 6.30264821e-01,
       7.60771306e-01, 6.74106827e-01, 6.55989732e-01, 7.57167017e-01,
       2.04380260e-01, 6.32501369e-01, 7.11047849e-01, 6.04475893e-01,
       3.57686739e-01, 6.97556141e-01, 6.26004221e-01, 4.95684452e-01,
       1.89589236e-01, 3.42426320e-01, 5.44825880e-01, 2.56578009e-01,
       4.42784921e-01, 8.93732087e-01, 6.34967684e-01, 6.49108810e-01,
       4.13299754e-01, 3.65840712e-01, 4.92620059e-01, 4.19580484e-01,
       3.50309961e-01, 5.03583348e-01]))
setting up model: densenet101
Number of model parameters: 769162
loading existing model:/Users/abidhassan/Desktop/adapt/experiments/checkpoints/densenet101/CIFAR-10/model.pt
---------- Processing ID Starts ------------
sample id energy scores for CIFAR-10: [3.15151048 3.15150666 2.38469267 1.66812992 3.38053942]
---------- Processing ID Finished ----------
---------- Processing OOD Starts ------------
processing out_dataset: SVHN
sample ood energy scores for SVHN: [0.52278113 0.41450873 1.09162092 0.65255851 1.00616312]
FPR95:			5.33
AUROC: 			98.95
AUPR:  			99.02
processing out_dataset: places365
sample ood energy scores for places365: [1.733446   1.72483218 0.6640963  0.97978562 1.39596701]
FPR95:			41.71
AUROC: 			91.84
AUPR:  			92.02
processing out_dataset: iSUN
sample ood energy scores for iSUN: [0.49958518 0.56583416 1.04486239 0.43441564 0.74693704]
FPR95:			1.88
AUROC: 			99.48
AUPR:  			99.59
processing out_dataset: dtd
sample ood energy scores for dtd: [0.32052743 0.28718713 0.19683674 0.31755894 0.55968815]
FPR95:			15.28
AUROC: 			96.95
AUPR:  			98.15
processing out_dataset: LSUN
sample ood energy scores for LSUN: [0.56289214 0.77207583 0.27441159 0.84107614 0.94366175]
FPR95:			0.09
AUROC: 			99.95
AUPR:  			99.95
processing out_dataset: LSUN_resize
sample ood energy scores for LSUN_resize: [0.60928971 1.01249218 0.78022534 1.34232557 0.81062603]
FPR95:			2.06
AUROC: 			99.43
AUPR:  			99.51
AVG
FPR95:			11.06
AUROC: 			97.77
AUPR:  			98.04
---------- Processing OOD Finished ----------
