evaluation parameter: Namespace(p=None, ash_p=None, threshold=0.5, epoch='100', scale_threshold=0.5, ood_scale_type='std', ood_eval_type='adaptive', ood_eval_method='ReAct', embedding_dim=512, in_dataset='CIFAR-10', ood_loc='datasets/ood/', out_dataset='iSUN-dummy', id_loc='datasets/in/', batch_size=64, checkpoint='model', normalize=False, num_classes=10, model='resnet18', noise=0.0015, temp=1.0, score='energy', device=device(type='mps'), ckpt='/Users/abidhassan/Desktop/adapt/experiments/checkpoints/resnet18/CIFAR-10/model.pt', info='/Users/abidhassan/Desktop/adapt/experiments/checkpoints/resnet18/CIFAR-10/model_feature_stats.npy')
setting up model: resnet18
Number of model parameters: 11173962
loading existing model:/Users/abidhassan/Desktop/adapt/experiments/checkpoints/resnet18/CIFAR-10/model.pt
---------- Processing ID Starts ------------
sample id energy scores for CIFAR-10: [3.64915776 2.40878487 2.57240009 1.93083215 3.08935857]
---------- Processing ID Finished ----------
---------- Processing OOD Starts ------------
processing out_dataset: SVHN
sample ood energy scores for SVHN: [0.81554806 0.75285518 0.66431111 0.69763911 0.76650536]
FPR95:			9.64
AUROC: 			98.26
AUPR:  			98.45
processing out_dataset: places365
sample ood energy scores for places365: [1.04061663 1.74274254 1.09340882 0.82969546 1.17288923]
FPR95:			37.22
AUROC: 			92.80
AUPR:  			93.18
processing out_dataset: iSUN
sample ood energy scores for iSUN: [1.67297995 1.35617816 0.96775109 0.90111971 1.23204994]
FPR95:			11.36
AUROC: 			98.02
AUPR:  			98.50
processing out_dataset: dtd
sample ood energy scores for dtd: [0.8489753  1.05264151 0.53424996 0.95115578 0.24638495]
FPR95:			17.29
AUROC: 			97.13
AUPR:  			98.45
processing out_dataset: LSUN
sample ood energy scores for LSUN: [0.46906072 0.70527869 0.43731588 1.08706748 0.91747928]
FPR95:			1.76
AUROC: 			99.58
AUPR:  			99.61
processing out_dataset: LSUN_resize
sample ood energy scores for LSUN_resize: [1.1222266  0.95569724 1.27302146 1.31172538 0.74144828]
FPR95:			10.77
AUROC: 			98.06
AUPR:  			98.39
AVG
FPR95:			14.67
AUROC: 			97.31
AUPR:  			97.76
---------- Processing OOD Finished ----------
