evaluation parameter: Namespace(p=None, ash_p=None, threshold=None, epoch='100', scale_threshold=2.0, ood_scale_type='median', ood_eval_type='adaptive', ood_eval_method='baseline/msp', embedding_dim=512, in_dataset='ImageNet-1K', ood_loc='datasets/ood-imagenet/', out_dataset='iSUN-dummy', id_loc='datasets/in-imagenet/val', batch_size=64, checkpoint='model', normalize=False, num_classes=1000, model='resnet_imagenet34', noise=0.0015, temp=1.0, score='msp', device=device(type='mps'), ckpt='/Users/abidhassan/Desktop/adapt/experiments/checkpoints/resnet_imagenet34/ImageNet-1K/model.pt', info='/Users/abidhassan/Desktop/adapt/experiments/checkpoints/resnet_imagenet34/ImageNet-1K/model_feature_stats.npy')
setting up model: resnet_imagenet34
Number of model parameters: 21797672
loading existing model:/Users/abidhassan/Desktop/adapt/experiments/checkpoints/resnet_imagenet34/ImageNet-1K/model.pt
---------- Processing ID Starts ------------
sample id msp scores for ImageNet-1K: [0.34417745 0.57548434 0.18407556 0.48966253 0.69231421]
---------- Processing ID Finished ----------
---------- Processing OOD Starts ------------
processing out_dataset: SUN
sample ood msp scores for SUN: [0.1441465  0.260692   0.10096281 0.04716963 0.19651923]
FPR95:			60.27
AUROC: 			85.89
AUPR:  			96.62
processing out_dataset: Places
sample ood msp scores for Places: [0.1482062  0.35521659 0.14331076 0.29028955 0.04159351]
FPR95:			62.90
AUROC: 			84.67
AUPR:  			96.30
processing out_dataset: imagenet_dtd
sample ood msp scores for imagenet_dtd: [0.25298014 0.1127625  0.03887415 0.13265681 0.20742199]
FPR95:			65.41
AUROC: 			80.44
AUPR:  			96.78
processing out_dataset: iNaturalist
sample ood msp scores for iNaturalist: [0.06048893 0.29380119 0.1144061  0.1148203  0.14914277]
FPR95:			49.01
AUROC: 			89.52
AUPR:  			97.59
AVG
FPR95:			59.40
AUROC: 			85.13
AUPR:  			96.82
---------- Processing OOD Finished ----------
