evaluation parameter: Namespace(p=None, ash_p=None, threshold=1.1, epoch='100', scale_threshold=1.1, ood_scale_type='std', ood_eval_type='adaptive', ood_eval_method='ReAct', embedding_dim=512, in_dataset='CIFAR-10', ood_loc='datasets/ood/', out_dataset='iSUN-dummy', id_loc='datasets/in/', batch_size=64, checkpoint='model', normalize=False, num_classes=10, model='resnet34', noise=0.0015, temp=1.0, score='energy', device=device(type='mps'), ckpt='/Users/abidhassan/Desktop/adapt/experiments/checkpoints/resnet34/CIFAR-10/model.pt', info='/Users/abidhassan/Desktop/adapt/experiments/checkpoints/resnet34/CIFAR-10/model_feature_stats.npy')
setting up model: resnet34
Number of model parameters: 21282122
loading existing model:/Users/abidhassan/Desktop/adapt/experiments/checkpoints/resnet34/CIFAR-10/model.pt
---------- Processing ID Starts ------------
sample id energy scores for CIFAR-10: [3.45353675 2.92977262 2.05870771 1.60688734 3.66057396]
---------- Processing ID Finished ----------
---------- Processing OOD Starts ------------
processing out_dataset: SVHN
sample ood energy scores for SVHN: [0.74112147 0.87241626 0.76892483 1.08240092 0.78194427]
FPR95:			15.68
AUROC: 			97.25
AUPR:  			97.44
processing out_dataset: places365
sample ood energy scores for places365: [0.97763455 2.00141335 1.02766657 0.54153925 0.98221469]
FPR95:			30.03
AUROC: 			93.89
AUPR:  			93.93
processing out_dataset: iSUN
sample ood energy scores for iSUN: [1.35121262 0.80525625 0.63538325 0.58361018 0.77490979]
FPR95:			6.82
AUROC: 			98.60
AUPR:  			98.93
processing out_dataset: dtd
sample ood energy scores for dtd: [0.58953685 0.59822857 0.61012965 0.65576714 0.37481636]
FPR95:			20.90
AUROC: 			96.54
AUPR:  			98.14
processing out_dataset: LSUN
sample ood energy scores for LSUN: [0.30577078 0.53236091 0.2550174  1.36173916 1.22450805]
FPR95:			0.92
AUROC: 			99.76
AUPR:  			99.77
processing out_dataset: LSUN_resize
sample ood energy scores for LSUN_resize: [0.87356162 1.09786367 1.39488995 1.07785094 0.79908067]
FPR95:			6.44
AUROC: 			98.64
AUPR:  			98.85
AVG
FPR95:			13.47
AUROC: 			97.45
AUPR:  			97.84
---------- Processing OOD Finished ----------
