evaluation parameter: Namespace(p=None, ash_p=None, threshold=None, epoch='100', scale_threshold=10.0, ood_scale_type='entropy', ood_eval_type='adaptive', ood_eval_method='baseline/msp', embedding_dim=512, in_dataset='ImageNet-1K', ood_loc='datasets/ood-imagenet/', out_dataset='iSUN-dummy', id_loc='datasets/in-imagenet/val', batch_size=64, checkpoint='model', normalize=False, num_classes=1000, model='resnet_imagenet50', noise=0.0015, temp=1.0, score='msp', device=device(type='mps'), ckpt='/Users/abidhassan/Desktop/adapt/experiments/checkpoints/resnet_imagenet50/ImageNet-1K/model.pt', info='/Users/abidhassan/Desktop/adapt/experiments/checkpoints/resnet_imagenet50/ImageNet-1K/model_feature_stats.npy')
setting up model: resnet_imagenet50
Number of model parameters: 25557032
loading existing model:/Users/abidhassan/Desktop/adapt/experiments/checkpoints/resnet_imagenet50/ImageNet-1K/model.pt
---------- Processing ID Starts ------------
sample id msp scores for ImageNet-1K: [0.15515971 0.23282298 0.2290052  0.27991426 0.27681661]
---------- Processing ID Finished ----------
---------- Processing OOD Starts ------------
processing out_dataset: SUN
sample ood msp scores for SUN: [0.07497399 0.09512844 0.0474634  0.0186102  0.08757733]
FPR95:			67.59
AUROC: 			82.41
AUPR:  			95.56
processing out_dataset: Places
sample ood msp scores for Places: [0.15660006 0.25739241 0.18219563 0.21576639 0.06397873]
FPR95:			70.90
AUROC: 			80.79
AUPR:  			95.02
processing out_dataset: imagenet_dtd
sample ood msp scores for imagenet_dtd: [0.03651823 0.12777974 0.1404348  0.10277431 0.19040564]
FPR95:			63.87
AUROC: 			83.21
AUPR:  			97.71
processing out_dataset: iNaturalist
sample ood msp scores for iNaturalist: [0.06937235 0.1068507  0.05328615 0.02450384 0.07741725]
FPR95:			51.05
AUROC: 			89.05
AUPR:  			97.52
AVG
FPR95:			63.35
AUROC: 			83.86
AUPR:  			96.45
---------- Processing OOD Finished ----------
