evaluation parameter: Namespace(p=None, ash_p=None, threshold=None, epoch='100', scale_threshold=3.0, ood_scale_type='std', ood_eval_type='adaptive', ood_eval_method='baseline/energy', embedding_dim=512, in_dataset='CIFAR-100', ood_loc='datasets/ood/', out_dataset='iSUN-dummy', id_loc='datasets/in/', batch_size=64, checkpoint='model', normalize=False, num_classes=100, model='resnet34', noise=0.0015, temp=1.0, score='energy', device=device(type='mps'), ckpt='/Users/abidhassan/Desktop/adapt/experiments/checkpoints/resnet34/CIFAR-100/model.pt', info='/Users/abidhassan/Desktop/adapt/experiments/checkpoints/resnet34/CIFAR-100/model_feature_stats.npy')
setting up model: resnet34
Number of model parameters: 21328292
loading existing model:/Users/abidhassan/Desktop/adapt/experiments/checkpoints/resnet34/CIFAR-100/model.pt
---------- Processing ID Starts ------------
sample id energy scores for CIFAR-100: [3.31857681 5.02799463 7.43657637 7.88811159 6.90590191]
---------- Processing ID Finished ----------
---------- Processing OOD Starts ------------
processing out_dataset: SVHN
sample ood energy scores for SVHN: [3.13029575 2.59983063 2.4037168  2.68875647 3.08908176]
FPR95:			13.72
AUROC: 			97.51
AUPR:  			97.66
processing out_dataset: places365
sample ood energy scores for places365: [8.44810677 5.163095   6.12877607 3.98858881 5.10053968]
FPR95:			83.26
AUROC: 			75.66
AUPR:  			76.35
processing out_dataset: iSUN
sample ood energy scores for iSUN: [3.64211893 4.34625626 3.231529   3.21281505 3.45941305]
FPR95:			56.26
AUROC: 			89.09
AUPR:  			91.33
processing out_dataset: dtd
sample ood energy scores for dtd: [2.26857662 1.84754634 2.18762732 1.79125261 1.80027354]
FPR95:			47.82
AUROC: 			89.73
AUPR:  			94.00
processing out_dataset: LSUN
sample ood energy scores for LSUN: [3.47970057 2.74021053 2.29272556 2.71623087 2.80213451]
FPR95:			11.63
AUROC: 			97.97
AUPR:  			98.10
processing out_dataset: LSUN_resize
sample ood energy scores for LSUN_resize: [2.92648053 4.43455553 3.03827834 5.30511284 3.0154531 ]
FPR95:			58.10
AUROC: 			88.61
AUPR:  			90.32
AVG
FPR95:			45.13
AUROC: 			89.76
AUPR:  			91.29
---------- Processing OOD Finished ----------
