evaluation parameter: Namespace(p=None, ash_p=None, threshold=None, epoch='100', scale_threshold=10.0, ood_scale_type='entropy', ood_eval_type='adaptive', ood_eval_method='baseline/energy', embedding_dim=512, in_dataset='ImageNet-1K', ood_loc='datasets/ood-imagenet/', out_dataset='iSUN-dummy', id_loc='datasets/in-imagenet/val', batch_size=64, checkpoint='model', normalize=False, num_classes=1000, model='mobilenetv2_imagenet', noise=0.0015, temp=1.0, score='energy', device=device(type='mps'), ckpt='/Users/abidhassan/Desktop/adapt/experiments/checkpoints/mobilenetv2_imagenet/ImageNet-1K/model.pt', info='/Users/abidhassan/Desktop/adapt/experiments/checkpoints/mobilenetv2_imagenet/ImageNet-1K/model_feature_stats.npy')
setting up model: mobilenetv2_imagenet
Number of model parameters: 3504872
loading existing model:/Users/abidhassan/Desktop/adapt/experiments/checkpoints/mobilenetv2_imagenet/ImageNet-1K/model.pt
---------- Processing ID Starts ------------
sample id energy scores for ImageNet-1K: [4.07001829 4.74320364 3.04810762 7.2774086  7.35249567]
---------- Processing ID Finished ----------
---------- Processing OOD Starts ------------
processing out_dataset: SUN
sample ood energy scores for SUN: [3.47986603 3.09834433 2.80300856 2.68299603 3.96669865]
FPR95:			52.16
AUROC: 			87.95
AUPR:  			96.99
processing out_dataset: Places
sample ood energy scores for Places: [2.71648431 4.12949324 2.81488562 4.31182909 2.42469907]
FPR95:			61.69
AUROC: 			84.32
AUPR:  			96.07
processing out_dataset: imagenet_dtd
sample ood energy scores for imagenet_dtd: [2.71603632 2.47641325 2.561764   2.56134033 3.14067411]
FPR95:			41.17
AUROC: 			89.95
AUPR:  			98.42
processing out_dataset: iNaturalist
sample ood energy scores for iNaturalist: [2.44792843 3.56366944 2.89641738 3.25099754 2.60714459]
FPR95:			45.70
AUROC: 			92.08
AUPR:  			98.32
AVG
FPR95:			50.18
AUROC: 			88.58
AUPR:  			97.45
---------- Processing OOD Finished ----------
