evaluation parameter: Namespace(p=None, ash_p=None, threshold=None, epoch='100', ood_scale_type='feature_entropy', ood_eval_type='adaptive', ood_eval_method='ReAct', embedding_dim=512, in_dataset='ImageNet-1K', ood_loc='datasets/ood-imagenet/', out_dataset='iSUN-dummy', id_loc='datasets/in-imagenet/val', batch_size=64, checkpoint='model', normalize=False, num_classes=1000, model='resnet_imagenet50', noise=0.0015, temp=1.0, score='energy', device=device(type='mps'), ckpt='/Users/abidhassan/Desktop/adapt/experiments/checkpoints/resnet_imagenet50/ImageNet-1K/model.pt', info='/Users/abidhassan/Desktop/adapt/experiments/checkpoints/resnet_imagenet50/ImageNet-1K/model_feature_stats.npy')
setting up model: resnet_imagenet50
Number of model parameters: 25557032
loading existing model:/Users/abidhassan/Desktop/adapt/experiments/checkpoints/resnet_imagenet50/ImageNet-1K/model.pt
---------- Processing ID Starts ------------
sample id energy scores for ImageNet-1K: [0.89134341 0.83977002 0.75604534 0.97189271 1.08835161]
---------- Processing ID Finished ----------
---------- Processing OOD Starts ------------
processing out_dataset: SUN
sample ood energy scores for SUN: [0.74834645 0.77306813 0.75627923 0.7673167  0.79069412]
FPR95:			45.42
AUROC: 			87.70
AUPR:  			96.13
processing out_dataset: Places
sample ood energy scores for Places: [0.77910399 0.88479263 0.83039808 0.73297393 0.72475737]
FPR95:			53.87
AUROC: 			84.75
AUPR:  			95.26
processing out_dataset: imagenet_dtd
sample ood energy scores for imagenet_dtd: [0.75002611 0.80587631 1.06155741 0.77323234 0.75605303]
FPR95:			58.23
AUROC: 			83.27
AUPR:  			96.81
processing out_dataset: iNaturalist
sample ood energy scores for iNaturalist: [0.82882625 0.81475943 0.77627325 0.75791818 0.97086662]
FPR95:			57.86
AUROC: 			83.06
AUPR:  			94.65
AVG
FPR95:			53.84
AUROC: 			84.69
AUPR:  			95.71
---------- Processing OOD Finished ----------
