evaluation parameter: Namespace(p=None, ash_p=None, threshold=None, epoch='100', scale_threshold=5.0, ood_scale_type='entropy', ood_eval_type='adaptive', ood_eval_method='baseline/msp', embedding_dim=512, in_dataset='CIFAR-10', ood_loc='datasets/ood/', out_dataset='iSUN-dummy', id_loc='datasets/in/', batch_size=64, checkpoint='model', normalize=False, num_classes=10, model='densenet101', noise=0.0015, temp=1.0, score='msp', device=device(type='mps'), ckpt='/Users/abidhassan/Desktop/adapt/experiments/checkpoints/densenet101/CIFAR-10/model.pt', info='/Users/abidhassan/Desktop/adapt/experiments/checkpoints/densenet101/CIFAR-10/model_feature_stats.npy')
setting up model: densenet101
Number of model parameters: 769162
loading existing model:/Users/abidhassan/Desktop/adapt/experiments/checkpoints/densenet101/CIFAR-10/model.pt
---------- Processing ID Starts ------------
sample id msp scores for CIFAR-10: [0.25061232 0.24716467 0.24752069 0.24631545 0.24770556]
---------- Processing ID Finished ----------
---------- Processing OOD Starts ------------
processing out_dataset: SVHN
sample ood msp scores for SVHN: [0.20027554 0.22267091 0.19314636 0.08842296 0.16888455]
FPR95:			43.57
AUROC: 			94.36
AUPR:  			95.54
processing out_dataset: places365
sample ood msp scores for places365: [0.2448879  0.2304624  0.19476388 0.09397593 0.1437126 ]
FPR95:			62.49
AUROC: 			88.36
AUPR:  			88.68
processing out_dataset: iSUN
sample ood msp scores for iSUN: [0.24118182 0.23977548 0.15135691 0.12498383 0.11556806]
FPR95:			48.04
AUROC: 			94.11
AUPR:  			96.04
processing out_dataset: dtd
sample ood msp scores for dtd: [0.17016046 0.15052547 0.2282701  0.22674158 0.24138066]
FPR95:			64.89
AUROC: 			91.18
AUPR:  			95.66
processing out_dataset: LSUN
sample ood msp scores for LSUN: [0.13155778 0.18708995 0.19325502 0.20522617 0.14621833]
FPR95:			42.40
AUROC: 			94.89
AUPR:  			96.30
processing out_dataset: LSUN_resize
sample ood msp scores for LSUN_resize: [0.24166916 0.15120971 0.20306158 0.12995122 0.15311436]
FPR95:			47.38
AUROC: 			94.17
AUPR:  			95.75
AVG
FPR95:			51.46
AUROC: 			92.85
AUPR:  			94.66
---------- Processing OOD Finished ----------
