evaluation parameter: Namespace(p=70, ash_p=None, threshold=None, epoch='100', scale_threshold=0.1, ood_scale_type='entropy', ood_eval_type='adaptive', ood_eval_method='DICE', embedding_dim=512, in_dataset='ImageNet-1K', ood_loc='datasets/ood-imagenet/', out_dataset='iSUN-dummy', id_loc='datasets/in-imagenet/val', batch_size=64, checkpoint='model', normalize=False, num_classes=1000, model='resnet_imagenet50', noise=0.0015, temp=1.0, score='energy', device=device(type='mps'), ckpt='/Users/abidhassan/Desktop/adapt/experiments/checkpoints/resnet_imagenet50/ImageNet-1K/model.pt', info=array([0.39548653, 0.609871  , 0.47972758, ..., 0.35055298, 0.46431382,
       0.36834772]))
setting up model: resnet_imagenet50
Number of model parameters: 25557032
loading existing model:/Users/abidhassan/Desktop/adapt/experiments/checkpoints/resnet_imagenet50/ImageNet-1K/model.pt
---------- Processing ID Starts ------------
sample id energy scores for ImageNet-1K: [252.20420837 248.2170105  241.96548462 250.4052887  323.55310059]
---------- Processing ID Finished ----------
---------- Processing OOD Starts ------------
processing out_dataset: SUN
sample ood energy scores for SUN: [161.31451416 187.06546021 163.14767456 143.01812744 194.18339539]
FPR95:			36.10
AUROC: 			90.98
AUPR:  			97.63
processing out_dataset: Places
sample ood energy scores for Places: [207.18733215 202.99423218 197.05932617 152.77987671 186.49940491]
FPR95:			47.66
AUROC: 			87.73
AUPR:  			96.85
processing out_dataset: imagenet_dtd
sample ood energy scores for imagenet_dtd: [150.35118103 174.03611755 153.00198364 164.76623535 169.13102722]
FPR95:			32.46
AUROC: 			90.46
AUPR:  			98.37
processing out_dataset: iNaturalist
sample ood energy scores for iNaturalist: [156.24278259 181.18934631 190.7102356  179.51448059 200.15318298]
FPR95:			26.66
AUROC: 			94.49
AUPR:  			98.73
AVG
FPR95:			35.72
AUROC: 			90.92
AUPR:  			97.89
---------- Processing OOD Finished ----------
