evaluation parameter: Namespace(p=None, ash_p=None, threshold=None, epoch='100', scale_threshold=5.0, ood_scale_type='entropy', ood_eval_type='adaptive', ood_eval_method='baseline/energy', embedding_dim=512, in_dataset='CIFAR-10', ood_loc='datasets/ood/', out_dataset='iSUN-dummy', id_loc='datasets/in/', batch_size=64, checkpoint='model', normalize=False, num_classes=10, model='densenet101', noise=0.0015, temp=1.0, score='energy', device=device(type='mps'), ckpt='/Users/abidhassan/Desktop/adapt/experiments/checkpoints/densenet101/CIFAR-10/model.pt', info='/Users/abidhassan/Desktop/adapt/experiments/checkpoints/densenet101/CIFAR-10/model_feature_stats.npy')
setting up model: densenet101
Number of model parameters: 769162
loading existing model:/Users/abidhassan/Desktop/adapt/experiments/checkpoints/densenet101/CIFAR-10/model.pt
---------- Processing ID Starts ------------
sample id energy scores for CIFAR-10: [5.42411375 6.50157356 3.73535752 2.96225786 4.36241245]
---------- Processing ID Finished ----------
---------- Processing OOD Starts ------------
processing out_dataset: SVHN
sample ood energy scores for SVHN: [2.23991513 1.79808879 2.60833597 1.44467866 2.32615542]
FPR95:			30.84
AUROC: 			95.28
AUPR:  			96.39
processing out_dataset: places365
sample ood energy scores for places365: [2.39328146 2.70711088 1.78540373 1.2023176  1.94219124]
FPR95:			39.79
AUROC: 			91.64
AUPR:  			91.64
processing out_dataset: iSUN
sample ood energy scores for iSUN: [2.29775286 1.70861614 1.08538699 1.32388663 1.19074774]
FPR95:			13.77
AUROC: 			97.54
AUPR:  			98.24
processing out_dataset: dtd
sample ood energy scores for dtd: [2.42324972 2.72993088 3.27611804 3.10364485 4.13321018]
FPR95:			58.01
AUROC: 			86.07
AUPR:  			89.78
processing out_dataset: LSUN
sample ood energy scores for LSUN: [1.01780009 1.23951304 1.56221116 1.34976745 1.66569769]
FPR95:			7.53
AUROC: 			98.52
AUPR:  			98.75
processing out_dataset: LSUN_resize
sample ood energy scores for LSUN_resize: [2.33998656 1.67731857 1.96248472 1.42494047 1.56078362]
FPR95:			12.89
AUROC: 			97.60
AUPR:  			98.09
AVG
FPR95:			27.14
AUROC: 			94.44
AUPR:  			95.48
---------- Processing OOD Finished ----------
