evaluation parameter: Namespace(p=None, ash_p=None, threshold=None, epoch='100', scale_threshold=1.0, ood_scale_type='median', ood_eval_type='adaptive', ood_eval_method='baseline/energy', embedding_dim=512, in_dataset='CIFAR-10', ood_loc='datasets/ood/', out_dataset='iSUN-dummy', id_loc='datasets/in/', batch_size=64, checkpoint='model', normalize=False, num_classes=10, model='densenet101', noise=0.0015, temp=1.0, score='energy', device=device(type='mps'), ckpt='/Users/abidhassan/Desktop/adapt/experiments/checkpoints/densenet101/CIFAR-10/model.pt', info='/Users/abidhassan/Desktop/adapt/experiments/checkpoints/densenet101/CIFAR-10/model_feature_stats.npy')
setting up model: densenet101
Number of model parameters: 769162
loading existing model:/Users/abidhassan/Desktop/adapt/experiments/checkpoints/densenet101/CIFAR-10/model.pt
---------- Processing ID Starts ------------
sample id energy scores for CIFAR-10: [1.08116794 1.47621894 0.80252546 0.60739541 0.80797458]
---------- Processing ID Finished ----------
---------- Processing OOD Starts ------------
processing out_dataset: SVHN
sample ood energy scores for SVHN: [0.42929438 0.33841515 0.49662441 0.20463216 0.4297564 ]
FPR95:			80.77
AUROC: 			83.95
AUPR:  			87.38
processing out_dataset: places365
sample ood energy scores for places365: [0.25784716 0.42162251 0.27285245 0.15286158 0.322754  ]
FPR95:			66.20
AUROC: 			82.65
AUPR:  			82.55
processing out_dataset: iSUN
sample ood energy scores for iSUN: [0.28619444 0.16634971 0.17372711 0.15465836 0.11898933]
FPR95:			47.64
AUROC: 			92.26
AUPR:  			94.28
processing out_dataset: dtd
sample ood energy scores for dtd: [0.39371032 0.49882716 0.68436509 0.56693655 1.13884091]
FPR95:			85.55
AUROC: 			67.46
AUPR:  			74.33
processing out_dataset: LSUN
sample ood energy scores for LSUN: [0.09876375 0.08641232 0.20363906 0.09553359 0.22821093]
FPR95:			15.92
AUROC: 			97.14
AUPR:  			97.42
processing out_dataset: LSUN_resize
sample ood energy scores for LSUN_resize: [0.44025016 0.27799085 0.27555838 0.23046991 0.27557623]
FPR95:			43.51
AUROC: 			92.85
AUPR:  			94.18
AVG
FPR95:			56.60
AUROC: 			86.05
AUPR:  			88.36
---------- Processing OOD Finished ----------
