evaluation parameter: Namespace(p=None, ash_p=None, threshold=1.0, epoch='100', scale_threshold=0.1, ood_scale_type='median', ood_eval_type='adaptive', ood_eval_method='ReAct', embedding_dim=512, in_dataset='ImageNet-1K', ood_loc='datasets/ood-imagenet/', out_dataset='iSUN-dummy', id_loc='datasets/in-imagenet/val', batch_size=64, checkpoint='model', normalize=False, num_classes=1000, model='mobilenetv2_imagenet', noise=0.0015, temp=1.0, score='energy', device=device(type='mps'), ckpt='/Users/abidhassan/Desktop/adapt/experiments/checkpoints/mobilenetv2_imagenet/ImageNet-1K/model.pt', info='/Users/abidhassan/Desktop/adapt/experiments/checkpoints/mobilenetv2_imagenet/ImageNet-1K/model_feature_stats.npy')
setting up model: mobilenetv2_imagenet
Number of model parameters: 3504872
loading existing model:/Users/abidhassan/Desktop/adapt/experiments/checkpoints/mobilenetv2_imagenet/ImageNet-1K/model.pt
---------- Processing ID Starts ------------
sample id energy scores for ImageNet-1K: [0.36869699 0.45233169 0.29916388 0.50380492 0.64991814]
---------- Processing ID Finished ----------
---------- Processing OOD Starts ------------
processing out_dataset: SUN
sample ood energy scores for SUN: [0.27567455 0.29729807 0.20407476 0.21378879 0.37249988]
FPR95:			50.96
AUROC: 			89.62
AUPR:  			97.62
processing out_dataset: Places
sample ood energy scores for Places: [0.22570431 0.31264693 0.27237806 0.31168458 0.22239484]
FPR95:			59.73
AUROC: 			86.80
AUPR:  			96.82
processing out_dataset: imagenet_dtd
sample ood energy scores for imagenet_dtd: [0.30177334 0.28417557 0.26924321 0.30293483 0.38650611]
FPR95:			71.45
AUROC: 			82.57
AUPR:  			97.55
processing out_dataset: iNaturalist
sample ood energy scores for iNaturalist: [0.20336857 0.34230137 0.28724611 0.35788891 0.24335565]
FPR95:			63.14
AUROC: 			86.49
AUPR:  			97.01
AVG
FPR95:			61.32
AUROC: 			86.37
AUPR:  			97.25
---------- Processing OOD Finished ----------
