evaluation parameter: Namespace(p=None, ash_p=85, threshold=None, epoch='100', scale_threshold=3.0, ood_scale_type='std', ood_eval_type='adaptive', ood_eval_method='ASH', embedding_dim=512, in_dataset='CIFAR-100', ood_loc='datasets/ood/', out_dataset='iSUN-dummy', id_loc='datasets/in/', batch_size=64, checkpoint='model', normalize=False, num_classes=100, model='resnet18', noise=0.0015, temp=1.0, score='energy', device=device(type='mps'), ckpt='/Users/abidhassan/Desktop/adapt/experiments/checkpoints/resnet18/CIFAR-100/model.pt', info='/Users/abidhassan/Desktop/adapt/experiments/checkpoints/resnet18/CIFAR-100/model_feature_stats.npy')
setting up model: resnet18
Number of model parameters: 11220132
loading existing model:/Users/abidhassan/Desktop/adapt/experiments/checkpoints/resnet18/CIFAR-100/model.pt
---------- Processing ID Starts ------------
sample id energy scores for CIFAR-100: [33.94176102 45.55550003 39.58580399 52.0561142  28.986763  ]
---------- Processing ID Finished ----------
---------- Processing OOD Starts ------------
processing out_dataset: SVHN
sample ood energy scores for SVHN: [16.05083275 15.55454063 11.83312321 19.38529778 18.02768326]
FPR95:			12.04
AUROC: 			97.80
AUPR:  			98.01
processing out_dataset: places365
sample ood energy scores for places365: [57.84135056 24.45020866 31.009161   48.57723618 29.54377174]
FPR95:			85.80
AUROC: 			70.72
AUPR:  			71.22
processing out_dataset: iSUN
sample ood energy scores for iSUN: [20.73430634 29.82686043 23.8145752  20.28428268 25.47301483]
FPR95:			53.25
AUROC: 			88.86
AUPR:  			90.80
processing out_dataset: dtd
sample ood energy scores for dtd: [ 6.45513773  9.97731495 10.04925919  9.16916275  7.30669594]
FPR95:			33.42
AUROC: 			92.68
AUPR:  			95.56
processing out_dataset: LSUN
sample ood energy scores for LSUN: [22.46883583 16.89151001 15.91333866 16.85170174 11.41128349]
FPR95:			10.29
AUROC: 			98.10
AUPR:  			98.17
processing out_dataset: LSUN_resize
sample ood energy scores for LSUN_resize: [13.54226017 29.88294792 38.26224518 31.22643852 20.41349792]
FPR95:			53.67
AUROC: 			88.80
AUPR:  			89.97
AVG
FPR95:			41.41
AUROC: 			89.49
AUPR:  			90.62
---------- Processing OOD Finished ----------
