evaluation parameter: Namespace(p=90, ash_p=None, threshold=None, epoch='100', scale_threshold=5.0, ood_scale_type='entropy', ood_eval_type='adaptive', ood_eval_method='DICE', embedding_dim=512, in_dataset='CIFAR-100', ood_loc='datasets/ood/', out_dataset='iSUN-dummy', id_loc='datasets/in/', batch_size=64, checkpoint='model', normalize=False, num_classes=100, model='densenet101', noise=0.0015, temp=1.0, score='energy', device=device(type='mps'), ckpt='/Users/abidhassan/Desktop/adapt/experiments/checkpoints/densenet101/CIFAR-100/model.pt', info=array([0.12872495, 0.29087305, 0.13299925, 0.10665895, 0.27479703,
       0.314716  , 0.38019225, 0.40737684, 0.09932355, 0.11548187,
       0.43938503, 0.05241348, 0.29059996, 0.06288827, 0.05177651,
       0.40907221, 0.32983905, 0.60342084, 0.47629211, 0.12778802,
       0.43601125, 0.27984359, 0.06266409, 0.41504608, 0.05113362,
       0.10402519, 0.10366841, 0.22400676, 0.06133808, 0.19342472,
       0.12342137, 0.11137744, 0.29557673, 0.47858505, 0.38397369,
       0.40777903, 0.11782647, 0.16377177, 0.09997568, 0.38515746,
       0.08972728, 0.10322778, 0.42357882, 0.44049138, 0.09906799,
       0.37018084, 0.05007613, 0.04807625, 0.22802488, 0.469897  ,
       0.18911113, 0.2416135 , 0.39249399, 0.52602793, 0.07458889,
       0.20444553, 0.06139406, 0.21041326, 0.48916348, 0.40649738,
       0.19262645, 0.29969653, 0.49410051, 0.05991279, 0.2056879 ,
       0.06831009, 0.44403005, 0.52327867, 0.2691394 , 0.32124342,
       0.22326067, 0.03702428, 0.11016935, 0.29823471, 0.26619415,
       0.00254808, 0.13717159, 0.13089131, 0.38931655, 0.15540388,
       0.10367238, 0.04999552, 0.25120943, 0.2379029 , 0.01468596,
       0.19817425, 0.07736021, 0.07372661, 0.09283175, 0.01216627,
       0.14286371, 0.45418004, 0.15319678, 0.06087088, 0.04019333,
       0.08276671, 0.38504198, 0.29145917, 0.41539357, 0.11339379,
       0.18773513, 0.19479128, 0.03810193, 0.33227369, 0.22937613,
       0.4218082 , 0.18707761, 0.15932906, 0.03774273, 0.27817361,
       0.06629861, 0.30750152, 0.2007607 , 0.58568877, 0.25490358,
       0.17170514, 0.166537  , 0.03450031, 0.39359074, 0.2596724 ,
       0.40116099, 0.06107333, 0.09934556, 0.46484201, 0.26726111,
       0.11393477, 0.04967027, 0.35107819, 0.34181692, 0.08023059,
       0.50048552, 0.1261906 , 0.07945631, 0.15871835, 0.31090852,
       0.46441892, 0.06468173, 0.09411858, 0.37920558, 0.24695995,
       0.10986611, 0.08942204, 0.30429589, 0.38792114, 0.27692303,
       0.03336549, 0.3550012 , 0.31680179, 0.02791464, 0.15196008,
       0.16932592, 0.35833982, 0.00702897, 0.02073122, 0.02173595,
       0.09122024, 0.00983687, 0.03667568, 0.04323371, 0.32751573,
       0.09837038, 0.43459648, 0.11419313, 0.12719283, 0.02347986,
       0.06857185, 0.12371255, 0.32601526, 0.00963304, 0.01178184,
       0.31749025, 0.2083302 , 0.44046031, 0.46780244, 0.0229415 ,
       0.57050755, 0.01540254, 0.09284053, 0.28557976, 0.52073443,
       0.44864613, 0.55178339, 0.458866  , 0.13964713, 0.07804217,
       0.03253091, 0.37904848, 0.10455065, 0.14965527, 0.20313645,
       0.58703541, 0.50524036, 0.04392824, 0.54845242, 0.54015829,
       0.04871677, 0.26731826, 0.13957597, 0.49443633, 0.35736589,
       0.61455502, 0.3250527 , 0.56600068, 0.3177337 , 0.01715711,
       0.23765883, 0.30665892, 0.70934828, 0.25740479, 0.03279861,
       0.46481388, 0.59665933, 0.45777095, 0.41815221, 0.11587491,
       0.09582592, 0.60040598, 0.12254173, 0.15344549, 0.54774654,
       0.58528291, 0.05930575, 0.30434459, 0.02598759, 0.24712757,
       0.60074736, 0.01943422, 0.04337225, 0.5363464 , 0.12847944,
       0.54171208, 0.2057359 , 0.49373333, 0.12144548, 0.57233026,
       0.37344039, 0.62664018, 0.03405102, 0.60909432, 0.65448784,
       0.58268159, 0.55320828, 0.5417457 , 0.26426151, 0.51628994,
       0.56968787, 0.75081807, 0.51582081, 0.52338829, 0.71874857,
       0.49512569, 0.33805863, 0.51652566, 0.37496468, 0.65378029,
       0.58443456, 0.37077776, 0.5275389 , 0.58500947, 0.64447408,
       0.47635888, 0.04745979, 0.62642799, 0.58292349, 0.49674126,
       0.12228413, 0.55015727, 0.57394624, 0.48532631, 0.29079831,
       0.52781212, 0.58204795, 0.63471099, 0.60513227, 0.44609274,
       0.65955402, 0.74443217, 0.07176524, 0.42466359, 0.50220883,
       0.46166826, 0.41508895, 0.548171  , 0.62116058, 0.54211785,
       0.68220953, 0.70446669, 0.54999283, 0.25588335, 0.45190401,
       0.51322301, 0.60144123, 0.72860169, 0.48459763, 0.62197104,
       0.82246307, 0.57967323, 0.6459866 , 0.62739955, 0.53208528,
       0.51052897, 0.58371995, 0.55679352, 0.49749607, 0.40425393,
       0.5856129 , 0.60445158, 0.25316883, 0.57331381, 0.60139106,
       0.371432  , 0.77984583, 0.71259963, 0.64173017, 0.08561471,
       0.42592183, 0.40335107, 0.81164151, 0.61995207, 0.58708345,
       0.63229885, 0.63992509, 0.59582476, 0.61951729, 0.65743426,
       0.50586833, 0.32055026, 0.67098751, 0.50398396, 0.60207207,
       0.55848629, 0.54158171, 0.51889364, 0.67351907, 0.70195793,
       0.74607205, 0.44123294, 0.66477689, 0.56871502, 0.7034334 ,
       0.37371753, 0.55707609]))
setting up model: densenet101
Number of model parameters: 800032
loading existing model:/Users/abidhassan/Desktop/adapt/experiments/checkpoints/densenet101/CIFAR-100/model.pt
---------- Processing ID Starts ------------
sample id energy scores for CIFAR-100: [4.56154108 4.34808969 5.74266672 5.13028336 4.7744689 ]
---------- Processing ID Finished ----------
---------- Processing OOD Starts ------------
processing out_dataset: SVHN
sample ood energy scores for SVHN: [3.76599646 3.47072339 4.5434885  3.53911734 3.71151948]
FPR95:			25.98
AUROC: 			95.41
AUPR:  			95.90
processing out_dataset: places365
sample ood energy scores for places365: [7.59057426 4.86119604 4.77211809 3.79365635 3.84566474]
FPR95:			79.38
AUROC: 			77.04
AUPR:  			77.68
processing out_dataset: iSUN
sample ood energy scores for iSUN: [4.65985107 3.29707789 3.48962259 3.43163037 3.30482602]
FPR95:			37.18
AUROC: 			92.38
AUPR:  			93.43
processing out_dataset: dtd
sample ood energy scores for dtd: [4.0757308  2.83049655 3.36799932 2.95546317 7.44002962]
FPR95:			56.77
AUROC: 			77.17
AUPR:  			78.47
processing out_dataset: LSUN
sample ood energy scores for LSUN: [3.14075541 3.49671602 1.85658169 3.40418863 3.087147  ]
FPR95:			0.80
AUROC: 			99.75
AUPR:  			99.70
processing out_dataset: LSUN_resize
sample ood energy scores for LSUN_resize: [3.61288834 4.03043604 4.864779   4.84540653 3.92895484]
FPR95:			33.23
AUROC: 			93.48
AUPR:  			93.88
AVG
FPR95:			38.89
AUROC: 			89.21
AUPR:  			89.84
---------- Processing OOD Finished ----------
