evaluation parameter: Namespace(p=None, ash_p=None, threshold=None, epoch='100', scale_threshold=10.0, ood_scale_type='std', ood_eval_type='adaptive', ood_eval_method='baseline/energy', embedding_dim=512, in_dataset='CIFAR-10', ood_loc='datasets/ood/', out_dataset='iSUN-dummy', id_loc='datasets/in/', batch_size=64, checkpoint='model', normalize=False, num_classes=10, model='densenet101', noise=0.0015, temp=1.0, score='energy', device=device(type='mps'), ckpt='/Users/abidhassan/Desktop/adapt/experiments/checkpoints/densenet101/CIFAR-10/model.pt', info='/Users/abidhassan/Desktop/adapt/experiments/checkpoints/densenet101/CIFAR-10/model_feature_stats.npy')
setting up model: densenet101
Number of model parameters: 769162
loading existing model:/Users/abidhassan/Desktop/adapt/experiments/checkpoints/densenet101/CIFAR-10/model.pt
---------- Processing ID Starts ------------
sample id energy scores for CIFAR-10: [2.65785885 2.61271143 1.90017557 1.09213042 3.04465818]
---------- Processing ID Finished ----------
---------- Processing OOD Starts ------------
processing out_dataset: SVHN
sample ood energy scores for SVHN: [0.28540221 0.29565704 0.89209318 0.41161153 0.75176334]
FPR95:			10.75
AUROC: 			98.17
AUPR:  			98.38
processing out_dataset: places365
sample ood energy scores for places365: [1.10154891 1.08762193 0.48964447 0.46361309 0.88763779]
FPR95:			31.61
AUROC: 			93.29
AUPR:  			93.06
processing out_dataset: iSUN
sample ood energy scores for iSUN: [0.41184908 0.3459067  0.42719686 0.32189649 0.40381709]
FPR95:			1.55
AUROC: 			99.49
AUPR:  			99.60
processing out_dataset: dtd
sample ood energy scores for dtd: [0.27492622 0.22734159 0.16593345 0.26349247 0.3461628 ]
FPR95:			17.55
AUROC: 			96.54
AUPR:  			97.95
processing out_dataset: LSUN
sample ood energy scores for LSUN: [0.31674466 0.37072465 0.17888927 0.66780347 0.6268962 ]
FPR95:			0.31
AUROC: 			99.89
AUPR:  			99.90
processing out_dataset: LSUN_resize
sample ood energy scores for LSUN_resize: [0.48529282 0.55731827 0.5458917  1.00516677 0.41315082]
FPR95:			1.89
AUROC: 			99.46
AUPR:  			99.53
AVG
FPR95:			10.61
AUROC: 			97.81
AUPR:  			98.07
---------- Processing OOD Finished ----------
