evaluation parameter: Namespace(p=None, ash_p=None, threshold=None, epoch='100', scale_threshold=3.0, ood_scale_type='max', ood_eval_type='adaptive', ood_eval_method='baseline/energy', embedding_dim=512, in_dataset='ImageNet-1K', ood_loc='datasets/ood-imagenet/', out_dataset='iSUN-dummy', id_loc='datasets/in-imagenet/val', batch_size=64, checkpoint='model', normalize=False, num_classes=1000, model='mobilenetv2_imagenet', noise=0.0015, temp=1.0, score='energy', device=device(type='mps'), ckpt='/Users/abidhassan/Desktop/adapt/experiments/checkpoints/mobilenetv2_imagenet/ImageNet-1K/model.pt', info='/Users/abidhassan/Desktop/adapt/experiments/checkpoints/mobilenetv2_imagenet/ImageNet-1K/model_feature_stats.npy')
setting up model: mobilenetv2_imagenet
Number of model parameters: 3504872
loading existing model:/Users/abidhassan/Desktop/adapt/experiments/checkpoints/mobilenetv2_imagenet/ImageNet-1K/model.pt
---------- Processing ID Starts ------------
sample id energy scores for ImageNet-1K: [27.73645782 35.06796265 22.78828812 52.91670609 52.61823654]
---------- Processing ID Finished ----------
---------- Processing OOD Starts ------------
processing out_dataset: SUN
sample ood energy scores for SUN: [18.5223732  18.03979301 17.55972481 12.1297102  18.61447144]
FPR95:			37.20
AUROC: 			91.38
AUPR:  			97.87
processing out_dataset: Places
sample ood energy scores for Places: [19.3112812  26.3100338  15.07440186 23.19129372 16.4745903 ]
FPR95:			51.96
AUROC: 			86.99
AUPR:  			96.73
processing out_dataset: imagenet_dtd
sample ood energy scores for imagenet_dtd: [ 8.91815186  7.59719086  8.10785961  8.31567764 12.33677959]
FPR95:			14.34
AUROC: 			96.27
AUPR:  			99.44
processing out_dataset: iNaturalist
sample ood energy scores for iNaturalist: [10.05994511 20.77952957 20.31457329 21.82993126 12.22421646]
FPR95:			28.75
AUROC: 			94.67
AUPR:  			98.85
AVG
FPR95:			33.06
AUROC: 			92.33
AUPR:  			98.22
---------- Processing OOD Finished ----------
