evaluation parameter: Namespace(p=75, ash_p=None, threshold=None, epoch='100', scale_threshold=0.05, ood_scale_type='avg', ood_eval_type='adaptive', ood_eval_method='DICE', embedding_dim=512, in_dataset='CIFAR-100', ood_loc='datasets/ood/', out_dataset='iSUN-dummy', id_loc='datasets/in/', batch_size=64, checkpoint='model', normalize=False, num_classes=100, model='resnet18', noise=0.0015, temp=1.0, score='energy', device=device(type='mps'), ckpt='/Users/abidhassan/Desktop/adapt/experiments/checkpoints/resnet18/CIFAR-100/model.pt', info=array([0.29279817, 0.36657878, 0.42308072, 0.37017325, 0.35523308,
       0.37463094, 0.34304534, 0.32359926, 0.28719064, 0.33227136,
       0.32302469, 0.36935235, 0.39444452, 0.40244563, 0.43342833,
       0.28535076, 0.29855935, 0.36377205, 0.29249137, 0.34578791,
       0.37400822, 0.39657265, 0.35973668, 0.44083607, 0.37704176,
       0.37179871, 0.39167114, 0.49840027, 0.24251683, 0.3923785 ,
       0.47946874, 0.23787099, 0.40446667, 0.36722942, 0.40603434,
       0.37658685, 0.36264641, 0.30429236, 0.33969917, 0.26799216,
       0.34718628, 0.34410139, 0.42388015, 0.33849717, 0.49338839,
       0.34993085, 0.36787223, 0.29029062, 0.3120945 , 0.37517713,
       0.32504163, 0.2986455 , 0.3856426 , 0.3091809 , 0.42465216,
       0.3890644 , 0.30614648, 0.39661367, 0.34631159, 0.28277606,
       0.2971241 , 0.30713914, 0.38734617, 0.36664867, 0.39588309,
       0.27616706, 0.24969035, 0.31064086, 0.36530246, 0.46998933,
       0.2905799 , 0.2973416 , 0.34870628, 0.32094237, 0.33729139,
       0.39788917, 0.40811196, 0.36755736, 0.43582934, 0.31387259,
       0.44257731, 0.4112835 , 0.36101336, 0.3509787 , 0.36952438,
       0.39234342, 0.36680935, 0.27292188, 0.3434507 , 0.33832069,
       0.37701345, 0.24629776, 0.33940246, 0.3887007 , 0.43789526,
       0.36229421, 0.36017865, 0.39499741, 0.41960325, 0.40243062,
       0.35412381, 0.41522768, 0.3793779 , 0.39765071, 0.24325427,
       0.46089268, 0.33949473, 0.45064987, 0.32020262, 0.37019455,
       0.38706277, 0.33265074, 0.41368467, 0.27052275, 0.39417282,
       0.37243954, 0.2717583 , 0.286561  , 0.32184429, 0.32865438,
       0.4149249 , 0.33208404, 0.31400897, 0.3685076 , 0.3129594 ,
       0.38386063, 0.31172012, 0.4263797 , 0.34761927, 0.4364378 ,
       0.39275718, 0.32967   , 0.45815737, 0.4075847 , 0.33678052,
       0.31445238, 0.31327556, 0.30572548, 0.41578981, 0.32016644,
       0.35040519, 0.36840232, 0.36430519, 0.33027443, 0.34504512,
       0.42555243, 0.39578644, 0.22492561, 0.35024708, 0.26536676,
       0.26982543, 0.28455908, 0.35175555, 0.37924671, 0.4501883 ,
       0.39594196, 0.32003904, 0.39497819, 0.32625577, 0.45213504,
       0.32179017, 0.38460294, 0.34579073, 0.30122077, 0.3639535 ,
       0.30916309, 0.41087024, 0.39604499, 0.39301797, 0.39928929,
       0.41385422, 0.3366305 , 0.35040948, 0.44615316, 0.33595043,
       0.30984751, 0.30199798, 0.30901037, 0.42260248, 0.32192283,
       0.37051612, 0.34034616, 0.31690932, 0.41844257, 0.49311806,
       0.2711174 , 0.32860906, 0.3787535 , 0.34311173, 0.34827401,
       0.36556016, 0.41324957, 0.43933021, 0.3048939 , 0.34979866,
       0.32335388, 0.32994405, 0.3450656 , 0.32558004, 0.34022865,
       0.34283773, 0.359162  , 0.39746571, 0.30170954, 0.36230677,
       0.38933729, 0.38230918, 0.30292461, 0.40910303, 0.39943375,
       0.36521228, 0.29463804, 0.26514658, 0.34657533, 0.38638408,
       0.31403371, 0.43090375, 0.36006559, 0.34257539, 0.33557261,
       0.37657874, 0.26613865, 0.3495529 , 0.39086548, 0.29947298,
       0.40381371, 0.39951845, 0.37406057, 0.34166153, 0.37450567,
       0.37045522, 0.24492195, 0.33821677, 0.34612406, 0.31199547,
       0.33862844, 0.28720811, 0.38580946, 0.48212113, 0.29894224,
       0.32584942, 0.34289183, 0.41662868, 0.36352565, 0.32032262,
       0.34429481, 0.28999404, 0.29892352, 0.34390535, 0.38383861,
       0.35133546, 0.35076155, 0.34939313, 0.31962325, 0.32136674,
       0.29818236, 0.44122373, 0.34069321, 0.37975693, 0.40308877,
       0.39677255, 0.25924427, 0.350282  , 0.37089591, 0.4247185 ,
       0.41931494, 0.43271219, 0.35559982, 0.36865038, 0.3028077 ,
       0.42360084, 0.39968297, 0.31587699, 0.39836685, 0.3327945 ,
       0.30638268, 0.31046449, 0.34519797, 0.32164801, 0.34391885,
       0.41462588, 0.28662709, 0.33902443, 0.30198905, 0.39851128,
       0.31298166, 0.37847685, 0.34206331, 0.34140228, 0.41172683,
       0.40500848, 0.43992021, 0.31761713, 0.33446715, 0.33683153,
       0.36753405, 0.39196342, 0.25348641, 0.40533285, 0.37629174,
       0.39294329, 0.37520962, 0.3151596 , 0.36275509, 0.28302879,
       0.47238132, 0.36364618, 0.32692298, 0.4203757 , 0.55479981,
       0.34009288, 0.3799231 , 0.33638676, 0.29715045, 0.29588448,
       0.37732554, 0.39716231, 0.26702527, 0.38947498, 0.26025036,
       0.29281097, 0.40361963, 0.36457577, 0.40518842, 0.39783605,
       0.44187218, 0.27546487, 0.34269098, 0.31506891, 0.33904728,
       0.34525845, 0.31349087, 0.31061897, 0.354125  , 0.42278934,
       0.41566487, 0.30376646, 0.39438944, 0.32350674, 0.38177244,
       0.41812573, 0.3634863 , 0.34358687, 0.28988933, 0.27899013,
       0.44932639, 0.34311186, 0.3879928 , 0.41796352, 0.39220104,
       0.33898162, 0.28017313, 0.45721736, 0.26706124, 0.3896532 ,
       0.28815577, 0.41694033, 0.32099465, 0.37552833, 0.26167973,
       0.3859561 , 0.49917889, 0.3340066 , 0.35047587, 0.34887049,
       0.33364094, 0.33595724, 0.35899172, 0.39842124, 0.34771235,
       0.34904475, 0.40444286, 0.28339121, 0.31597558, 0.34980139,
       0.34393655, 0.33841941, 0.35658459, 0.36940396, 0.34436255,
       0.29934865, 0.3736753 , 0.36189778, 0.35207721, 0.34556173,
       0.33830115, 0.40435606, 0.28682695, 0.39461947, 0.3619437 ,
       0.37092275, 0.30666488, 0.34088225, 0.32552757, 0.3216533 ,
       0.40783119, 0.37258497, 0.36384345, 0.38327638, 0.37041538,
       0.28549768, 0.42875946, 0.39674719, 0.32782676, 0.2855264 ,
       0.37089416, 0.34175372, 0.35710343, 0.41907705, 0.42068383,
       0.34966643, 0.3758134 , 0.4218954 , 0.31762251, 0.39354   ,
       0.43447279, 0.30619676, 0.33504254, 0.34429719, 0.33009759,
       0.42497271, 0.3779836 , 0.33412153, 0.42580943, 0.37162818,
       0.29108319, 0.26037846, 0.45009664, 0.4308478 , 0.41313314,
       0.27437295, 0.39188851, 0.35206694, 0.43313745, 0.32501717,
       0.35012713, 0.34508429, 0.3923337 , 0.28590777, 0.2243835 ,
       0.36558886, 0.41419707, 0.40158757, 0.43593249, 0.42917374,
       0.36536138, 0.3348681 , 0.36574482, 0.38049906, 0.38588376,
       0.35969294, 0.28003634, 0.31789868, 0.35660347, 0.3237675 ,
       0.4298856 , 0.32490668, 0.405583  , 0.32577256, 0.34236587,
       0.34371412, 0.41616491, 0.32757161, 0.5088028 , 0.37632806,
       0.45692303, 0.36788162, 0.36989666, 0.4018458 , 0.33110966,
       0.43861462, 0.30607881, 0.4170789 , 0.40355512, 0.35236341,
       0.35572571, 0.1995379 , 0.42211815, 0.36610018, 0.40095496,
       0.35976164, 0.28611277, 0.34535349, 0.39692662, 0.34126003,
       0.27311437, 0.39872572, 0.36987739, 0.32985128, 0.37088721,
       0.35033176, 0.33310123, 0.33242193, 0.39444938, 0.32942462,
       0.4063628 , 0.50897728, 0.36693576, 0.26792393, 0.43715469,
       0.29467771, 0.29691331, 0.3835425 , 0.36130639, 0.41274248,
       0.34184555, 0.38318082, 0.3092261 , 0.31417299, 0.41199229,
       0.32487901, 0.32349102]))
setting up model: resnet18
Number of model parameters: 11220132
loading existing model:/Users/abidhassan/Desktop/adapt/experiments/checkpoints/resnet18/CIFAR-100/model.pt
---------- Processing ID Starts ------------
sample id energy scores for CIFAR-100: [0.68242508 0.89261675 0.77250254 0.83135486 0.73894519]
---------- Processing ID Finished ----------
---------- Processing OOD Starts ------------
processing out_dataset: SVHN
sample ood energy scores for SVHN: [0.57828403 0.57564861 0.58299601 0.58407897 0.70210606]
FPR95:			18.07
AUROC: 			96.70
AUPR:  			97.02
processing out_dataset: places365
sample ood energy scores for places365: [1.0552727  0.65280092 0.8418836  0.8382293  0.80712891]
FPR95:			85.71
AUROC: 			73.54
AUPR:  			74.73
processing out_dataset: iSUN
sample ood energy scores for iSUN: [0.61727017 0.76374066 0.68286008 0.59524745 0.70335835]
FPR95:			63.43
AUROC: 			87.39
AUPR:  			89.99
processing out_dataset: dtd
sample ood energy scores for dtd: [0.40237534 0.43487719 0.44365469 0.43714809 0.4094595 ]
FPR95:			50.48
AUROC: 			87.32
AUPR:  			92.19
processing out_dataset: LSUN
sample ood energy scores for LSUN: [0.60290837 0.51337868 0.55934513 0.55288947 0.48687628]
FPR95:			7.72
AUROC: 			98.53
AUPR:  			98.54
processing out_dataset: LSUN_resize
sample ood energy scores for LSUN_resize: [0.52528471 0.72467953 0.82111907 0.69894946 0.6264025 ]
FPR95:			63.17
AUROC: 			87.40
AUPR:  			89.11
AVG
FPR95:			48.10
AUROC: 			88.48
AUPR:  			90.26
---------- Processing OOD Finished ----------
