evaluation parameter: Namespace(p=85, ash_p=None, threshold=1.5, epoch='100', scale_threshold=0.3, ood_scale_type='median', ood_eval_type='adaptive', ood_eval_method='ReAct+DICE', embedding_dim=512, in_dataset='CIFAR-100', ood_loc='datasets/ood/', out_dataset='iSUN-dummy', id_loc='datasets/in/', batch_size=64, checkpoint='model', normalize=False, num_classes=100, model='resnet34', noise=0.0015, temp=1.0, score='energy', device=device(type='mps'), ckpt='/Users/abidhassan/Desktop/adapt/experiments/checkpoints/resnet34/CIFAR-100/model.pt', info=array([0.29484959, 0.27377356, 0.49703223, 0.39266986, 0.31416517,
       0.26736673, 0.38208128, 0.31667385, 0.36352998, 0.42257924,
       0.34225941, 0.33671129, 0.29136265, 0.3556959 , 0.37804681,
       0.37450185, 0.35283109, 0.23709428, 0.39692467, 0.29800888,
       0.30897883, 0.27455512, 0.29237295, 0.37393979, 0.41449495,
       0.50646629, 0.30937753, 0.31310224, 0.33611264, 0.3216626 ,
       0.39895189, 0.31352021, 0.31864759, 0.35382575, 0.29147417,
       0.37965918, 0.35947031, 0.42809389, 0.35437271, 0.33745915,
       0.36996837, 0.37348117, 0.42231307, 0.39259656, 0.37175548,
       0.2763756 , 0.45246326, 0.34712397, 0.32870715, 0.38398069,
       0.33895581, 0.3388391 , 0.35618137, 0.38195481, 0.32998943,
       0.38326652, 0.37220255, 0.32192866, 0.41395844, 0.5526715 ,
       0.47884225, 0.38184215, 0.34462641, 0.36645177, 0.34431887,
       0.28917456, 0.29736874, 0.36839915, 0.18439703, 0.3608431 ,
       0.43964627, 0.4525071 , 0.33699744, 0.34855752, 0.4924518 ,
       0.3781464 , 0.39451024, 0.40505609, 0.33087365, 0.34858493,
       0.38876524, 0.41637345, 0.4829688 , 0.35791801, 0.34047088,
       0.34366019, 0.40232683, 0.28489204, 0.35061463, 0.33082421,
       0.3537429 , 0.34253703, 0.35184936, 0.33748573, 0.36733562,
       0.34199434, 0.25047367, 0.29905026, 0.45609197, 0.30862862,
       0.25393387, 0.34447403, 0.35822187, 0.3302195 , 0.29706426,
       0.47607077, 0.41555568, 0.47980005, 0.45990768, 0.31421559,
       0.32309254, 0.36083691, 0.31050062, 0.27117035, 0.39923259,
       0.3262477 , 0.34773622, 0.47048241, 0.27682357, 0.41968925,
       0.39266377, 0.3089107 , 0.32497304, 0.27389798, 0.34827477,
       0.2547504 , 0.38062074, 0.40280279, 0.30411935, 0.40396208,
       0.24542134, 0.37423079, 0.43007054, 0.26811126, 0.40560772,
       0.33391258, 0.39227548, 0.37635651, 0.35676662, 0.25860554,
       0.31674673, 0.35198923, 0.32249582, 0.33269448, 0.42900924,
       0.39387622, 0.32255303, 0.33859018, 0.38739909, 0.41857806,
       0.44824698, 0.2655426 , 0.33336876, 0.34105214, 0.24902859,
       0.40446429, 0.42604082, 0.36406975, 0.3104202 , 0.38313658,
       0.39481062, 0.28589973, 0.33138452, 0.41371323, 0.32646295,
       0.36393023, 0.31900331, 0.31753002, 0.28172824, 0.42978265,
       0.29124499, 0.36234582, 0.36590555, 0.36439714, 0.42248291,
       0.34861806, 0.39771226, 0.3546544 , 0.44247234, 0.46058545,
       0.31403766, 0.39905415, 0.35803901, 0.41093873, 0.45497501,
       0.35128371, 0.33113647, 0.31879461, 0.30855414, 0.40164176,
       0.33539539, 0.32377204, 0.35982857, 0.4263183 , 0.25476625,
       0.28960413, 0.46329071, 0.4029209 , 0.32068922, 0.33445356,
       0.41714341, 0.358995  , 0.41911445, 0.4244011 , 0.43877224,
       0.38973412, 0.40872404, 0.43685338, 0.32957411, 0.40890848,
       0.4124827 , 0.32030104, 0.43463731, 0.48838716, 0.36592438,
       0.39635878, 0.39471018, 0.4362318 , 0.37083694, 0.24764957,
       0.34731329, 0.33240087, 0.40658888, 0.33945553, 0.22837986,
       0.31877323, 0.31714311, 0.34332373, 0.3462698 , 0.32525009,
       0.36980586, 0.38089577, 0.37027915, 0.35682329, 0.33321608,
       0.34532321, 0.25638973, 0.36975287, 0.30143238, 0.31609005,
       0.3147068 , 0.44501263, 0.37543918, 0.32587905, 0.29528581,
       0.31724528, 0.31677271, 0.45591061, 0.34709213, 0.4330508 ,
       0.36346717, 0.29182266, 0.38184653, 0.39590454, 0.2934162 ,
       0.36267491, 0.26285026, 0.26655966, 0.59716912, 0.43216942,
       0.28277465, 0.32589879, 0.41249361, 0.34821696, 0.42267517,
       0.27155796, 0.34802364, 0.37382004, 0.29252077, 0.38811401,
       0.3863656 , 0.40692355, 0.34840696, 0.33273591, 0.25669156,
       0.24844127, 0.39155591, 0.40720487, 0.32092827, 0.37944188,
       0.22241679, 0.30063916, 0.26099065, 0.26581082, 0.34636066,
       0.31010602, 0.41833867, 0.3577537 , 0.37774485, 0.30460316,
       0.35423615, 0.41800305, 0.50662398, 0.35661705, 0.36223098,
       0.27791017, 0.26274261, 0.37822243, 0.35122326, 0.34784191,
       0.42749622, 0.3818342 , 0.29771983, 0.36654262, 0.33380855,
       0.50197813, 0.26567946, 0.28409245, 0.36380373, 0.33593549,
       0.24308026, 0.25818522, 0.31293532, 0.33850335, 0.44790026,
       0.35959987, 0.34723259, 0.35871984, 0.28496161, 0.36138803,
       0.27609052, 0.33073802, 0.42214408, 0.3070904 , 0.37591109,
       0.27214762, 0.41769839, 0.38276855, 0.37051037, 0.37400038,
       0.38671851, 0.28342835, 0.34317348, 0.41706251, 0.29614867,
       0.30768649, 0.37936325, 0.45990013, 0.33044833, 0.33916739,
       0.32552876, 0.33772446, 0.32446148, 0.35645054, 0.24754774,
       0.32018482, 0.37822772, 0.30249234, 0.36303142, 0.36256657,
       0.38673344, 0.34282433, 0.34587351, 0.34685393, 0.40403493,
       0.32071473, 0.31495051, 0.40780886, 0.32219315, 0.40363393,
       0.45777231, 0.3654416 , 0.29402379, 0.29627969, 0.38497571,
       0.3706661 , 0.30480844, 0.32577919, 0.32298533, 0.27784111,
       0.42485139, 0.46189585, 0.41799456, 0.40943594, 0.24458138,
       0.27318607, 0.29417985, 0.23154191, 0.34998858, 0.32279092,
       0.27413081, 0.43067562, 0.44011759, 0.36826112, 0.3492435 ,
       0.39284847, 0.26030238, 0.34167491, 0.32973131, 0.34147312,
       0.40348309, 0.4398667 , 0.28989166, 0.24188488, 0.35161738,
       0.3371563 , 0.40517825, 0.47763061, 0.33305237, 0.3403279 ,
       0.31436353, 0.36430108, 0.40598843, 0.25373034, 0.30433578,
       0.38072179, 0.30807827, 0.44738343, 0.33931575, 0.48479596,
       0.41709743, 0.37523389, 0.26586178, 0.28013815, 0.40677685,
       0.39845091, 0.30064232, 0.25493222, 0.44465435, 0.37869408,
       0.42308317, 0.3704175 , 0.3147768 , 0.36703155, 0.3028894 ,
       0.32919915, 0.43874806, 0.32257266, 0.32121949, 0.30433522,
       0.29738293, 0.35944526, 0.38175853, 0.25765557, 0.28957964,
       0.37889357, 0.23844292, 0.43447196, 0.30764954, 0.35760895,
       0.35688384, 0.3682861 , 0.35075903, 0.32640613, 0.34390989,
       0.31924281, 0.30756366, 0.30943273, 0.37187553, 0.46587387,
       0.30752495, 0.23662004, 0.35691906, 0.26805126, 0.42622159,
       0.35826347, 0.23755918, 0.37428069, 0.40145373, 0.39390031,
       0.38606247, 0.41711803, 0.34152134, 0.30197926, 0.33791703,
       0.41644082, 0.32280838, 0.35964687, 0.26874894, 0.35051869,
       0.35602762, 0.38615299, 0.31230556, 0.39575045, 0.3059686 ,
       0.3107495 , 0.41274844, 0.3736013 , 0.31716416, 0.42804902,
       0.4115174 , 0.35508805, 0.31958357, 0.35361016, 0.38015461,
       0.3904766 , 0.37192883, 0.38472422, 0.32540589, 0.32851389,
       0.35422741, 0.35147073, 0.31506058, 0.39508424, 0.36369347,
       0.36064166, 0.421591  , 0.42091422, 0.39018943, 0.38268213,
       0.34192381, 0.4410263 , 0.39202635, 0.35547975, 0.33600405,
       0.41827065, 0.36057304, 0.30487132, 0.40963371, 0.43379319,
       0.3260461 , 0.47480497]))
setting up model: resnet34
Number of model parameters: 21328292
loading existing model:/Users/abidhassan/Desktop/adapt/experiments/checkpoints/resnet34/CIFAR-100/model.pt
---------- Processing ID Starts ------------
sample id energy scores for CIFAR-100: [0.87164581 0.92449147 1.1699177  1.34444141 0.80535364]
---------- Processing ID Finished ----------
---------- Processing OOD Starts ------------
processing out_dataset: SVHN
sample ood energy scores for SVHN: [1.51354647 0.96982306 1.0037812  0.78584635 1.25758815]
FPR95:			88.45
AUROC: 			75.59
AUPR:  			78.22
processing out_dataset: places365
sample ood energy scores for places365: [1.18616605 1.17018616 1.5505414  1.13505578 1.40284705]
FPR95:			90.47
AUROC: 			59.67
AUPR:  			59.43
processing out_dataset: iSUN
sample ood energy scores for iSUN: [0.94708163 1.29037285 1.36691344 1.23045838 1.1160742 ]
FPR95:			96.75
AUROC: 			47.18
AUPR:  			53.55
processing out_dataset: dtd
sample ood energy scores for dtd: [0.80488747 0.54772711 0.79765266 0.64538908 0.68556881]
FPR95:			92.23
AUROC: 			57.70
AUPR:  			69.86
processing out_dataset: LSUN
sample ood energy scores for LSUN: [0.76869851 0.80850303 0.98209196 0.96750402 0.76034868]
FPR95:			83.82
AUROC: 			69.61
AUPR:  			69.40
processing out_dataset: LSUN_resize
sample ood energy scores for LSUN_resize: [1.35421085 1.48959517 1.02849329 1.25029767 1.11458719]
FPR95:			97.59
AUROC: 			45.52
AUPR:  			49.24
AVG
FPR95:			91.55
AUROC: 			59.21
AUPR:  			63.28
---------- Processing OOD Finished ----------
