evaluation parameter: Namespace(p=None, ash_p=None, threshold=None, epoch='100', scale_threshold=0.1, ood_scale_type='median', ood_eval_type='adaptive', ood_eval_method='baseline/msp', embedding_dim=512, in_dataset='ImageNet-1K', ood_loc='datasets/ood-imagenet/', out_dataset='iSUN-dummy', id_loc='datasets/in-imagenet/val', batch_size=64, checkpoint='model', normalize=False, num_classes=1000, model='resnet_imagenet50', noise=0.0015, temp=1.0, score='msp', device=device(type='mps'), ckpt='/Users/abidhassan/Desktop/adapt/experiments/checkpoints/resnet_imagenet50/ImageNet-1K/model.pt', info='/Users/abidhassan/Desktop/adapt/experiments/checkpoints/resnet_imagenet50/ImageNet-1K/model_feature_stats.npy')
setting up model: resnet_imagenet50
Number of model parameters: 25557032
loading existing model:/Users/abidhassan/Desktop/adapt/experiments/checkpoints/resnet_imagenet50/ImageNet-1K/model.pt
---------- Processing ID Starts ------------
sample id msp scores for ImageNet-1K: [0.02944508 0.05230352 0.04623187 0.0453411  0.06035732]
---------- Processing ID Finished ----------
---------- Processing OOD Starts ------------
processing out_dataset: SUN
sample ood msp scores for SUN: [0.01028344 0.01584083 0.00456853 0.00180989 0.01608263]
FPR95:			56.81
AUROC: 			87.75
AUPR:  			97.19
processing out_dataset: Places
sample ood msp scores for Places: [0.02218469 0.03327109 0.02724756 0.027399   0.01005947]
FPR95:			61.54
AUROC: 			86.24
AUPR:  			96.82
processing out_dataset: imagenet_dtd
sample ood msp scores for imagenet_dtd: [0.00667846 0.02271889 0.02824417 0.01924565 0.03871018]
FPR95:			61.01
AUROC: 			82.68
AUPR:  			97.37
processing out_dataset: iNaturalist
sample ood msp scores for iNaturalist: [0.00844503 0.01765067 0.00811718 0.00417272 0.01185179]
FPR95:			42.24
AUROC: 			91.76
AUPR:  			98.19
AVG
FPR95:			55.40
AUROC: 			87.11
AUPR:  			97.39
---------- Processing OOD Finished ----------
