evaluation parameter: Namespace(p=None, ash_p=None, threshold=None, epoch='100', scale_threshold=None, ood_scale_type='avg', ood_eval_type='standard', ood_eval_method='baseline/energy', embedding_dim=512, in_dataset='CIFAR-10', ood_loc='datasets/ood/', out_dataset='iSUN-dummy', id_loc='datasets/in/', batch_size=64, checkpoint='model', normalize=False, num_classes=10, model='densenet101', noise=0.0015, temp=1.0, score='energy', device=device(type='mps'), ckpt='/Users/abidhassan/Desktop/adapt/experiments/checkpoints/densenet101/CIFAR-10/model.pt', info='/Users/abidhassan/Desktop/adapt/experiments/checkpoints/densenet101/CIFAR-10/model_feature_stats.npy')
setting up model: densenet101
Number of model parameters: 769162
loading existing model:/Users/abidhassan/Desktop/adapt/experiments/checkpoints/densenet101/CIFAR-10/model.pt
---------- Processing ID Starts ------------
sample id energy scores for CIFAR-10: [21.64344215 26.30460739 15.08272648 12.0004406  17.61116219]
---------- Processing ID Finished ----------
---------- Processing OOD Starts ------------
processing out_dataset: SVHN
sample ood energy scores for SVHN: [ 9.20183372  7.40304279 10.73070717  5.92627716  9.54005814]
FPR95:			33.71
AUROC: 			94.99
AUPR:  			96.18
processing out_dataset: places365
sample ood energy scores for places365: [ 9.68883038 10.89784908  7.35312939  4.90202045  7.90941143]
FPR95:			40.69
AUROC: 			91.50
AUPR:  			91.48
processing out_dataset: iSUN
sample ood energy scores for iSUN: [9.4794817  7.01536703 4.41744041 5.43262053 4.89065695]
FPR95:			14.68
AUROC: 			97.41
AUPR:  			98.15
processing out_dataset: dtd
sample ood energy scores for dtd: [10.04083347 11.30955505 13.53326702 12.8540411  17.10085869]
FPR95:			59.61
AUROC: 			85.41
AUPR:  			89.18
processing out_dataset: LSUN
sample ood energy scores for LSUN: [4.18423939 5.01262569 6.44626999 5.51306629 6.76120663]
FPR95:			8.13
AUROC: 			98.43
AUPR:  			98.67
processing out_dataset: LSUN_resize
sample ood energy scores for LSUN_resize: [9.56102276 6.84601927 7.99974155 5.79424763 6.33926296]
FPR95:			13.95
AUROC: 			97.48
AUPR:  			97.99
AVG
FPR95:			28.46
AUROC: 			94.20
AUPR:  			95.28
---------- Processing OOD Finished ----------
